s6-rc: info: service s6rc-oneshot-runner: starting
s6-rc: info: service s6rc-oneshot-runner successfully started
s6-rc: info: service fix-attrs: starting
s6-rc: info: service fix-attrs successfully started
s6-rc: info: service legacy-cont-init: starting
s6-rc: info: service legacy-cont-init successfully started
s6-rc: info: service legacy-services: starting
services-up: info: copying legacy longrun home-assistant (no readiness notification)
s6-rc: info: service legacy-services successfully started
2026-02-09 06:04:30.439 WARNING (SyncWorker_0) [homeassistant.loader] We found a custom integration dreame_vacuum which has not been tested by Home Assistant. This component might cause stability problems, be sure to disable it if you experience issues with Home Assistant
2026-02-09 06:04:30.444 WARNING (SyncWorker_0) [homeassistant.loader] We found a custom integration ads which has not been tested by Home Assistant. This component might cause stability problems, be sure to disable it if you experience issues with Home Assistant
2026-02-09 06:04:30.444 ERROR (SyncWorker_0) [homeassistant.loader] The custom integration 'ads' does not have a version key in the manifest file and was blocked from loading. See https://developers.home-assistant.io/blog/2021/01/29/custom-integration-changes#versions for more details
2026-02-09 06:04:30.448 WARNING (SyncWorker_0) [homeassistant.loader] We found a custom integration sfml_stats_lite which has not been tested by Home Assistant. This component might cause stability problems, be sure to disable it if you experience issues with Home Assistant
2026-02-09 06:04:30.451 WARNING (SyncWorker_0) [homeassistant.loader] We found a custom integration webuntis which has not been tested by Home Assistant. This component might cause stability problems, be sure to disable it if you experience issues with Home Assistant
2026-02-09 06:04:30.454 WARNING (SyncWorker_0) [homeassistant.loader] We found a custom integration grid_price_monitor which has not been tested by Home Assistant. This component might cause stability problems, be sure to disable it if you experience issues with Home Assistant
2026-02-09 06:04:30.458 WARNING (SyncWorker_0) [homeassistant.loader] We found a custom integration openwb2mqtt which has not been tested by Home Assistant. This component might cause stability problems, be sure to disable it if you experience issues with Home Assistant
2026-02-09 06:04:30.461 WARNING (SyncWorker_0) [homeassistant.loader] We found a custom integration spook which has not been tested by Home Assistant. This component might cause stability problems, be sure to disable it if you experience issues with Home Assistant
2026-02-09 06:04:30.464 WARNING (SyncWorker_0) [homeassistant.loader] We found a custom integration ssh which has not been tested by Home Assistant. This component might cause stability problems, be sure to disable it if you experience issues with Home Assistant
2026-02-09 06:04:30.467 WARNING (SyncWorker_0) [homeassistant.loader] We found a custom integration dreame_mower which has not been tested by Home Assistant. This component might cause stability problems, be sure to disable it if you experience issues with Home Assistant
2026-02-09 06:04:30.470 WARNING (SyncWorker_0) [homeassistant.loader] We found a custom integration energy_meter which has not been tested by Home Assistant. This component might cause stability problems, be sure to disable it if you experience issues with Home Assistant
2026-02-09 06:04:30.473 WARNING (SyncWorker_0) [homeassistant.loader] We found a custom integration ical which has not been tested by Home Assistant. This component might cause stability problems, be sure to disable it if you experience issues with Home Assistant
2026-02-09 06:04:30.476 WARNING (SyncWorker_0) [homeassistant.loader] We found a custom integration kia_uvo which has not been tested by Home Assistant. This component might cause stability problems, be sure to disable it if you experience issues with Home Assistant
2026-02-09 06:04:30.479 WARNING (SyncWorker_0) [homeassistant.loader] We found a custom integration dwd_precipitation_forecast which has not been tested by Home Assistant. This component might cause stability problems, be sure to disable it if you experience issues with Home Assistant
2026-02-09 06:04:30.482 WARNING (SyncWorker_0) [homeassistant.loader] We found a custom integration mobile_alerts which has not been tested by Home Assistant. This component might cause stability problems, be sure to disable it if you experience issues with Home Assistant
2026-02-09 06:04:30.485 WARNING (SyncWorker_0) [homeassistant.loader] We found a custom integration garmin_connect which has not been tested by Home Assistant. This component might cause stability problems, be sure to disable it if you experience issues with Home Assistant
2026-02-09 06:04:30.496 WARNING (SyncWorker_0) [homeassistant.loader] We found a custom integration blitzortung which has not been tested by Home Assistant. This component might cause stability problems, be sure to disable it if you experience issues with Home Assistant
2026-02-09 06:04:30.499 WARNING (SyncWorker_0) [homeassistant.loader] We found a custom integration micro_weather which has not been tested by Home Assistant. This component might cause stability problems, be sure to disable it if you experience issues with Home Assistant
2026-02-09 06:04:30.503 WARNING (SyncWorker_0) [homeassistant.loader] We found a custom integration eventsensor which has not been tested by Home Assistant. This component might cause stability problems, be sure to disable it if you experience issues with Home Assistant
2026-02-09 06:04:30.507 WARNING (SyncWorker_0) [homeassistant.loader] We found a custom integration ml_weather which has not been tested by Home Assistant. This component might cause stability problems, be sure to disable it if you experience issues with Home Assistant
2026-02-09 06:04:30.510 WARNING (SyncWorker_0) [homeassistant.loader] We found a custom integration ha_visualiser which has not been tested by Home Assistant. This component might cause stability problems, be sure to disable it if you experience issues with Home Assistant
2026-02-09 06:04:30.513 WARNING (SyncWorker_0) [homeassistant.loader] We found a custom integration ta_cmi which has not been tested by Home Assistant. This component might cause stability problems, be sure to disable it if you experience issues with Home Assistant
2026-02-09 06:04:30.520 WARNING (SyncWorker_0) [homeassistant.loader] We found a custom integration dahua_vto which has not been tested by Home Assistant. This component might cause stability problems, be sure to disable it if you experience issues with Home Assistant
2026-02-09 06:04:30.528 WARNING (SyncWorker_0) [homeassistant.loader] We found a custom integration scene_presets which has not been tested by Home Assistant. This component might cause stability problems, be sure to disable it if you experience issues with Home Assistant
2026-02-09 06:04:30.536 WARNING (SyncWorker_0) [homeassistant.loader] We found a custom integration material_symbols which has not been tested by Home Assistant. This component might cause stability problems, be sure to disable it if you experience issues with Home Assistant
2026-02-09 06:04:30.540 WARNING (SyncWorker_0) [homeassistant.loader] We found a custom integration scheduler which has not been tested by Home Assistant. This component might cause stability problems, be sure to disable it if you experience issues with Home Assistant
2026-02-09 06:04:30.543 WARNING (SyncWorker_0) [homeassistant.loader] We found a custom integration spook_inverse which has not been tested by Home Assistant. This component might cause stability problems, be sure to disable it if you experience issues with Home Assistant
2026-02-09 06:04:30.546 WARNING (SyncWorker_0) [homeassistant.loader] We found a custom integration esc_easy_sensor_creation which has not been tested by Home Assistant. This component might cause stability problems, be sure to disable it if you experience issues with Home Assistant
2026-02-09 06:04:30.550 WARNING (SyncWorker_0) [homeassistant.loader] We found a custom integration device_tools which has not been tested by Home Assistant. This component might cause stability problems, be sure to disable it if you experience issues with Home Assistant
2026-02-09 06:04:30.553 WARNING (SyncWorker_0) [homeassistant.loader] We found a custom integration hacs which has not been tested by Home Assistant. This component might cause stability problems, be sure to disable it if you experience issues with Home Assistant
2026-02-09 06:04:30.556 WARNING (SyncWorker_0) [homeassistant.loader] We found a custom integration sfml_stats which has not been tested by Home Assistant. This component might cause stability problems, be sure to disable it if you experience issues with Home Assistant
2026-02-09 06:04:30.559 WARNING (SyncWorker_0) [homeassistant.loader] We found a custom integration switch_manager which has not been tested by Home Assistant. This component might cause stability problems, be sure to disable it if you experience issues with Home Assistant
2026-02-09 06:04:30.564 WARNING (SyncWorker_0) [homeassistant.loader] We found a custom integration alarmo which has not been tested by Home Assistant. This component might cause stability problems, be sure to disable it if you experience issues with Home Assistant
2026-02-09 06:04:30.568 WARNING (SyncWorker_0) [homeassistant.loader] We found a custom integration ads_custom which has not been tested by Home Assistant. This component might cause stability problems, be sure to disable it if you experience issues with Home Assistant
2026-02-09 06:04:30.571 WARNING (SyncWorker_0) [homeassistant.loader] We found a custom integration water_monitor which has not been tested by Home Assistant. This component might cause stability problems, be sure to disable it if you experience issues with Home Assistant
2026-02-09 06:04:30.574 WARNING (SyncWorker_0) [homeassistant.loader] We found a custom integration alert2 which has not been tested by Home Assistant. This component might cause stability problems, be sure to disable it if you experience issues with Home Assistant
2026-02-09 06:04:47.024 WARNING (MainThread) [homeassistant.helpers.template] Template variable warning: 'dict object' has no attribute 'cmi' when rendering '{{ value_json.cmi }}'
2026-02-09 06:05:00.879 ERROR (MainThread) [homeassistant.config_entries] Error setting up entry ethereal-reef-322419 for google_assistant
Traceback (most recent call last):
  File "/usr/src/homeassistant/homeassistant/config_entries.py", line 762, in __async_setup_with_context
    result = await component.async_setup_entry(hass, self)
             ^^^^^^^^^^^^^^^^^^^^^^^^^^^^^^^^^^^^^^^^^^^^^
  File "/usr/src/homeassistant/homeassistant/components/google_assistant/__init__.py", line 123, in async_setup_entry
    config: ConfigType = {**hass.data[DOMAIN][DATA_CONFIG]}
                            ~~~~~~~~~^^^^^^^^
KeyError: 'google_assistant'
2026-02-09 06:05:07.845 WARNING (ImportExecutor_0) [py.warnings] /usr/local/lib/python3.13/site-packages/miio/miot_device.py:23: FutureWarning: functools.partial will be a method descriptor in future Python versions; wrap it in enum.member() if you want to preserve the old behavior
  Bool = partial(_str2bool)

2026-02-09T06:05:32+0100 Info: Connected to 192.168.1.55
2026-02-09 06:05:45.786 WARNING (MainThread) [homeassistant.bootstrap] Waiting for integrations to complete setup: {('mqtt', 'e5d1a2c04d708aebc3e0e2802d1e407c'): 380882.167368077, ('rpi_power', 'd1ce0632e6be05826d45730283147f63'): 380885.399252864, ('dreame_vacuum', '01JZDBFHN2CSE6VGQMX1QCAKFN'): 380889.713777253, ('shelly', '01JFZCPWMABWJAFPTRH1VVQACW'): 380890.150022083, ('systemmonitor', '691c277d1879de4c5d3b6eb97563763f'): 380890.392098573, ('ecowitt', '01KAN8AXJ0J2ZHV20R19XAVN0T'): 380892.236812828, ('reolink', '01JA0FBG3SHX0ARN7JTCG5FNB6'): 380894.61044691, ('local_calendar', 'a019d3ea0712c59a4d7a3bc8ff8fd1fb'): 380904.003144504, ('scheduler', '01K26WNB9HD62NC9680MZ5YJHD'): 380904.069605676, ('garmin_connect', '01KENX49EJ9SKWEKCVVT6EW37A'): 380905.101546986, ('sonos', '5af755fac4614b5bdb9d56b7f0d868c1'): 380909.27549886, ('hue', '5715e93362407d9f0cb16874eada7789'): 380909.768992205, ('fritz', '01KCB7F3YY8AZ284YTBVD5SSMN'): 380909.919541505, ('webuntis', '01KBFCBWQTG0V04MS4P37KDG1N'): 380910.239849991, ('min_max', '01K88RPNTS1FHQ04RHFMCSGZGY'): 380910.408216023, ('wiz', '01J2BTVF1NT42A2C3SY3P4C7DP'): 380910.491754044, ('remote_calendar', '01JRHPDCDPBY729WTVQAF7GYH9'): 380910.511128706, ('hacs', '02ec2ddbed5fca769d0e85b75460f608'): 380910.964905403, ('kia_uvo', '01KBA5EKBE7GHHXRQT3989AGE8'): 380912.528369558, ('ads_custom', '01KGWTMBDWCMM0N4QGCACP4NGJ'): 380912.736558312, ('local_todo', 'ad91f51272a86064e64ae4a7e517a311'): 380912.826907847, ('shopping_list', 'e39c34bf24ff8ab9f58219c004a3d37d'): 380912.937657499, ('google_generative_ai_conversation', '01K223A1X4106HJF1AK49CQBV4'): 380921.842366184, ('micro_weather', '01KFTZZQQYXG49RY1DRW5QY3HH'): 380921.852868073, ('caldav', '01JRHPEGQKH84HNZ7AVPZB6XVZ'): 380922.328854537, ('workday', 'e0216eaa8c371d7f4093740a566b343e'): 380922.487638191, ('utility_meter', '01J99CH676KEWGVACSH5MKWC2X'): 380922.569284748, ('utility_meter', '01J99CHZYKD0DPVKXAVVTM9HVK'): 380922.56992752, ('open_meteo', 'fd593e2e9da37860804df6ddf11faf2a'): 380925.430996372, ('wyoming', '01KCS1TS6NWH10BPRMFFN73W6P'): 380925.537064084, ('wyoming', '01KCS3F9NH62B0RG3NMVQ1J2TZ'): 380925.537616616, ('withings', '01KENWNXWKVMAMEJW5ZWYEECVR'): 380925.814045324}
2026-02-09 06:06:09.416 WARNING (MainThread) [homeassistant.helpers.frame] Detected that custom integration 'dreame_vacuum' sets an invalid entity ID: 'button.p50 pro ultra_shortcut_1'. In most cases, entities should not set entity_id, but if they do, it should be a valid entity ID.. This will stop working in Home Assistant 2027.2.0, please create a bug report at https://github.com/Tasshack/dreame-vacuum/issues
2026-02-09 06:06:09.417 WARNING (MainThread) [homeassistant.helpers.frame] Detected that custom integration 'dreame_vacuum' sets an invalid entity ID: 'button.p50 pro ultra_backup_map_1'. In most cases, entities should not set entity_id, but if they do, it should be a valid entity ID.. This will stop working in Home Assistant 2027.2.0, please create a bug report at https://github.com/Tasshack/dreame-vacuum/issues
2026-02-09 06:06:09.418 WARNING (MainThread) [homeassistant.helpers.frame] Detected that custom integration 'dreame_vacuum' sets an invalid entity ID: 'button.p50 pro ultra_backup_map_2'. In most cases, entities should not set entity_id, but if they do, it should be a valid entity ID.. This will stop working in Home Assistant 2027.2.0, please create a bug report at https://github.com/Tasshack/dreame-vacuum/issues
2026-02-09 06:06:09.418 WARNING (MainThread) [homeassistant.helpers.frame] Detected that custom integration 'dreame_vacuum' sets an invalid entity ID: 'button.p50 pro ultra_backup_map_3'. In most cases, entities should not set entity_id, but if they do, it should be a valid entity ID.. This will stop working in Home Assistant 2027.2.0, please create a bug report at https://github.com/Tasshack/dreame-vacuum/issues
2026-02-09 06:06:09.460 WARNING (MainThread) [homeassistant.helpers.frame] Detected that custom integration 'dreame_vacuum' sets an invalid entity ID: 'number.p50 pro ultra_room_1_wetness_level'. In most cases, entities should not set entity_id, but if they do, it should be a valid entity ID.. This will stop working in Home Assistant 2027.2.0, please create a bug report at https://github.com/Tasshack/dreame-vacuum/issues
2026-02-09 06:06:09.462 WARNING (MainThread) [homeassistant.helpers.frame] Detected that custom integration 'dreame_vacuum' sets an invalid entity ID: 'number.p50 pro ultra_room_2_wetness_level'. In most cases, entities should not set entity_id, but if they do, it should be a valid entity ID.. This will stop working in Home Assistant 2027.2.0, please create a bug report at https://github.com/Tasshack/dreame-vacuum/issues
2026-02-09 06:06:09.463 WARNING (MainThread) [homeassistant.helpers.frame] Detected that custom integration 'dreame_vacuum' sets an invalid entity ID: 'number.p50 pro ultra_room_3_wetness_level'. In most cases, entities should not set entity_id, but if they do, it should be a valid entity ID.. This will stop working in Home Assistant 2027.2.0, please create a bug report at https://github.com/Tasshack/dreame-vacuum/issues
2026-02-09 06:06:09.464 WARNING (MainThread) [homeassistant.helpers.frame] Detected that custom integration 'dreame_vacuum' sets an invalid entity ID: 'number.p50 pro ultra_room_4_wetness_level'. In most cases, entities should not set entity_id, but if they do, it should be a valid entity ID.. This will stop working in Home Assistant 2027.2.0, please create a bug report at https://github.com/Tasshack/dreame-vacuum/issues
2026-02-09 06:06:09.465 WARNING (MainThread) [homeassistant.helpers.frame] Detected that custom integration 'dreame_vacuum' sets an invalid entity ID: 'number.p50 pro ultra_room_5_wetness_level'. In most cases, entities should not set entity_id, but if they do, it should be a valid entity ID.. This will stop working in Home Assistant 2027.2.0, please create a bug report at https://github.com/Tasshack/dreame-vacuum/issues
2026-02-09 06:06:09.466 WARNING (MainThread) [homeassistant.helpers.frame] Detected that custom integration 'dreame_vacuum' sets an invalid entity ID: 'number.p50 pro ultra_room_6_wetness_level'. In most cases, entities should not set entity_id, but if they do, it should be a valid entity ID.. This will stop working in Home Assistant 2027.2.0, please create a bug report at https://github.com/Tasshack/dreame-vacuum/issues
2026-02-09 06:06:09.467 WARNING (MainThread) [homeassistant.helpers.frame] Detected that custom integration 'dreame_vacuum' sets an invalid entity ID: 'number.p50 pro ultra_room_7_wetness_level'. In most cases, entities should not set entity_id, but if they do, it should be a valid entity ID.. This will stop working in Home Assistant 2027.2.0, please create a bug report at https://github.com/Tasshack/dreame-vacuum/issues
2026-02-09 06:06:09.468 WARNING (MainThread) [homeassistant.helpers.frame] Detected that custom integration 'dreame_vacuum' sets an invalid entity ID: 'number.p50 pro ultra_room_8_wetness_level'. In most cases, entities should not set entity_id, but if they do, it should be a valid entity ID.. This will stop working in Home Assistant 2027.2.0, please create a bug report at https://github.com/Tasshack/dreame-vacuum/issues
2026-02-09 06:06:09.468 WARNING (MainThread) [homeassistant.helpers.frame] Detected that custom integration 'dreame_vacuum' sets an invalid entity ID: 'number.p50 pro ultra_room_9_wetness_level'. In most cases, entities should not set entity_id, but if they do, it should be a valid entity ID.. This will stop working in Home Assistant 2027.2.0, please create a bug report at https://github.com/Tasshack/dreame-vacuum/issues
2026-02-09 06:06:09.469 WARNING (MainThread) [homeassistant.helpers.frame] Detected that custom integration 'dreame_vacuum' sets an invalid entity ID: 'number.p50 pro ultra_room_10_wetness_level'. In most cases, entities should not set entity_id, but if they do, it should be a valid entity ID.. This will stop working in Home Assistant 2027.2.0, please create a bug report at https://github.com/Tasshack/dreame-vacuum/issues
2026-02-09 06:06:09.471 WARNING (MainThread) [homeassistant.helpers.frame] Detected that custom integration 'dreame_vacuum' sets an invalid entity ID: 'number.p50 pro ultra_room_11_wetness_level'. In most cases, entities should not set entity_id, but if they do, it should be a valid entity ID.. This will stop working in Home Assistant 2027.2.0, please create a bug report at https://github.com/Tasshack/dreame-vacuum/issues
2026-02-09 06:06:09.473 WARNING (MainThread) [homeassistant.helpers.frame] Detected that custom integration 'dreame_vacuum' sets an invalid entity ID: 'number.p50 pro ultra_room_12_wetness_level'. In most cases, entities should not set entity_id, but if they do, it should be a valid entity ID.. This will stop working in Home Assistant 2027.2.0, please create a bug report at https://github.com/Tasshack/dreame-vacuum/issues
2026-02-09 06:06:09.474 WARNING (MainThread) [homeassistant.helpers.frame] Detected that custom integration 'dreame_vacuum' sets an invalid entity ID: 'number.p50 pro ultra_room_13_wetness_level'. In most cases, entities should not set entity_id, but if they do, it should be a valid entity ID.. This will stop working in Home Assistant 2027.2.0, please create a bug report at https://github.com/Tasshack/dreame-vacuum/issues
2026-02-09 06:06:09.474 WARNING (MainThread) [homeassistant.helpers.frame] Detected that custom integration 'dreame_vacuum' sets an invalid entity ID: 'number.p50 pro ultra_room_14_wetness_level'. In most cases, entities should not set entity_id, but if they do, it should be a valid entity ID.. This will stop working in Home Assistant 2027.2.0, please create a bug report at https://github.com/Tasshack/dreame-vacuum/issues
2026-02-09 06:06:09.475 WARNING (MainThread) [homeassistant.helpers.frame] Detected that custom integration 'dreame_vacuum' sets an invalid entity ID: 'number.p50 pro ultra_room_15_wetness_level'. In most cases, entities should not set entity_id, but if they do, it should be a valid entity ID.. This will stop working in Home Assistant 2027.2.0, please create a bug report at https://github.com/Tasshack/dreame-vacuum/issues
2026-02-09 06:06:09.994 WARNING (MainThread) [homeassistant.helpers.frame] Detected that custom integration 'dreame_vacuum' sets an invalid entity ID: 'select.p50 pro ultra_room_1_suction_level'. In most cases, entities should not set entity_id, but if they do, it should be a valid entity ID.. This will stop working in Home Assistant 2027.2.0, please create a bug report at https://github.com/Tasshack/dreame-vacuum/issues
2026-02-09 06:06:09.996 WARNING (MainThread) [homeassistant.helpers.frame] Detected that custom integration 'dreame_vacuum' sets an invalid entity ID: 'select.p50 pro ultra_room_1_mop_pad_humidity'. In most cases, entities should not set entity_id, but if they do, it should be a valid entity ID.. This will stop working in Home Assistant 2027.2.0, please create a bug report at https://github.com/Tasshack/dreame-vacuum/issues
2026-02-09 06:06:09.999 WARNING (MainThread) [homeassistant.helpers.frame] Detected that custom integration 'dreame_vacuum' sets an invalid entity ID: 'select.p50 pro ultra_room_1_cleaning_mode'. In most cases, entities should not set entity_id, but if they do, it should be a valid entity ID.. This will stop working in Home Assistant 2027.2.0, please create a bug report at https://github.com/Tasshack/dreame-vacuum/issues
2026-02-09 06:06:10.001 WARNING (MainThread) [homeassistant.helpers.frame] Detected that custom integration 'dreame_vacuum' sets an invalid entity ID: 'select.p50 pro ultra_room_1_cleaning_times'. In most cases, entities should not set entity_id, but if they do, it should be a valid entity ID.. This will stop working in Home Assistant 2027.2.0, please create a bug report at https://github.com/Tasshack/dreame-vacuum/issues
2026-02-09 06:06:10.003 WARNING (MainThread) [homeassistant.helpers.frame] Detected that custom integration 'dreame_vacuum' sets an invalid entity ID: 'select.p50 pro ultra_room_1_cleaning_route'. In most cases, entities should not set entity_id, but if they do, it should be a valid entity ID.. This will stop working in Home Assistant 2027.2.0, please create a bug report at https://github.com/Tasshack/dreame-vacuum/issues
2026-02-09 06:06:10.004 WARNING (MainThread) [homeassistant.helpers.frame] Detected that custom integration 'dreame_vacuum' sets an invalid entity ID: 'select.p50 pro ultra_room_1_order'. In most cases, entities should not set entity_id, but if they do, it should be a valid entity ID.. This will stop working in Home Assistant 2027.2.0, please create a bug report at https://github.com/Tasshack/dreame-vacuum/issues
2026-02-09 06:06:10.007 WARNING (MainThread) [homeassistant.helpers.frame] Detected that custom integration 'dreame_vacuum' sets an invalid entity ID: 'select.p50 pro ultra_room_1_floor_material'. In most cases, entities should not set entity_id, but if they do, it should be a valid entity ID.. This will stop working in Home Assistant 2027.2.0, please create a bug report at https://github.com/Tasshack/dreame-vacuum/issues
2026-02-09 06:06:10.009 WARNING (MainThread) [homeassistant.helpers.frame] Detected that custom integration 'dreame_vacuum' sets an invalid entity ID: 'select.p50 pro ultra_room_1_floor_material_direction'. In most cases, entities should not set entity_id, but if they do, it should be a valid entity ID.. This will stop working in Home Assistant 2027.2.0, please create a bug report at https://github.com/Tasshack/dreame-vacuum/issues
2026-02-09 06:06:10.010 WARNING (MainThread) [homeassistant.helpers.frame] Detected that custom integration 'dreame_vacuum' sets an invalid entity ID: 'select.p50 pro ultra_room_1_visibility'. In most cases, entities should not set entity_id, but if they do, it should be a valid entity ID.. This will stop working in Home Assistant 2027.2.0, please create a bug report at https://github.com/Tasshack/dreame-vacuum/issues
2026-02-09 06:06:10.011 WARNING (MainThread) [homeassistant.helpers.frame] Detected that custom integration 'dreame_vacuum' sets an invalid entity ID: 'select.p50 pro ultra_room_1_name'. In most cases, entities should not set entity_id, but if they do, it should be a valid entity ID.. This will stop working in Home Assistant 2027.2.0, please create a bug report at https://github.com/Tasshack/dreame-vacuum/issues
2026-02-09 06:06:10.012 WARNING (MainThread) [homeassistant.helpers.frame] Detected that custom integration 'dreame_vacuum' sets an invalid entity ID: 'select.p50 pro ultra_room_2_suction_level'. In most cases, entities should not set entity_id, but if they do, it should be a valid entity ID.. This will stop working in Home Assistant 2027.2.0, please create a bug report at https://github.com/Tasshack/dreame-vacuum/issues
2026-02-09 06:06:10.014 WARNING (MainThread) [homeassistant.helpers.frame] Detected that custom integration 'dreame_vacuum' sets an invalid entity ID: 'select.p50 pro ultra_room_2_mop_pad_humidity'. In most cases, entities should not set entity_id, but if they do, it should be a valid entity ID.. This will stop working in Home Assistant 2027.2.0, please create a bug report at https://github.com/Tasshack/dreame-vacuum/issues
2026-02-09 06:06:10.016 WARNING (MainThread) [homeassistant.helpers.frame] Detected that custom integration 'dreame_vacuum' sets an invalid entity ID: 'select.p50 pro ultra_room_2_cleaning_mode'. In most cases, entities should not set entity_id, but if they do, it should be a valid entity ID.. This will stop working in Home Assistant 2027.2.0, please create a bug report at https://github.com/Tasshack/dreame-vacuum/issues
2026-02-09 06:06:10.017 WARNING (MainThread) [homeassistant.helpers.frame] Detected that custom integration 'dreame_vacuum' sets an invalid entity ID: 'select.p50 pro ultra_room_2_cleaning_times'. In most cases, entities should not set entity_id, but if they do, it should be a valid entity ID.. This will stop working in Home Assistant 2027.2.0, please create a bug report at https://github.com/Tasshack/dreame-vacuum/issues
2026-02-09 06:06:10.018 WARNING (MainThread) [homeassistant.helpers.frame] Detected that custom integration 'dreame_vacuum' sets an invalid entity ID: 'select.p50 pro ultra_room_2_cleaning_route'. In most cases, entities should not set entity_id, but if they do, it should be a valid entity ID.. This will stop working in Home Assistant 2027.2.0, please create a bug report at https://github.com/Tasshack/dreame-vacuum/issues
2026-02-09 06:06:10.021 WARNING (MainThread) [homeassistant.helpers.frame] Detected that custom integration 'dreame_vacuum' sets an invalid entity ID: 'select.p50 pro ultra_room_2_order'. In most cases, entities should not set entity_id, but if they do, it should be a valid entity ID.. This will stop working in Home Assistant 2027.2.0, please create a bug report at https://github.com/Tasshack/dreame-vacuum/issues
2026-02-09 06:06:10.023 WARNING (MainThread) [homeassistant.helpers.frame] Detected that custom integration 'dreame_vacuum' sets an invalid entity ID: 'select.p50 pro ultra_room_2_floor_material'. In most cases, entities should not set entity_id, but if they do, it should be a valid entity ID.. This will stop working in Home Assistant 2027.2.0, please create a bug report at https://github.com/Tasshack/dreame-vacuum/issues
2026-02-09 06:06:10.024 WARNING (MainThread) [homeassistant.helpers.frame] Detected that custom integration 'dreame_vacuum' sets an invalid entity ID: 'select.p50 pro ultra_room_2_floor_material_direction'. In most cases, entities should not set entity_id, but if they do, it should be a valid entity ID.. This will stop working in Home Assistant 2027.2.0, please create a bug report at https://github.com/Tasshack/dreame-vacuum/issues
2026-02-09 06:06:10.024 WARNING (MainThread) [homeassistant.helpers.frame] Detected that custom integration 'dreame_vacuum' sets an invalid entity ID: 'select.p50 pro ultra_room_2_visibility'. In most cases, entities should not set entity_id, but if they do, it should be a valid entity ID.. This will stop working in Home Assistant 2027.2.0, please create a bug report at https://github.com/Tasshack/dreame-vacuum/issues
2026-02-09 06:06:10.025 WARNING (MainThread) [homeassistant.helpers.frame] Detected that custom integration 'dreame_vacuum' sets an invalid entity ID: 'select.p50 pro ultra_room_2_name'. In most cases, entities should not set entity_id, but if they do, it should be a valid entity ID.. This will stop working in Home Assistant 2027.2.0, please create a bug report at https://github.com/Tasshack/dreame-vacuum/issues
2026-02-09 06:06:10.026 WARNING (MainThread) [homeassistant.helpers.frame] Detected that custom integration 'dreame_vacuum' sets an invalid entity ID: 'select.p50 pro ultra_room_3_suction_level'. In most cases, entities should not set entity_id, but if they do, it should be a valid entity ID.. This will stop working in Home Assistant 2027.2.0, please create a bug report at https://github.com/Tasshack/dreame-vacuum/issues
2026-02-09 06:06:10.026 WARNING (MainThread) [homeassistant.helpers.frame] Detected that custom integration 'dreame_vacuum' sets an invalid entity ID: 'select.p50 pro ultra_room_3_mop_pad_humidity'. In most cases, entities should not set entity_id, but if they do, it should be a valid entity ID.. This will stop working in Home Assistant 2027.2.0, please create a bug report at https://github.com/Tasshack/dreame-vacuum/issues
2026-02-09 06:06:10.030 WARNING (MainThread) [homeassistant.helpers.frame] Detected that custom integration 'dreame_vacuum' sets an invalid entity ID: 'select.p50 pro ultra_room_3_cleaning_mode'. In most cases, entities should not set entity_id, but if they do, it should be a valid entity ID.. This will stop working in Home Assistant 2027.2.0, please create a bug report at https://github.com/Tasshack/dreame-vacuum/issues
2026-02-09 06:06:10.031 WARNING (MainThread) [homeassistant.helpers.frame] Detected that custom integration 'dreame_vacuum' sets an invalid entity ID: 'select.p50 pro ultra_room_3_cleaning_times'. In most cases, entities should not set entity_id, but if they do, it should be a valid entity ID.. This will stop working in Home Assistant 2027.2.0, please create a bug report at https://github.com/Tasshack/dreame-vacuum/issues
2026-02-09 06:06:10.032 WARNING (MainThread) [homeassistant.helpers.frame] Detected that custom integration 'dreame_vacuum' sets an invalid entity ID: 'select.p50 pro ultra_room_3_cleaning_route'. In most cases, entities should not set entity_id, but if they do, it should be a valid entity ID.. This will stop working in Home Assistant 2027.2.0, please create a bug report at https://github.com/Tasshack/dreame-vacuum/issues
2026-02-09 06:06:10.033 WARNING (MainThread) [homeassistant.helpers.frame] Detected that custom integration 'dreame_vacuum' sets an invalid entity ID: 'select.p50 pro ultra_room_3_order'. In most cases, entities should not set entity_id, but if they do, it should be a valid entity ID.. This will stop working in Home Assistant 2027.2.0, please create a bug report at https://github.com/Tasshack/dreame-vacuum/issues
2026-02-09 06:06:10.033 WARNING (MainThread) [homeassistant.helpers.frame] Detected that custom integration 'dreame_vacuum' sets an invalid entity ID: 'select.p50 pro ultra_room_3_floor_material'. In most cases, entities should not set entity_id, but if they do, it should be a valid entity ID.. This will stop working in Home Assistant 2027.2.0, please create a bug report at https://github.com/Tasshack/dreame-vacuum/issues
2026-02-09 06:06:10.034 WARNING (MainThread) [homeassistant.helpers.frame] Detected that custom integration 'dreame_vacuum' sets an invalid entity ID: 'select.p50 pro ultra_room_3_floor_material_direction'. In most cases, entities should not set entity_id, but if they do, it should be a valid entity ID.. This will stop working in Home Assistant 2027.2.0, please create a bug report at https://github.com/Tasshack/dreame-vacuum/issues
2026-02-09 06:06:10.034 WARNING (MainThread) [homeassistant.helpers.frame] Detected that custom integration 'dreame_vacuum' sets an invalid entity ID: 'select.p50 pro ultra_room_3_visibility'. In most cases, entities should not set entity_id, but if they do, it should be a valid entity ID.. This will stop working in Home Assistant 2027.2.0, please create a bug report at https://github.com/Tasshack/dreame-vacuum/issues
2026-02-09 06:06:10.052 WARNING (MainThread) [homeassistant.helpers.frame] Detected that custom integration 'dreame_vacuum' sets an invalid entity ID: 'select.p50 pro ultra_room_3_name'. In most cases, entities should not set entity_id, but if they do, it should be a valid entity ID.. This will stop working in Home Assistant 2027.2.0, please create a bug report at https://github.com/Tasshack/dreame-vacuum/issues
2026-02-09 06:06:10.053 WARNING (MainThread) [homeassistant.helpers.frame] Detected that custom integration 'dreame_vacuum' sets an invalid entity ID: 'select.p50 pro ultra_room_4_suction_level'. In most cases, entities should not set entity_id, but if they do, it should be a valid entity ID.. This will stop working in Home Assistant 2027.2.0, please create a bug report at https://github.com/Tasshack/dreame-vacuum/issues
2026-02-09 06:06:10.054 WARNING (MainThread) [homeassistant.helpers.frame] Detected that custom integration 'dreame_vacuum' sets an invalid entity ID: 'select.p50 pro ultra_room_4_mop_pad_humidity'. In most cases, entities should not set entity_id, but if they do, it should be a valid entity ID.. This will stop working in Home Assistant 2027.2.0, please create a bug report at https://github.com/Tasshack/dreame-vacuum/issues
2026-02-09 06:06:10.054 WARNING (MainThread) [homeassistant.helpers.frame] Detected that custom integration 'dreame_vacuum' sets an invalid entity ID: 'select.p50 pro ultra_room_4_cleaning_mode'. In most cases, entities should not set entity_id, but if they do, it should be a valid entity ID.. This will stop working in Home Assistant 2027.2.0, please create a bug report at https://github.com/Tasshack/dreame-vacuum/issues
2026-02-09 06:06:10.056 WARNING (MainThread) [homeassistant.helpers.frame] Detected that custom integration 'dreame_vacuum' sets an invalid entity ID: 'select.p50 pro ultra_room_4_cleaning_times'. In most cases, entities should not set entity_id, but if they do, it should be a valid entity ID.. This will stop working in Home Assistant 2027.2.0, please create a bug report at https://github.com/Tasshack/dreame-vacuum/issues
2026-02-09 06:06:10.075 WARNING (MainThread) [homeassistant.helpers.frame] Detected that custom integration 'dreame_vacuum' sets an invalid entity ID: 'select.p50 pro ultra_room_4_cleaning_route'. In most cases, entities should not set entity_id, but if they do, it should be a valid entity ID.. This will stop working in Home Assistant 2027.2.0, please create a bug report at https://github.com/Tasshack/dreame-vacuum/issues
2026-02-09 06:06:10.076 WARNING (MainThread) [homeassistant.helpers.frame] Detected that custom integration 'dreame_vacuum' sets an invalid entity ID: 'select.p50 pro ultra_room_4_order'. In most cases, entities should not set entity_id, but if they do, it should be a valid entity ID.. This will stop working in Home Assistant 2027.2.0, please create a bug report at https://github.com/Tasshack/dreame-vacuum/issues
2026-02-09 06:06:10.077 WARNING (MainThread) [homeassistant.helpers.frame] Detected that custom integration 'dreame_vacuum' sets an invalid entity ID: 'select.p50 pro ultra_room_4_floor_material'. In most cases, entities should not set entity_id, but if they do, it should be a valid entity ID.. This will stop working in Home Assistant 2027.2.0, please create a bug report at https://github.com/Tasshack/dreame-vacuum/issues
2026-02-09 06:06:10.077 WARNING (MainThread) [homeassistant.helpers.frame] Detected that custom integration 'dreame_vacuum' sets an invalid entity ID: 'select.p50 pro ultra_room_4_floor_material_direction'. In most cases, entities should not set entity_id, but if they do, it should be a valid entity ID.. This will stop working in Home Assistant 2027.2.0, please create a bug report at https://github.com/Tasshack/dreame-vacuum/issues
2026-02-09 06:06:10.078 WARNING (MainThread) [homeassistant.helpers.frame] Detected that custom integration 'dreame_vacuum' sets an invalid entity ID: 'select.p50 pro ultra_room_4_visibility'. In most cases, entities should not set entity_id, but if they do, it should be a valid entity ID.. This will stop working in Home Assistant 2027.2.0, please create a bug report at https://github.com/Tasshack/dreame-vacuum/issues
2026-02-09 06:06:10.078 WARNING (MainThread) [homeassistant.helpers.frame] Detected that custom integration 'dreame_vacuum' sets an invalid entity ID: 'select.p50 pro ultra_room_4_name'. In most cases, entities should not set entity_id, but if they do, it should be a valid entity ID.. This will stop working in Home Assistant 2027.2.0, please create a bug report at https://github.com/Tasshack/dreame-vacuum/issues
2026-02-09 06:06:10.079 WARNING (MainThread) [homeassistant.helpers.frame] Detected that custom integration 'dreame_vacuum' sets an invalid entity ID: 'select.p50 pro ultra_room_5_suction_level'. In most cases, entities should not set entity_id, but if they do, it should be a valid entity ID.. This will stop working in Home Assistant 2027.2.0, please create a bug report at https://github.com/Tasshack/dreame-vacuum/issues
2026-02-09 06:06:10.082 WARNING (MainThread) [homeassistant.helpers.frame] Detected that custom integration 'dreame_vacuum' sets an invalid entity ID: 'select.p50 pro ultra_room_5_mop_pad_humidity'. In most cases, entities should not set entity_id, but if they do, it should be a valid entity ID.. This will stop working in Home Assistant 2027.2.0, please create a bug report at https://github.com/Tasshack/dreame-vacuum/issues
2026-02-09 06:06:10.083 WARNING (MainThread) [homeassistant.helpers.frame] Detected that custom integration 'dreame_vacuum' sets an invalid entity ID: 'select.p50 pro ultra_room_5_cleaning_mode'. In most cases, entities should not set entity_id, but if they do, it should be a valid entity ID.. This will stop working in Home Assistant 2027.2.0, please create a bug report at https://github.com/Tasshack/dreame-vacuum/issues
2026-02-09 06:06:10.084 WARNING (MainThread) [homeassistant.helpers.frame] Detected that custom integration 'dreame_vacuum' sets an invalid entity ID: 'select.p50 pro ultra_room_5_cleaning_times'. In most cases, entities should not set entity_id, but if they do, it should be a valid entity ID.. This will stop working in Home Assistant 2027.2.0, please create a bug report at https://github.com/Tasshack/dreame-vacuum/issues
2026-02-09 06:06:10.084 WARNING (MainThread) [homeassistant.helpers.frame] Detected that custom integration 'dreame_vacuum' sets an invalid entity ID: 'select.p50 pro ultra_room_5_cleaning_route'. In most cases, entities should not set entity_id, but if they do, it should be a valid entity ID.. This will stop working in Home Assistant 2027.2.0, please create a bug report at https://github.com/Tasshack/dreame-vacuum/issues
2026-02-09 06:06:10.085 WARNING (MainThread) [homeassistant.helpers.frame] Detected that custom integration 'dreame_vacuum' sets an invalid entity ID: 'select.p50 pro ultra_room_5_order'. In most cases, entities should not set entity_id, but if they do, it should be a valid entity ID.. This will stop working in Home Assistant 2027.2.0, please create a bug report at https://github.com/Tasshack/dreame-vacuum/issues
2026-02-09 06:06:10.085 WARNING (MainThread) [homeassistant.helpers.frame] Detected that custom integration 'dreame_vacuum' sets an invalid entity ID: 'select.p50 pro ultra_room_5_floor_material'. In most cases, entities should not set entity_id, but if they do, it should be a valid entity ID.. This will stop working in Home Assistant 2027.2.0, please create a bug report at https://github.com/Tasshack/dreame-vacuum/issues
2026-02-09 06:06:10.086 WARNING (MainThread) [homeassistant.helpers.frame] Detected that custom integration 'dreame_vacuum' sets an invalid entity ID: 'select.p50 pro ultra_room_5_floor_material_direction'. In most cases, entities should not set entity_id, but if they do, it should be a valid entity ID.. This will stop working in Home Assistant 2027.2.0, please create a bug report at https://github.com/Tasshack/dreame-vacuum/issues
2026-02-09 06:06:10.086 WARNING (MainThread) [homeassistant.helpers.frame] Detected that custom integration 'dreame_vacuum' sets an invalid entity ID: 'select.p50 pro ultra_room_5_visibility'. In most cases, entities should not set entity_id, but if they do, it should be a valid entity ID.. This will stop working in Home Assistant 2027.2.0, please create a bug report at https://github.com/Tasshack/dreame-vacuum/issues
2026-02-09 06:06:10.087 WARNING (MainThread) [homeassistant.helpers.frame] Detected that custom integration 'dreame_vacuum' sets an invalid entity ID: 'select.p50 pro ultra_room_5_name'. In most cases, entities should not set entity_id, but if they do, it should be a valid entity ID.. This will stop working in Home Assistant 2027.2.0, please create a bug report at https://github.com/Tasshack/dreame-vacuum/issues
2026-02-09 06:06:10.089 WARNING (MainThread) [homeassistant.helpers.frame] Detected that custom integration 'dreame_vacuum' sets an invalid entity ID: 'select.p50 pro ultra_room_6_suction_level'. In most cases, entities should not set entity_id, but if they do, it should be a valid entity ID.. This will stop working in Home Assistant 2027.2.0, please create a bug report at https://github.com/Tasshack/dreame-vacuum/issues
2026-02-09 06:06:10.089 WARNING (MainThread) [homeassistant.helpers.frame] Detected that custom integration 'dreame_vacuum' sets an invalid entity ID: 'select.p50 pro ultra_room_6_mop_pad_humidity'. In most cases, entities should not set entity_id, but if they do, it should be a valid entity ID.. This will stop working in Home Assistant 2027.2.0, please create a bug report at https://github.com/Tasshack/dreame-vacuum/issues
2026-02-09 06:06:10.090 WARNING (MainThread) [homeassistant.helpers.frame] Detected that custom integration 'dreame_vacuum' sets an invalid entity ID: 'select.p50 pro ultra_room_6_cleaning_mode'. In most cases, entities should not set entity_id, but if they do, it should be a valid entity ID.. This will stop working in Home Assistant 2027.2.0, please create a bug report at https://github.com/Tasshack/dreame-vacuum/issues
2026-02-09 06:06:10.091 WARNING (MainThread) [homeassistant.helpers.frame] Detected that custom integration 'dreame_vacuum' sets an invalid entity ID: 'select.p50 pro ultra_room_6_cleaning_times'. In most cases, entities should not set entity_id, but if they do, it should be a valid entity ID.. This will stop working in Home Assistant 2027.2.0, please create a bug report at https://github.com/Tasshack/dreame-vacuum/issues
2026-02-09 06:06:10.092 WARNING (MainThread) [homeassistant.helpers.frame] Detected that custom integration 'dreame_vacuum' sets an invalid entity ID: 'select.p50 pro ultra_room_6_cleaning_route'. In most cases, entities should not set entity_id, but if they do, it should be a valid entity ID.. This will stop working in Home Assistant 2027.2.0, please create a bug report at https://github.com/Tasshack/dreame-vacuum/issues
2026-02-09 06:06:10.092 WARNING (MainThread) [homeassistant.helpers.frame] Detected that custom integration 'dreame_vacuum' sets an invalid entity ID: 'select.p50 pro ultra_room_6_order'. In most cases, entities should not set entity_id, but if they do, it should be a valid entity ID.. This will stop working in Home Assistant 2027.2.0, please create a bug report at https://github.com/Tasshack/dreame-vacuum/issues
2026-02-09 06:06:10.108 WARNING (MainThread) [homeassistant.helpers.frame] Detected that custom integration 'dreame_vacuum' sets an invalid entity ID: 'select.p50 pro ultra_room_6_floor_material'. In most cases, entities should not set entity_id, but if they do, it should be a valid entity ID.. This will stop working in Home Assistant 2027.2.0, please create a bug report at https://github.com/Tasshack/dreame-vacuum/issues
2026-02-09 06:06:10.109 WARNING (MainThread) [homeassistant.helpers.frame] Detected that custom integration 'dreame_vacuum' sets an invalid entity ID: 'select.p50 pro ultra_room_6_floor_material_direction'. In most cases, entities should not set entity_id, but if they do, it should be a valid entity ID.. This will stop working in Home Assistant 2027.2.0, please create a bug report at https://github.com/Tasshack/dreame-vacuum/issues
2026-02-09 06:06:10.110 WARNING (MainThread) [homeassistant.helpers.frame] Detected that custom integration 'dreame_vacuum' sets an invalid entity ID: 'select.p50 pro ultra_room_6_visibility'. In most cases, entities should not set entity_id, but if they do, it should be a valid entity ID.. This will stop working in Home Assistant 2027.2.0, please create a bug report at https://github.com/Tasshack/dreame-vacuum/issues
2026-02-09 06:06:10.111 WARNING (MainThread) [homeassistant.helpers.frame] Detected that custom integration 'dreame_vacuum' sets an invalid entity ID: 'select.p50 pro ultra_room_6_name'. In most cases, entities should not set entity_id, but if they do, it should be a valid entity ID.. This will stop working in Home Assistant 2027.2.0, please create a bug report at https://github.com/Tasshack/dreame-vacuum/issues
2026-02-09 06:06:10.112 WARNING (MainThread) [homeassistant.helpers.frame] Detected that custom integration 'dreame_vacuum' sets an invalid entity ID: 'select.p50 pro ultra_room_7_suction_level'. In most cases, entities should not set entity_id, but if they do, it should be a valid entity ID.. This will stop working in Home Assistant 2027.2.0, please create a bug report at https://github.com/Tasshack/dreame-vacuum/issues
2026-02-09 06:06:10.112 WARNING (MainThread) [homeassistant.helpers.frame] Detected that custom integration 'dreame_vacuum' sets an invalid entity ID: 'select.p50 pro ultra_room_7_mop_pad_humidity'. In most cases, entities should not set entity_id, but if they do, it should be a valid entity ID.. This will stop working in Home Assistant 2027.2.0, please create a bug report at https://github.com/Tasshack/dreame-vacuum/issues
2026-02-09 06:06:10.118 WARNING (MainThread) [homeassistant.helpers.frame] Detected that custom integration 'dreame_vacuum' sets an invalid entity ID: 'select.p50 pro ultra_room_7_cleaning_mode'. In most cases, entities should not set entity_id, but if they do, it should be a valid entity ID.. This will stop working in Home Assistant 2027.2.0, please create a bug report at https://github.com/Tasshack/dreame-vacuum/issues
2026-02-09 06:06:10.119 WARNING (MainThread) [homeassistant.helpers.frame] Detected that custom integration 'dreame_vacuum' sets an invalid entity ID: 'select.p50 pro ultra_room_7_cleaning_times'. In most cases, entities should not set entity_id, but if they do, it should be a valid entity ID.. This will stop working in Home Assistant 2027.2.0, please create a bug report at https://github.com/Tasshack/dreame-vacuum/issues
2026-02-09 06:06:10.120 WARNING (MainThread) [homeassistant.helpers.frame] Detected that custom integration 'dreame_vacuum' sets an invalid entity ID: 'select.p50 pro ultra_room_7_cleaning_route'. In most cases, entities should not set entity_id, but if they do, it should be a valid entity ID.. This will stop working in Home Assistant 2027.2.0, please create a bug report at https://github.com/Tasshack/dreame-vacuum/issues
2026-02-09 06:06:10.121 WARNING (MainThread) [homeassistant.helpers.frame] Detected that custom integration 'dreame_vacuum' sets an invalid entity ID: 'select.p50 pro ultra_room_7_order'. In most cases, entities should not set entity_id, but if they do, it should be a valid entity ID.. This will stop working in Home Assistant 2027.2.0, please create a bug report at https://github.com/Tasshack/dreame-vacuum/issues
2026-02-09 06:06:10.122 WARNING (MainThread) [homeassistant.helpers.frame] Detected that custom integration 'dreame_vacuum' sets an invalid entity ID: 'select.p50 pro ultra_room_7_floor_material'. In most cases, entities should not set entity_id, but if they do, it should be a valid entity ID.. This will stop working in Home Assistant 2027.2.0, please create a bug report at https://github.com/Tasshack/dreame-vacuum/issues
2026-02-09 06:06:10.122 WARNING (MainThread) [homeassistant.helpers.frame] Detected that custom integration 'dreame_vacuum' sets an invalid entity ID: 'select.p50 pro ultra_room_7_floor_material_direction'. In most cases, entities should not set entity_id, but if they do, it should be a valid entity ID.. This will stop working in Home Assistant 2027.2.0, please create a bug report at https://github.com/Tasshack/dreame-vacuum/issues
2026-02-09 06:06:10.123 WARNING (MainThread) [homeassistant.helpers.frame] Detected that custom integration 'dreame_vacuum' sets an invalid entity ID: 'select.p50 pro ultra_room_7_visibility'. In most cases, entities should not set entity_id, but if they do, it should be a valid entity ID.. This will stop working in Home Assistant 2027.2.0, please create a bug report at https://github.com/Tasshack/dreame-vacuum/issues
2026-02-09 06:06:10.123 WARNING (MainThread) [homeassistant.helpers.frame] Detected that custom integration 'dreame_vacuum' sets an invalid entity ID: 'select.p50 pro ultra_room_7_name'. In most cases, entities should not set entity_id, but if they do, it should be a valid entity ID.. This will stop working in Home Assistant 2027.2.0, please create a bug report at https://github.com/Tasshack/dreame-vacuum/issues
2026-02-09 06:06:10.130 WARNING (MainThread) [homeassistant.helpers.frame] Detected that custom integration 'dreame_vacuum' sets an invalid entity ID: 'select.p50 pro ultra_room_8_suction_level'. In most cases, entities should not set entity_id, but if they do, it should be a valid entity ID.. This will stop working in Home Assistant 2027.2.0, please create a bug report at https://github.com/Tasshack/dreame-vacuum/issues
2026-02-09 06:06:10.131 WARNING (MainThread) [homeassistant.helpers.frame] Detected that custom integration 'dreame_vacuum' sets an invalid entity ID: 'select.p50 pro ultra_room_8_mop_pad_humidity'. In most cases, entities should not set entity_id, but if they do, it should be a valid entity ID.. This will stop working in Home Assistant 2027.2.0, please create a bug report at https://github.com/Tasshack/dreame-vacuum/issues
2026-02-09 06:06:10.132 WARNING (MainThread) [homeassistant.helpers.frame] Detected that custom integration 'dreame_vacuum' sets an invalid entity ID: 'select.p50 pro ultra_room_8_cleaning_mode'. In most cases, entities should not set entity_id, but if they do, it should be a valid entity ID.. This will stop working in Home Assistant 2027.2.0, please create a bug report at https://github.com/Tasshack/dreame-vacuum/issues
2026-02-09 06:06:10.133 WARNING (MainThread) [homeassistant.helpers.frame] Detected that custom integration 'dreame_vacuum' sets an invalid entity ID: 'select.p50 pro ultra_room_8_cleaning_times'. In most cases, entities should not set entity_id, but if they do, it should be a valid entity ID.. This will stop working in Home Assistant 2027.2.0, please create a bug report at https://github.com/Tasshack/dreame-vacuum/issues
2026-02-09 06:06:10.133 WARNING (MainThread) [homeassistant.helpers.frame] Detected that custom integration 'dreame_vacuum' sets an invalid entity ID: 'select.p50 pro ultra_room_8_cleaning_route'. In most cases, entities should not set entity_id, but if they do, it should be a valid entity ID.. This will stop working in Home Assistant 2027.2.0, please create a bug report at https://github.com/Tasshack/dreame-vacuum/issues
2026-02-09 06:06:10.134 WARNING (MainThread) [homeassistant.helpers.frame] Detected that custom integration 'dreame_vacuum' sets an invalid entity ID: 'select.p50 pro ultra_room_8_order'. In most cases, entities should not set entity_id, but if they do, it should be a valid entity ID.. This will stop working in Home Assistant 2027.2.0, please create a bug report at https://github.com/Tasshack/dreame-vacuum/issues
2026-02-09 06:06:10.134 WARNING (MainThread) [homeassistant.helpers.frame] Detected that custom integration 'dreame_vacuum' sets an invalid entity ID: 'select.p50 pro ultra_room_8_floor_material'. In most cases, entities should not set entity_id, but if they do, it should be a valid entity ID.. This will stop working in Home Assistant 2027.2.0, please create a bug report at https://github.com/Tasshack/dreame-vacuum/issues
2026-02-09 06:06:10.140 WARNING (MainThread) [homeassistant.helpers.frame] Detected that custom integration 'dreame_vacuum' sets an invalid entity ID: 'select.p50 pro ultra_room_8_floor_material_direction'. In most cases, entities should not set entity_id, but if they do, it should be a valid entity ID.. This will stop working in Home Assistant 2027.2.0, please create a bug report at https://github.com/Tasshack/dreame-vacuum/issues
2026-02-09 06:06:10.142 WARNING (MainThread) [homeassistant.helpers.frame] Detected that custom integration 'dreame_vacuum' sets an invalid entity ID: 'select.p50 pro ultra_room_8_visibility'. In most cases, entities should not set entity_id, but if they do, it should be a valid entity ID.. This will stop working in Home Assistant 2027.2.0, please create a bug report at https://github.com/Tasshack/dreame-vacuum/issues
2026-02-09 06:06:10.142 WARNING (MainThread) [homeassistant.helpers.frame] Detected that custom integration 'dreame_vacuum' sets an invalid entity ID: 'select.p50 pro ultra_room_8_name'. In most cases, entities should not set entity_id, but if they do, it should be a valid entity ID.. This will stop working in Home Assistant 2027.2.0, please create a bug report at https://github.com/Tasshack/dreame-vacuum/issues
2026-02-09 06:06:10.143 WARNING (MainThread) [homeassistant.helpers.frame] Detected that custom integration 'dreame_vacuum' sets an invalid entity ID: 'select.p50 pro ultra_room_9_suction_level'. In most cases, entities should not set entity_id, but if they do, it should be a valid entity ID.. This will stop working in Home Assistant 2027.2.0, please create a bug report at https://github.com/Tasshack/dreame-vacuum/issues
2026-02-09 06:06:10.144 WARNING (MainThread) [homeassistant.helpers.frame] Detected that custom integration 'dreame_vacuum' sets an invalid entity ID: 'select.p50 pro ultra_room_9_mop_pad_humidity'. In most cases, entities should not set entity_id, but if they do, it should be a valid entity ID.. This will stop working in Home Assistant 2027.2.0, please create a bug report at https://github.com/Tasshack/dreame-vacuum/issues
2026-02-09 06:06:10.144 WARNING (MainThread) [homeassistant.helpers.frame] Detected that custom integration 'dreame_vacuum' sets an invalid entity ID: 'select.p50 pro ultra_room_9_cleaning_mode'. In most cases, entities should not set entity_id, but if they do, it should be a valid entity ID.. This will stop working in Home Assistant 2027.2.0, please create a bug report at https://github.com/Tasshack/dreame-vacuum/issues
2026-02-09 06:06:10.145 WARNING (MainThread) [homeassistant.helpers.frame] Detected that custom integration 'dreame_vacuum' sets an invalid entity ID: 'select.p50 pro ultra_room_9_cleaning_times'. In most cases, entities should not set entity_id, but if they do, it should be a valid entity ID.. This will stop working in Home Assistant 2027.2.0, please create a bug report at https://github.com/Tasshack/dreame-vacuum/issues
2026-02-09 06:06:10.157 WARNING (MainThread) [homeassistant.helpers.frame] Detected that custom integration 'dreame_vacuum' sets an invalid entity ID: 'select.p50 pro ultra_room_9_cleaning_route'. In most cases, entities should not set entity_id, but if they do, it should be a valid entity ID.. This will stop working in Home Assistant 2027.2.0, please create a bug report at https://github.com/Tasshack/dreame-vacuum/issues
2026-02-09 06:06:10.158 WARNING (MainThread) [homeassistant.helpers.frame] Detected that custom integration 'dreame_vacuum' sets an invalid entity ID: 'select.p50 pro ultra_room_9_order'. In most cases, entities should not set entity_id, but if they do, it should be a valid entity ID.. This will stop working in Home Assistant 2027.2.0, please create a bug report at https://github.com/Tasshack/dreame-vacuum/issues
2026-02-09 06:06:10.159 WARNING (MainThread) [homeassistant.helpers.frame] Detected that custom integration 'dreame_vacuum' sets an invalid entity ID: 'select.p50 pro ultra_room_9_floor_material'. In most cases, entities should not set entity_id, but if they do, it should be a valid entity ID.. This will stop working in Home Assistant 2027.2.0, please create a bug report at https://github.com/Tasshack/dreame-vacuum/issues
2026-02-09 06:06:10.160 WARNING (MainThread) [homeassistant.helpers.frame] Detected that custom integration 'dreame_vacuum' sets an invalid entity ID: 'select.p50 pro ultra_room_9_floor_material_direction'. In most cases, entities should not set entity_id, but if they do, it should be a valid entity ID.. This will stop working in Home Assistant 2027.2.0, please create a bug report at https://github.com/Tasshack/dreame-vacuum/issues
2026-02-09 06:06:10.160 WARNING (MainThread) [homeassistant.helpers.frame] Detected that custom integration 'dreame_vacuum' sets an invalid entity ID: 'select.p50 pro ultra_room_9_visibility'. In most cases, entities should not set entity_id, but if they do, it should be a valid entity ID.. This will stop working in Home Assistant 2027.2.0, please create a bug report at https://github.com/Tasshack/dreame-vacuum/issues
2026-02-09 06:06:10.161 WARNING (MainThread) [homeassistant.helpers.frame] Detected that custom integration 'dreame_vacuum' sets an invalid entity ID: 'select.p50 pro ultra_room_9_name'. In most cases, entities should not set entity_id, but if they do, it should be a valid entity ID.. This will stop working in Home Assistant 2027.2.0, please create a bug report at https://github.com/Tasshack/dreame-vacuum/issues
2026-02-09 06:06:10.162 WARNING (MainThread) [homeassistant.helpers.frame] Detected that custom integration 'dreame_vacuum' sets an invalid entity ID: 'select.p50 pro ultra_room_10_suction_level'. In most cases, entities should not set entity_id, but if they do, it should be a valid entity ID.. This will stop working in Home Assistant 2027.2.0, please create a bug report at https://github.com/Tasshack/dreame-vacuum/issues
2026-02-09 06:06:10.171 WARNING (MainThread) [homeassistant.helpers.frame] Detected that custom integration 'dreame_vacuum' sets an invalid entity ID: 'select.p50 pro ultra_room_10_mop_pad_humidity'. In most cases, entities should not set entity_id, but if they do, it should be a valid entity ID.. This will stop working in Home Assistant 2027.2.0, please create a bug report at https://github.com/Tasshack/dreame-vacuum/issues
2026-02-09 06:06:10.172 WARNING (MainThread) [homeassistant.helpers.frame] Detected that custom integration 'dreame_vacuum' sets an invalid entity ID: 'select.p50 pro ultra_room_10_cleaning_mode'. In most cases, entities should not set entity_id, but if they do, it should be a valid entity ID.. This will stop working in Home Assistant 2027.2.0, please create a bug report at https://github.com/Tasshack/dreame-vacuum/issues
2026-02-09 06:06:10.173 WARNING (MainThread) [homeassistant.helpers.frame] Detected that custom integration 'dreame_vacuum' sets an invalid entity ID: 'select.p50 pro ultra_room_10_cleaning_times'. In most cases, entities should not set entity_id, but if they do, it should be a valid entity ID.. This will stop working in Home Assistant 2027.2.0, please create a bug report at https://github.com/Tasshack/dreame-vacuum/issues
2026-02-09 06:06:10.174 WARNING (MainThread) [homeassistant.helpers.frame] Detected that custom integration 'dreame_vacuum' sets an invalid entity ID: 'select.p50 pro ultra_room_10_cleaning_route'. In most cases, entities should not set entity_id, but if they do, it should be a valid entity ID.. This will stop working in Home Assistant 2027.2.0, please create a bug report at https://github.com/Tasshack/dreame-vacuum/issues
2026-02-09 06:06:10.174 WARNING (MainThread) [homeassistant.helpers.frame] Detected that custom integration 'dreame_vacuum' sets an invalid entity ID: 'select.p50 pro ultra_room_10_order'. In most cases, entities should not set entity_id, but if they do, it should be a valid entity ID.. This will stop working in Home Assistant 2027.2.0, please create a bug report at https://github.com/Tasshack/dreame-vacuum/issues
2026-02-09 06:06:10.175 WARNING (MainThread) [homeassistant.helpers.frame] Detected that custom integration 'dreame_vacuum' sets an invalid entity ID: 'select.p50 pro ultra_room_10_floor_material'. In most cases, entities should not set entity_id, but if they do, it should be a valid entity ID.. This will stop working in Home Assistant 2027.2.0, please create a bug report at https://github.com/Tasshack/dreame-vacuum/issues
2026-02-09 06:06:10.185 WARNING (MainThread) [homeassistant.helpers.frame] Detected that custom integration 'dreame_vacuum' sets an invalid entity ID: 'select.p50 pro ultra_room_10_floor_material_direction'. In most cases, entities should not set entity_id, but if they do, it should be a valid entity ID.. This will stop working in Home Assistant 2027.2.0, please create a bug report at https://github.com/Tasshack/dreame-vacuum/issues
2026-02-09 06:06:10.186 WARNING (MainThread) [homeassistant.helpers.frame] Detected that custom integration 'dreame_vacuum' sets an invalid entity ID: 'select.p50 pro ultra_room_10_visibility'. In most cases, entities should not set entity_id, but if they do, it should be a valid entity ID.. This will stop working in Home Assistant 2027.2.0, please create a bug report at https://github.com/Tasshack/dreame-vacuum/issues
2026-02-09 06:06:10.187 WARNING (MainThread) [homeassistant.helpers.frame] Detected that custom integration 'dreame_vacuum' sets an invalid entity ID: 'select.p50 pro ultra_room_10_name'. In most cases, entities should not set entity_id, but if they do, it should be a valid entity ID.. This will stop working in Home Assistant 2027.2.0, please create a bug report at https://github.com/Tasshack/dreame-vacuum/issues
2026-02-09 06:06:10.188 WARNING (MainThread) [homeassistant.helpers.frame] Detected that custom integration 'dreame_vacuum' sets an invalid entity ID: 'select.p50 pro ultra_room_11_suction_level'. In most cases, entities should not set entity_id, but if they do, it should be a valid entity ID.. This will stop working in Home Assistant 2027.2.0, please create a bug report at https://github.com/Tasshack/dreame-vacuum/issues
2026-02-09 06:06:10.189 WARNING (MainThread) [homeassistant.helpers.frame] Detected that custom integration 'dreame_vacuum' sets an invalid entity ID: 'select.p50 pro ultra_room_11_mop_pad_humidity'. In most cases, entities should not set entity_id, but if they do, it should be a valid entity ID.. This will stop working in Home Assistant 2027.2.0, please create a bug report at https://github.com/Tasshack/dreame-vacuum/issues
2026-02-09 06:06:10.200 WARNING (MainThread) [homeassistant.helpers.frame] Detected that custom integration 'dreame_vacuum' sets an invalid entity ID: 'select.p50 pro ultra_room_11_cleaning_mode'. In most cases, entities should not set entity_id, but if they do, it should be a valid entity ID.. This will stop working in Home Assistant 2027.2.0, please create a bug report at https://github.com/Tasshack/dreame-vacuum/issues
2026-02-09 06:06:10.201 WARNING (MainThread) [homeassistant.helpers.frame] Detected that custom integration 'dreame_vacuum' sets an invalid entity ID: 'select.p50 pro ultra_room_11_cleaning_times'. In most cases, entities should not set entity_id, but if they do, it should be a valid entity ID.. This will stop working in Home Assistant 2027.2.0, please create a bug report at https://github.com/Tasshack/dreame-vacuum/issues
2026-02-09 06:06:10.201 WARNING (MainThread) [homeassistant.helpers.frame] Detected that custom integration 'dreame_vacuum' sets an invalid entity ID: 'select.p50 pro ultra_room_11_cleaning_route'. In most cases, entities should not set entity_id, but if they do, it should be a valid entity ID.. This will stop working in Home Assistant 2027.2.0, please create a bug report at https://github.com/Tasshack/dreame-vacuum/issues
2026-02-09 06:06:10.202 WARNING (MainThread) [homeassistant.helpers.frame] Detected that custom integration 'dreame_vacuum' sets an invalid entity ID: 'select.p50 pro ultra_room_11_order'. In most cases, entities should not set entity_id, but if they do, it should be a valid entity ID.. This will stop working in Home Assistant 2027.2.0, please create a bug report at https://github.com/Tasshack/dreame-vacuum/issues
2026-02-09 06:06:10.203 WARNING (MainThread) [homeassistant.helpers.frame] Detected that custom integration 'dreame_vacuum' sets an invalid entity ID: 'select.p50 pro ultra_room_11_floor_material'. In most cases, entities should not set entity_id, but if they do, it should be a valid entity ID.. This will stop working in Home Assistant 2027.2.0, please create a bug report at https://github.com/Tasshack/dreame-vacuum/issues
2026-02-09 06:06:10.203 WARNING (MainThread) [homeassistant.helpers.frame] Detected that custom integration 'dreame_vacuum' sets an invalid entity ID: 'select.p50 pro ultra_room_11_floor_material_direction'. In most cases, entities should not set entity_id, but if they do, it should be a valid entity ID.. This will stop working in Home Assistant 2027.2.0, please create a bug report at https://github.com/Tasshack/dreame-vacuum/issues
2026-02-09 06:06:10.204 WARNING (MainThread) [homeassistant.helpers.frame] Detected that custom integration 'dreame_vacuum' sets an invalid entity ID: 'select.p50 pro ultra_room_11_visibility'. In most cases, entities should not set entity_id, but if they do, it should be a valid entity ID.. This will stop working in Home Assistant 2027.2.0, please create a bug report at https://github.com/Tasshack/dreame-vacuum/issues
2026-02-09 06:06:10.209 WARNING (MainThread) [homeassistant.helpers.frame] Detected that custom integration 'dreame_vacuum' sets an invalid entity ID: 'select.p50 pro ultra_room_11_name'. In most cases, entities should not set entity_id, but if they do, it should be a valid entity ID.. This will stop working in Home Assistant 2027.2.0, please create a bug report at https://github.com/Tasshack/dreame-vacuum/issues
2026-02-09 06:06:10.210 WARNING (MainThread) [homeassistant.helpers.frame] Detected that custom integration 'dreame_vacuum' sets an invalid entity ID: 'select.p50 pro ultra_room_12_suction_level'. In most cases, entities should not set entity_id, but if they do, it should be a valid entity ID.. This will stop working in Home Assistant 2027.2.0, please create a bug report at https://github.com/Tasshack/dreame-vacuum/issues
2026-02-09 06:06:10.211 WARNING (MainThread) [homeassistant.helpers.frame] Detected that custom integration 'dreame_vacuum' sets an invalid entity ID: 'select.p50 pro ultra_room_12_mop_pad_humidity'. In most cases, entities should not set entity_id, but if they do, it should be a valid entity ID.. This will stop working in Home Assistant 2027.2.0, please create a bug report at https://github.com/Tasshack/dreame-vacuum/issues
2026-02-09 06:06:10.212 WARNING (MainThread) [homeassistant.helpers.frame] Detected that custom integration 'dreame_vacuum' sets an invalid entity ID: 'select.p50 pro ultra_room_12_cleaning_mode'. In most cases, entities should not set entity_id, but if they do, it should be a valid entity ID.. This will stop working in Home Assistant 2027.2.0, please create a bug report at https://github.com/Tasshack/dreame-vacuum/issues
2026-02-09 06:06:10.213 WARNING (MainThread) [homeassistant.helpers.frame] Detected that custom integration 'dreame_vacuum' sets an invalid entity ID: 'select.p50 pro ultra_room_12_cleaning_times'. In most cases, entities should not set entity_id, but if they do, it should be a valid entity ID.. This will stop working in Home Assistant 2027.2.0, please create a bug report at https://github.com/Tasshack/dreame-vacuum/issues
2026-02-09 06:06:10.213 WARNING (MainThread) [homeassistant.helpers.frame] Detected that custom integration 'dreame_vacuum' sets an invalid entity ID: 'select.p50 pro ultra_room_12_cleaning_route'. In most cases, entities should not set entity_id, but if they do, it should be a valid entity ID.. This will stop working in Home Assistant 2027.2.0, please create a bug report at https://github.com/Tasshack/dreame-vacuum/issues
2026-02-09 06:06:10.215 WARNING (MainThread) [homeassistant.helpers.frame] Detected that custom integration 'dreame_vacuum' sets an invalid entity ID: 'select.p50 pro ultra_room_12_order'. In most cases, entities should not set entity_id, but if they do, it should be a valid entity ID.. This will stop working in Home Assistant 2027.2.0, please create a bug report at https://github.com/Tasshack/dreame-vacuum/issues
2026-02-09 06:06:10.216 WARNING (MainThread) [homeassistant.helpers.frame] Detected that custom integration 'dreame_vacuum' sets an invalid entity ID: 'select.p50 pro ultra_room_12_floor_material'. In most cases, entities should not set entity_id, but if they do, it should be a valid entity ID.. This will stop working in Home Assistant 2027.2.0, please create a bug report at https://github.com/Tasshack/dreame-vacuum/issues
2026-02-09 06:06:10.217 WARNING (MainThread) [homeassistant.helpers.frame] Detected that custom integration 'dreame_vacuum' sets an invalid entity ID: 'select.p50 pro ultra_room_12_floor_material_direction'. In most cases, entities should not set entity_id, but if they do, it should be a valid entity ID.. This will stop working in Home Assistant 2027.2.0, please create a bug report at https://github.com/Tasshack/dreame-vacuum/issues
2026-02-09 06:06:10.217 WARNING (MainThread) [homeassistant.helpers.frame] Detected that custom integration 'dreame_vacuum' sets an invalid entity ID: 'select.p50 pro ultra_room_12_visibility'. In most cases, entities should not set entity_id, but if they do, it should be a valid entity ID.. This will stop working in Home Assistant 2027.2.0, please create a bug report at https://github.com/Tasshack/dreame-vacuum/issues
2026-02-09 06:06:10.218 WARNING (MainThread) [homeassistant.helpers.frame] Detected that custom integration 'dreame_vacuum' sets an invalid entity ID: 'select.p50 pro ultra_room_12_name'. In most cases, entities should not set entity_id, but if they do, it should be a valid entity ID.. This will stop working in Home Assistant 2027.2.0, please create a bug report at https://github.com/Tasshack/dreame-vacuum/issues
2026-02-09 06:06:10.218 WARNING (MainThread) [homeassistant.helpers.frame] Detected that custom integration 'dreame_vacuum' sets an invalid entity ID: 'select.p50 pro ultra_room_13_suction_level'. In most cases, entities should not set entity_id, but if they do, it should be a valid entity ID.. This will stop working in Home Assistant 2027.2.0, please create a bug report at https://github.com/Tasshack/dreame-vacuum/issues
2026-02-09 06:06:10.219 WARNING (MainThread) [homeassistant.helpers.frame] Detected that custom integration 'dreame_vacuum' sets an invalid entity ID: 'select.p50 pro ultra_room_13_mop_pad_humidity'. In most cases, entities should not set entity_id, but if they do, it should be a valid entity ID.. This will stop working in Home Assistant 2027.2.0, please create a bug report at https://github.com/Tasshack/dreame-vacuum/issues
2026-02-09 06:06:10.221 WARNING (MainThread) [homeassistant.helpers.frame] Detected that custom integration 'dreame_vacuum' sets an invalid entity ID: 'select.p50 pro ultra_room_13_cleaning_mode'. In most cases, entities should not set entity_id, but if they do, it should be a valid entity ID.. This will stop working in Home Assistant 2027.2.0, please create a bug report at https://github.com/Tasshack/dreame-vacuum/issues
2026-02-09 06:06:10.222 WARNING (MainThread) [homeassistant.helpers.frame] Detected that custom integration 'dreame_vacuum' sets an invalid entity ID: 'select.p50 pro ultra_room_13_cleaning_times'. In most cases, entities should not set entity_id, but if they do, it should be a valid entity ID.. This will stop working in Home Assistant 2027.2.0, please create a bug report at https://github.com/Tasshack/dreame-vacuum/issues
2026-02-09 06:06:10.223 WARNING (MainThread) [homeassistant.helpers.frame] Detected that custom integration 'dreame_vacuum' sets an invalid entity ID: 'select.p50 pro ultra_room_13_cleaning_route'. In most cases, entities should not set entity_id, but if they do, it should be a valid entity ID.. This will stop working in Home Assistant 2027.2.0, please create a bug report at https://github.com/Tasshack/dreame-vacuum/issues
2026-02-09 06:06:10.224 WARNING (MainThread) [homeassistant.helpers.frame] Detected that custom integration 'dreame_vacuum' sets an invalid entity ID: 'select.p50 pro ultra_room_13_order'. In most cases, entities should not set entity_id, but if they do, it should be a valid entity ID.. This will stop working in Home Assistant 2027.2.0, please create a bug report at https://github.com/Tasshack/dreame-vacuum/issues
2026-02-09 06:06:10.225 WARNING (MainThread) [homeassistant.helpers.frame] Detected that custom integration 'dreame_vacuum' sets an invalid entity ID: 'select.p50 pro ultra_room_13_floor_material'. In most cases, entities should not set entity_id, but if they do, it should be a valid entity ID.. This will stop working in Home Assistant 2027.2.0, please create a bug report at https://github.com/Tasshack/dreame-vacuum/issues
2026-02-09 06:06:10.228 WARNING (MainThread) [homeassistant.helpers.frame] Detected that custom integration 'dreame_vacuum' sets an invalid entity ID: 'select.p50 pro ultra_room_13_floor_material_direction'. In most cases, entities should not set entity_id, but if they do, it should be a valid entity ID.. This will stop working in Home Assistant 2027.2.0, please create a bug report at https://github.com/Tasshack/dreame-vacuum/issues
2026-02-09 06:06:10.229 WARNING (MainThread) [homeassistant.helpers.frame] Detected that custom integration 'dreame_vacuum' sets an invalid entity ID: 'select.p50 pro ultra_room_13_visibility'. In most cases, entities should not set entity_id, but if they do, it should be a valid entity ID.. This will stop working in Home Assistant 2027.2.0, please create a bug report at https://github.com/Tasshack/dreame-vacuum/issues
2026-02-09 06:06:10.229 WARNING (MainThread) [homeassistant.helpers.frame] Detected that custom integration 'dreame_vacuum' sets an invalid entity ID: 'select.p50 pro ultra_room_13_name'. In most cases, entities should not set entity_id, but if they do, it should be a valid entity ID.. This will stop working in Home Assistant 2027.2.0, please create a bug report at https://github.com/Tasshack/dreame-vacuum/issues
2026-02-09 06:06:10.230 WARNING (MainThread) [homeassistant.helpers.frame] Detected that custom integration 'dreame_vacuum' sets an invalid entity ID: 'select.p50 pro ultra_room_14_suction_level'. In most cases, entities should not set entity_id, but if they do, it should be a valid entity ID.. This will stop working in Home Assistant 2027.2.0, please create a bug report at https://github.com/Tasshack/dreame-vacuum/issues
2026-02-09 06:06:10.231 WARNING (MainThread) [homeassistant.helpers.frame] Detected that custom integration 'dreame_vacuum' sets an invalid entity ID: 'select.p50 pro ultra_room_14_mop_pad_humidity'. In most cases, entities should not set entity_id, but if they do, it should be a valid entity ID.. This will stop working in Home Assistant 2027.2.0, please create a bug report at https://github.com/Tasshack/dreame-vacuum/issues
2026-02-09 06:06:10.231 WARNING (MainThread) [homeassistant.helpers.frame] Detected that custom integration 'dreame_vacuum' sets an invalid entity ID: 'select.p50 pro ultra_room_14_cleaning_mode'. In most cases, entities should not set entity_id, but if they do, it should be a valid entity ID.. This will stop working in Home Assistant 2027.2.0, please create a bug report at https://github.com/Tasshack/dreame-vacuum/issues
2026-02-09 06:06:10.232 WARNING (MainThread) [homeassistant.helpers.frame] Detected that custom integration 'dreame_vacuum' sets an invalid entity ID: 'select.p50 pro ultra_room_14_cleaning_times'. In most cases, entities should not set entity_id, but if they do, it should be a valid entity ID.. This will stop working in Home Assistant 2027.2.0, please create a bug report at https://github.com/Tasshack/dreame-vacuum/issues
2026-02-09 06:06:10.233 WARNING (MainThread) [homeassistant.helpers.frame] Detected that custom integration 'dreame_vacuum' sets an invalid entity ID: 'select.p50 pro ultra_room_14_cleaning_route'. In most cases, entities should not set entity_id, but if they do, it should be a valid entity ID.. This will stop working in Home Assistant 2027.2.0, please create a bug report at https://github.com/Tasshack/dreame-vacuum/issues
2026-02-09 06:06:10.234 WARNING (MainThread) [homeassistant.helpers.frame] Detected that custom integration 'dreame_vacuum' sets an invalid entity ID: 'select.p50 pro ultra_room_14_order'. In most cases, entities should not set entity_id, but if they do, it should be a valid entity ID.. This will stop working in Home Assistant 2027.2.0, please create a bug report at https://github.com/Tasshack/dreame-vacuum/issues
2026-02-09 06:06:10.235 WARNING (MainThread) [homeassistant.helpers.frame] Detected that custom integration 'dreame_vacuum' sets an invalid entity ID: 'select.p50 pro ultra_room_14_floor_material'. In most cases, entities should not set entity_id, but if they do, it should be a valid entity ID.. This will stop working in Home Assistant 2027.2.0, please create a bug report at https://github.com/Tasshack/dreame-vacuum/issues
2026-02-09 06:06:10.236 WARNING (MainThread) [homeassistant.helpers.frame] Detected that custom integration 'dreame_vacuum' sets an invalid entity ID: 'select.p50 pro ultra_room_14_floor_material_direction'. In most cases, entities should not set entity_id, but if they do, it should be a valid entity ID.. This will stop working in Home Assistant 2027.2.0, please create a bug report at https://github.com/Tasshack/dreame-vacuum/issues
2026-02-09 06:06:10.236 WARNING (MainThread) [homeassistant.helpers.frame] Detected that custom integration 'dreame_vacuum' sets an invalid entity ID: 'select.p50 pro ultra_room_14_visibility'. In most cases, entities should not set entity_id, but if they do, it should be a valid entity ID.. This will stop working in Home Assistant 2027.2.0, please create a bug report at https://github.com/Tasshack/dreame-vacuum/issues
2026-02-09 06:06:10.237 WARNING (MainThread) [homeassistant.helpers.frame] Detected that custom integration 'dreame_vacuum' sets an invalid entity ID: 'select.p50 pro ultra_room_14_name'. In most cases, entities should not set entity_id, but if they do, it should be a valid entity ID.. This will stop working in Home Assistant 2027.2.0, please create a bug report at https://github.com/Tasshack/dreame-vacuum/issues
2026-02-09 06:06:10.237 WARNING (MainThread) [homeassistant.helpers.frame] Detected that custom integration 'dreame_vacuum' sets an invalid entity ID: 'select.p50 pro ultra_room_15_suction_level'. In most cases, entities should not set entity_id, but if they do, it should be a valid entity ID.. This will stop working in Home Assistant 2027.2.0, please create a bug report at https://github.com/Tasshack/dreame-vacuum/issues
2026-02-09 06:06:10.238 WARNING (MainThread) [homeassistant.helpers.frame] Detected that custom integration 'dreame_vacuum' sets an invalid entity ID: 'select.p50 pro ultra_room_15_mop_pad_humidity'. In most cases, entities should not set entity_id, but if they do, it should be a valid entity ID.. This will stop working in Home Assistant 2027.2.0, please create a bug report at https://github.com/Tasshack/dreame-vacuum/issues
2026-02-09 06:06:10.238 WARNING (MainThread) [homeassistant.helpers.frame] Detected that custom integration 'dreame_vacuum' sets an invalid entity ID: 'select.p50 pro ultra_room_15_cleaning_mode'. In most cases, entities should not set entity_id, but if they do, it should be a valid entity ID.. This will stop working in Home Assistant 2027.2.0, please create a bug report at https://github.com/Tasshack/dreame-vacuum/issues
2026-02-09 06:06:10.239 WARNING (MainThread) [homeassistant.helpers.frame] Detected that custom integration 'dreame_vacuum' sets an invalid entity ID: 'select.p50 pro ultra_room_15_cleaning_times'. In most cases, entities should not set entity_id, but if they do, it should be a valid entity ID.. This will stop working in Home Assistant 2027.2.0, please create a bug report at https://github.com/Tasshack/dreame-vacuum/issues
2026-02-09 06:06:10.240 WARNING (MainThread) [homeassistant.helpers.frame] Detected that custom integration 'dreame_vacuum' sets an invalid entity ID: 'select.p50 pro ultra_room_15_cleaning_route'. In most cases, entities should not set entity_id, but if they do, it should be a valid entity ID.. This will stop working in Home Assistant 2027.2.0, please create a bug report at https://github.com/Tasshack/dreame-vacuum/issues
2026-02-09 06:06:10.240 WARNING (MainThread) [homeassistant.helpers.frame] Detected that custom integration 'dreame_vacuum' sets an invalid entity ID: 'select.p50 pro ultra_room_15_order'. In most cases, entities should not set entity_id, but if they do, it should be a valid entity ID.. This will stop working in Home Assistant 2027.2.0, please create a bug report at https://github.com/Tasshack/dreame-vacuum/issues
2026-02-09 06:06:10.241 WARNING (MainThread) [homeassistant.helpers.frame] Detected that custom integration 'dreame_vacuum' sets an invalid entity ID: 'select.p50 pro ultra_room_15_floor_material'. In most cases, entities should not set entity_id, but if they do, it should be a valid entity ID.. This will stop working in Home Assistant 2027.2.0, please create a bug report at https://github.com/Tasshack/dreame-vacuum/issues
2026-02-09 06:06:10.242 WARNING (MainThread) [homeassistant.helpers.frame] Detected that custom integration 'dreame_vacuum' sets an invalid entity ID: 'select.p50 pro ultra_room_15_floor_material_direction'. In most cases, entities should not set entity_id, but if they do, it should be a valid entity ID.. This will stop working in Home Assistant 2027.2.0, please create a bug report at https://github.com/Tasshack/dreame-vacuum/issues
2026-02-09 06:06:10.242 WARNING (MainThread) [homeassistant.helpers.frame] Detected that custom integration 'dreame_vacuum' sets an invalid entity ID: 'select.p50 pro ultra_room_15_visibility'. In most cases, entities should not set entity_id, but if they do, it should be a valid entity ID.. This will stop working in Home Assistant 2027.2.0, please create a bug report at https://github.com/Tasshack/dreame-vacuum/issues
2026-02-09 06:06:10.243 WARNING (MainThread) [homeassistant.helpers.frame] Detected that custom integration 'dreame_vacuum' sets an invalid entity ID: 'select.p50 pro ultra_room_15_name'. In most cases, entities should not set entity_id, but if they do, it should be a valid entity ID.. This will stop working in Home Assistant 2027.2.0, please create a bug report at https://github.com/Tasshack/dreame-vacuum/issues
2026-02-09 06:06:24.954 WARNING (MainThread) [homeassistant.helpers.frame] Detected that custom integration 'openwb2mqtt' sets an invalid entity ID: 'binary_sensor.openWB-counter-0-Fehler'. In most cases, entities should not set entity_id, but if they do, it should be a valid entity ID.. This will stop working in Home Assistant 2027.2.0, please create a bug report at https://github.com/a529987659852/openwb2mqtt/issues
2026-02-09 06:06:24.986 WARNING (MainThread) [homeassistant.helpers.frame] Detected that custom integration 'openwb2mqtt' sets an invalid entity ID: 'binary_sensor.openWB-pv-1-Fehler'. In most cases, entities should not set entity_id, but if they do, it should be a valid entity ID.. This will stop working in Home Assistant 2027.2.0, please create a bug report at https://github.com/a529987659852/openwb2mqtt/issues
2026-02-09 06:06:25.041 WARNING (MainThread) [homeassistant.helpers.frame] Detected that custom integration 'openwb2mqtt' sets an invalid entity ID: 'binary_sensor.openWB-pv-10-Fehler'. In most cases, entities should not set entity_id, but if they do, it should be a valid entity ID.. This will stop working in Home Assistant 2027.2.0, please create a bug report at https://github.com/a529987659852/openwb2mqtt/issues
2026-02-09 06:06:25.057 WARNING (MainThread) [homeassistant.helpers.frame] Detected that custom integration 'openwb2mqtt' sets an invalid entity ID: 'binary_sensor.openWB-bat-3-Fehler'. In most cases, entities should not set entity_id, but if they do, it should be a valid entity ID.. This will stop working in Home Assistant 2027.2.0, please create a bug report at https://github.com/a529987659852/openwb2mqtt/issues
2026-02-09 06:06:25.070 WARNING (MainThread) [homeassistant.helpers.frame] Detected that custom integration 'openwb2mqtt' sets an invalid entity ID: 'binary_sensor.openWB-vehicle-0-Fehler'. In most cases, entities should not set entity_id, but if they do, it should be a valid entity ID.. This will stop working in Home Assistant 2027.2.0, please create a bug report at https://github.com/a529987659852/openwb2mqtt/issues
2026-02-09 06:06:25.082 WARNING (MainThread) [homeassistant.helpers.frame] Detected that custom integration 'openwb2mqtt' sets an invalid entity ID: 'binary_sensor.openWB-chargepoint-4-Ladekabel'. In most cases, entities should not set entity_id, but if they do, it should be a valid entity ID.. This will stop working in Home Assistant 2027.2.0, please create a bug report at https://github.com/a529987659852/openwb2mqtt/issues
2026-02-09 06:06:25.084 WARNING (MainThread) [homeassistant.helpers.frame] Detected that custom integration 'openwb2mqtt' sets an invalid entity ID: 'binary_sensor.openWB-chargepoint-4-Autoladestatus'. In most cases, entities should not set entity_id, but if they do, it should be a valid entity ID.. This will stop working in Home Assistant 2027.2.0, please create a bug report at https://github.com/a529987659852/openwb2mqtt/issues
2026-02-09 06:06:25.085 WARNING (MainThread) [homeassistant.helpers.frame] Detected that custom integration 'openwb2mqtt' sets an invalid entity ID: 'binary_sensor.openWB-chargepoint-4-Fehler'. In most cases, entities should not set entity_id, but if they do, it should be a valid entity ID.. This will stop working in Home Assistant 2027.2.0, please create a bug report at https://github.com/a529987659852/openwb2mqtt/issues
2026-02-09 06:06:25.088 WARNING (MainThread) [homeassistant.helpers.frame] Detected that custom integration 'openwb2mqtt' sets an invalid entity ID: 'lock.openWB-chargepoint-4-Manuelle Sperre'. In most cases, entities should not set entity_id, but if they do, it should be a valid entity ID.. This will stop working in Home Assistant 2027.2.0, please create a bug report at https://github.com/a529987659852/openwb2mqtt/issues
2026-02-09 06:06:25.101 WARNING (MainThread) [homeassistant.helpers.frame] Detected that custom integration 'openwb2mqtt' sets an invalid entity ID: 'number.openWB-chargepoint-4-Aktueller SoC (Manuelles SoC Modul)'. In most cases, entities should not set entity_id, but if they do, it should be a valid entity ID.. This will stop working in Home Assistant 2027.2.0, please create a bug report at https://github.com/a529987659852/openwb2mqtt/issues
2026-02-09 06:06:25.102 WARNING (MainThread) [homeassistant.helpers.frame] Detected that custom integration 'openwb2mqtt' sets an invalid entity ID: 'number.openWB-chargepoint-4-Soll-Ladestrom (Sofortladen)'. In most cases, entities should not set entity_id, but if they do, it should be a valid entity ID.. This will stop working in Home Assistant 2027.2.0, please create a bug report at https://github.com/a529987659852/openwb2mqtt/issues
2026-02-09 06:06:25.104 WARNING (MainThread) [homeassistant.helpers.frame] Detected that custom integration 'openwb2mqtt' sets an invalid entity ID: 'number.openWB-chargepoint-4-Min. Dauerstrom (PV-Laden)'. In most cases, entities should not set entity_id, but if they do, it should be a valid entity ID.. This will stop working in Home Assistant 2027.2.0, please create a bug report at https://github.com/a529987659852/openwb2mqtt/issues
2026-02-09 06:06:25.106 WARNING (MainThread) [homeassistant.helpers.frame] Detected that custom integration 'openwb2mqtt' sets an invalid entity ID: 'number.openWB-chargepoint-4-Energie-Limit (Sofortladen)'. In most cases, entities should not set entity_id, but if they do, it should be a valid entity ID.. This will stop working in Home Assistant 2027.2.0, please create a bug report at https://github.com/a529987659852/openwb2mqtt/issues
2026-02-09 06:06:25.108 WARNING (MainThread) [homeassistant.helpers.frame] Detected that custom integration 'openwb2mqtt' sets an invalid entity ID: 'number.openWB-chargepoint-4-SoC-Limit (Sofortladen)'. In most cases, entities should not set entity_id, but if they do, it should be a valid entity ID.. This will stop working in Home Assistant 2027.2.0, please create a bug report at https://github.com/a529987659852/openwb2mqtt/issues
2026-02-09 06:06:25.109 WARNING (MainThread) [homeassistant.helpers.frame] Detected that custom integration 'openwb2mqtt' sets an invalid entity ID: 'number.openWB-chargepoint-4-Max. Preis (Strompreisbasiertes Laden)'. In most cases, entities should not set entity_id, but if they do, it should be a valid entity ID.. This will stop working in Home Assistant 2027.2.0, please create a bug report at https://github.com/a529987659852/openwb2mqtt/issues
2026-02-09 06:06:25.112 WARNING (MainThread) [homeassistant.helpers.frame] Detected that custom integration 'openwb2mqtt' sets an invalid entity ID: 'select.openWB-chargepoint-4-Lademodus'. In most cases, entities should not set entity_id, but if they do, it should be a valid entity ID.. This will stop working in Home Assistant 2027.2.0, please create a bug report at https://github.com/a529987659852/openwb2mqtt/issues
2026-02-09 06:06:25.113 WARNING (MainThread) [homeassistant.helpers.frame] Detected that custom integration 'openwb2mqtt' sets an invalid entity ID: 'select.openWB-chargepoint-4-Angeschlossenes Fahrzeug'. In most cases, entities should not set entity_id, but if they do, it should be a valid entity ID.. This will stop working in Home Assistant 2027.2.0, please create a bug report at https://github.com/a529987659852/openwb2mqtt/issues
2026-02-09 06:06:25.114 WARNING (MainThread) [homeassistant.helpers.frame] Detected that custom integration 'openwb2mqtt' sets an invalid entity ID: 'select.openWB-chargepoint-4-Begrenzung (Sofortladen)'. In most cases, entities should not set entity_id, but if they do, it should be a valid entity ID.. This will stop working in Home Assistant 2027.2.0, please create a bug report at https://github.com/a529987659852/openwb2mqtt/issues
2026-02-09 06:06:27.777 ERROR (MainThread) [homeassistant.components.mqtt.client] Exception in message_received when handling msg on 'openWB/vehicle/0/get/range': 'null'
Traceback (most recent call last):
  File "/usr/src/homeassistant/homeassistant/components/sensor/__init__.py", line 684, in state
    numerical_value = int(value)
ValueError: invalid literal for int() with base 10: 'null'

During handling of the above exception, another exception occurred:

Traceback (most recent call last):
  File "/usr/src/homeassistant/homeassistant/components/sensor/__init__.py", line 687, in state
    numerical_value = float(value)
ValueError: could not convert string to float: 'null'

The above exception was the direct cause of the following exception:

Traceback (most recent call last):
  File "/config/custom_components/openwb2mqtt/sensor.py", line 339, in message_received
    self.async_write_ha_state()
    ~~~~~~~~~~~~~~~~~~~~~~~~~^^
  File "/usr/src/homeassistant/homeassistant/helpers/entity.py", line 1018, in async_write_ha_state
    self._async_write_ha_state()
    ~~~~~~~~~~~~~~~~~~~~~~~~~~^^
  File "/usr/src/homeassistant/homeassistant/helpers/entity.py", line 1163, in _async_write_ha_state
    ) = self.__async_calculate_state()
        ~~~~~~~~~~~~~~~~~~~~~~~~~~~~^^
  File "/usr/src/homeassistant/homeassistant/helpers/entity.py", line 1070, in __async_calculate_state
    state = self._stringify_state(available)
  File "/usr/src/homeassistant/homeassistant/helpers/entity.py", line 1024, in _stringify_state
    if (state := self.state) is None:
                 ^^^^^^^^^^
  File "/usr/src/homeassistant/homeassistant/components/sensor/__init__.py", line 691, in state
    raise ValueError(
    ...<5 lines>...
    ) from err
ValueError: Sensor sensor.openwb_vehicle_0_reichweite has device class 'None', state class 'measurement' unit 'km' and suggested precision '0' thus indicating it has a numeric value; however, it has the non-numeric value: 'null' (<class 'str'>)

2026-02-09 06:06:38.762 ERROR (MainThread) [homeassistant.components.mqtt.client] Exception in message_received when handling msg on 'openWB/vehicle/0/get/range': 'null'
Traceback (most recent call last):
  File "/usr/src/homeassistant/homeassistant/components/sensor/__init__.py", line 684, in state
    numerical_value = int(value)
ValueError: invalid literal for int() with base 10: 'null'

During handling of the above exception, another exception occurred:

Traceback (most recent call last):
  File "/usr/src/homeassistant/homeassistant/components/sensor/__init__.py", line 687, in state
    numerical_value = float(value)
ValueError: could not convert string to float: 'null'

The above exception was the direct cause of the following exception:

Traceback (most recent call last):
  File "/config/custom_components/openwb2mqtt/sensor.py", line 339, in message_received
    self.async_write_ha_state()
    ~~~~~~~~~~~~~~~~~~~~~~~~~^^
  File "/usr/src/homeassistant/homeassistant/helpers/entity.py", line 1018, in async_write_ha_state
    self._async_write_ha_state()
    ~~~~~~~~~~~~~~~~~~~~~~~~~~^^
  File "/usr/src/homeassistant/homeassistant/helpers/entity.py", line 1163, in _async_write_ha_state
    ) = self.__async_calculate_state()
        ~~~~~~~~~~~~~~~~~~~~~~~~~~~~^^
  File "/usr/src/homeassistant/homeassistant/helpers/entity.py", line 1070, in __async_calculate_state
    state = self._stringify_state(available)
  File "/usr/src/homeassistant/homeassistant/helpers/entity.py", line 1024, in _stringify_state
    if (state := self.state) is None:
                 ^^^^^^^^^^
  File "/usr/src/homeassistant/homeassistant/components/sensor/__init__.py", line 691, in state
    raise ValueError(
    ...<5 lines>...
    ) from err
ValueError: Sensor sensor.openwb_vehicle_0_reichweite has device class 'None', state class 'measurement' unit 'km' and suggested precision '0' thus indicating it has a numeric value; however, it has the non-numeric value: 'null' (<class 'str'>)

2026-02-09 06:06:38.838 ERROR (MainThread) [homeassistant.components.mqtt.client] Exception in message_received when handling msg on 'openWB/vehicle/0/get/range': 'null'
Traceback (most recent call last):
  File "/usr/src/homeassistant/homeassistant/components/sensor/__init__.py", line 684, in state
    numerical_value = int(value)
ValueError: invalid literal for int() with base 10: 'null'

During handling of the above exception, another exception occurred:

Traceback (most recent call last):
  File "/usr/src/homeassistant/homeassistant/components/sensor/__init__.py", line 687, in state
    numerical_value = float(value)
ValueError: could not convert string to float: 'null'

The above exception was the direct cause of the following exception:

Traceback (most recent call last):
  File "/config/custom_components/openwb2mqtt/sensor.py", line 339, in message_received
    self.async_write_ha_state()
    ~~~~~~~~~~~~~~~~~~~~~~~~~^^
  File "/usr/src/homeassistant/homeassistant/helpers/entity.py", line 1018, in async_write_ha_state
    self._async_write_ha_state()
    ~~~~~~~~~~~~~~~~~~~~~~~~~~^^
  File "/usr/src/homeassistant/homeassistant/helpers/entity.py", line 1163, in _async_write_ha_state
    ) = self.__async_calculate_state()
        ~~~~~~~~~~~~~~~~~~~~~~~~~~~~^^
  File "/usr/src/homeassistant/homeassistant/helpers/entity.py", line 1070, in __async_calculate_state
    state = self._stringify_state(available)
  File "/usr/src/homeassistant/homeassistant/helpers/entity.py", line 1024, in _stringify_state
    if (state := self.state) is None:
                 ^^^^^^^^^^
  File "/usr/src/homeassistant/homeassistant/components/sensor/__init__.py", line 691, in state
    raise ValueError(
    ...<5 lines>...
    ) from err
ValueError: Sensor sensor.openwb_vehicle_0_reichweite has device class 'None', state class 'measurement' unit 'km' and suggested precision '0' thus indicating it has a numeric value; however, it has the non-numeric value: 'null' (<class 'str'>)

2026-02-09 06:06:47.865 WARNING (MainThread) [homeassistant.helpers.template] Template variable warning: 'dict object' has no attribute 'cmi' when rendering '{{ value_json.cmi }}'
2026-02-09 06:06:55.120 ERROR (MainThread) [custom_components.alert2.util] Exception reported: {'domain': 'alert2', 'name': 'global_exception', 'message': 'An HA task (possibly unrelated to Alert2) died to due to an unhandled exception: &lt;class \'ValueError\'&gt;: Sensor sensor.openwb_vehicle_0_reichweite has device class \'None\', state class \'measurement\' unit \'km\' and suggested precision \'0\' thus indicating it has a numeric value; however, it has the non-numeric value: \'null\' (&lt;class \'str\'&gt;). full context: {\'message\': \'Task exception was never retrieved\', \'exception\': ValueError("Sensor sensor.openwb_vehicle_0_reichweite has device class \'None\', state class \'measurement\' unit \'km\' and suggested precision \'0\' thus indicating it has a numeric value; however, it has the non-numeric value: \'null\' (&lt;class \'str\'&gt;)"), \'future\': &lt;Task finished name=\'EntityPlatform poll sensor.openwb2mqtt\' exception=ValueError("Sensor sensor.openwb_vehicle_0_reichweite has device class \'None\', state class \'measurement\' unit \'km\' and suggested precision \'0\' thus indicating it has a numeric value; however, it has the non-numeric value: \'null\' (&lt;class \'str\'&gt;)")&gt;}'}
NoneType: None
2026-02-09 06:06:55.123 ERROR (MainThread) [homeassistant] Error doing job: Task exception was never retrieved (task: None)
Traceback (most recent call last):
  File "/usr/src/homeassistant/homeassistant/components/sensor/__init__.py", line 684, in state
    numerical_value = int(value)
ValueError: invalid literal for int() with base 10: 'null'

During handling of the above exception, another exception occurred:

Traceback (most recent call last):
  File "/usr/src/homeassistant/homeassistant/components/sensor/__init__.py", line 687, in state
    numerical_value = float(value)
ValueError: could not convert string to float: 'null'

The above exception was the direct cause of the following exception:

Traceback (most recent call last):
  File "/usr/src/homeassistant/homeassistant/helpers/entity_platform.py", line 1141, in _async_update_entity_states
    await asyncio.gather(*tasks)
  File "/usr/src/homeassistant/homeassistant/helpers/entity.py", line 973, in async_update_ha_state
    self._async_write_ha_state()
    ~~~~~~~~~~~~~~~~~~~~~~~~~~^^
  File "/usr/src/homeassistant/homeassistant/helpers/entity.py", line 1163, in _async_write_ha_state
    ) = self.__async_calculate_state()
        ~~~~~~~~~~~~~~~~~~~~~~~~~~~~^^
  File "/usr/src/homeassistant/homeassistant/helpers/entity.py", line 1070, in __async_calculate_state
    state = self._stringify_state(available)
  File "/usr/src/homeassistant/homeassistant/helpers/entity.py", line 1024, in _stringify_state
    if (state := self.state) is None:
                 ^^^^^^^^^^
  File "/usr/src/homeassistant/homeassistant/components/sensor/__init__.py", line 691, in state
    raise ValueError(
    ...<5 lines>...
    ) from err
ValueError: Sensor sensor.openwb_vehicle_0_reichweite has device class 'None', state class 'measurement' unit 'km' and suggested precision '0' thus indicating it has a numeric value; however, it has the non-numeric value: 'null' (<class 'str'>)
2026-02-09 06:06:55.208 ERROR (MainThread) [homeassistant.core] Error running job: <Job onetime listen homeassistant_start <function _async_at_core_state.<locals>._matched_event at 0x7f6b7c79c0> HassJobType.Callback <_OneTimeListener homeassistant.helpers.start:<function _async_at_core_state.<locals>._matched_event at 0x7f6b7c79c0>>>
Traceback (most recent call last):
  File "/usr/src/homeassistant/homeassistant/components/sensor/__init__.py", line 684, in state
    numerical_value = int(value)
ValueError: invalid literal for int() with base 10: 'unknown'

During handling of the above exception, another exception occurred:

Traceback (most recent call last):
  File "/usr/src/homeassistant/homeassistant/components/sensor/__init__.py", line 687, in state
    numerical_value = float(value)
ValueError: could not convert string to float: 'unknown'

The above exception was the direct cause of the following exception:

Traceback (most recent call last):
  File "/usr/src/homeassistant/homeassistant/core.py", line 1540, in async_fire_internal
    self._hass.async_run_hass_job(job, event)
    ~~~~~~~~~~~~~~~~~~~~~~~~~~~~~^^^^^^^^^^^^
  File "/usr/src/homeassistant/homeassistant/core.py", line 902, in async_run_hass_job
    hassjob.target(*args)
    ~~~~~~~~~~~~~~^^^^^^^
  File "/usr/src/homeassistant/homeassistant/core.py", line 1401, in __call__
    self.hass.async_run_hass_job(self.listener_job, event)
    ~~~~~~~~~~~~~~~~~~~~~~~~~~~~^^^^^^^^^^^^^^^^^^^^^^^^^^
  File "/usr/src/homeassistant/homeassistant/core.py", line 902, in async_run_hass_job
    hassjob.target(*args)
    ~~~~~~~~~~~~~~^^^^^^^
  File "/usr/src/homeassistant/homeassistant/helpers/start.py", line 44, in _matched_event
    hass.async_run_hass_job(at_start_job, hass)
    ~~~~~~~~~~~~~~~~~~~~~~~^^^^^^^^^^^^^^^^^^^^
  File "/usr/src/homeassistant/homeassistant/core.py", line 902, in async_run_hass_job
    hassjob.target(*args)
    ~~~~~~~~~~~~~~^^^^^^^
  File "/usr/src/homeassistant/homeassistant/components/template/template_entity.py", line 464, in _async_template_startup
    result_info.async_refresh()
    ~~~~~~~~~~~~~~~~~~~~~~~~~^^
  File "/usr/src/homeassistant/homeassistant/helpers/event.py", line 1133, in async_refresh
    self._refresh(None)
    ~~~~~~~~~~~~~^^^^^^
  File "/usr/src/homeassistant/homeassistant/helpers/event.py", line 1319, in _refresh
    self.hass.async_run_hass_job(self._job, event, updates)
    ~~~~~~~~~~~~~~~~~~~~~~~~~~~~^^^^^^^^^^^^^^^^^^^^^^^^^^^
  File "/usr/src/homeassistant/homeassistant/core.py", line 902, in async_run_hass_job
    hassjob.target(*args)
    ~~~~~~~~~~~~~~^^^^^^^
  File "/usr/src/homeassistant/homeassistant/components/template/template_entity.py", line 406, in _handle_results
    self.async_write_ha_state()
    ~~~~~~~~~~~~~~~~~~~~~~~~~^^
  File "/usr/src/homeassistant/homeassistant/helpers/entity.py", line 1018, in async_write_ha_state
    self._async_write_ha_state()
    ~~~~~~~~~~~~~~~~~~~~~~~~~~^^
  File "/usr/src/homeassistant/homeassistant/helpers/entity.py", line 1163, in _async_write_ha_state
    ) = self.__async_calculate_state()
        ~~~~~~~~~~~~~~~~~~~~~~~~~~~~^^
  File "/usr/src/homeassistant/homeassistant/helpers/entity.py", line 1070, in __async_calculate_state
    state = self._stringify_state(available)
  File "/usr/src/homeassistant/homeassistant/helpers/entity.py", line 1024, in _stringify_state
    if (state := self.state) is None:
                 ^^^^^^^^^^
  File "/usr/src/homeassistant/homeassistant/components/sensor/__init__.py", line 691, in state
    raise ValueError(
    ...<5 lines>...
    ) from err
ValueError: Sensor sensor.technische_ausgabetemperatur_warmwasser has device class 'temperature', state class 'measurement' unit 'C' and suggested precision 'None' thus indicating it has a numeric value; however, it has the non-numeric value: 'unknown' (<class 'str'>)
2026-02-09 06:06:55.308 WARNING (MainThread) [custom_components.alert2.entities] Activity alert2.alert2_global_exception fired
2026-02-09 06:06:55.308 WARNING (MainThread) [custom_components.alert2.entities] Alert2 alert2_global_exception: An HA task (possibly unrelated to Alert2) died to due to an unhandled exception: &lt;class 'ValueError'&gt;: Sensor sensor.openwb_vehicle_0_reichweite has device class 'None', state class 'measurement' unit 'km' and suggested precision '0' thus indicating it has a numeric value; however, it has the non-numeric value: 'null' (&lt;class 'str'&gt;). full context: {'message': 'Task exception was never retrieved', 'exception': ValueError("Sensor sensor.openwb_vehicle_0_reichweite has device class 'None', state class 'measurement' unit 'km' and suggested precision '0' thus indicating it has a numeric value; however, it has the non-numeric value: 'null' (&lt;class 'str'&gt;)"), 'future': &lt;Task finished name='EntityPlatform poll sensor.openwb2mqtt' exception=ValueError("Sensor sensor.openwb_vehicle_0_reichweite has device class 'None', state class 'measurement' unit 'km' and suggested precision '0' thus indicating it has a numeric value; however, it has the non-numeric value: 'null' (&lt;class 'str'&gt;)")&gt;}
2026-02-09 06:06:55.309 WARNING (MainThread) [custom_components.alert2.entities]   alert2.alert2_global_exception skipping notify disabled: Alert2 alert2_global_exception: An HA task (possibly unrelated to Alert2) died to due to an unhandled exception: &lt;class 'ValueError'&gt;: Sensor sensor.openwb_vehicle_0_reichweite has device class 'None', state class 'measurement' unit 'km' and suggested precision '0' thus indicating it has a numeric value; however, it has the non-numeric value: 'null' (&lt;class 'str'&gt;). full context: {'message': 'Task exception was never retrieved', 'exception': ValueError("Sensor sensor.openwb_vehicle_0_reichweite has device class 'None', state class 'measurement' unit 'km' and suggested precision '0' thus indicating it has a numeric value; however, it has the non-numeric value: 'null' (&lt;class 'str'&gt;)"), 'future': &lt;Task finished name='EntityPlatform poll sensor.openwb2mqtt' exception=ValueError("Sensor sensor.openwb_vehicle_0_reichweite has device class 'None', state class 'measurement' unit 'km' and suggested precision '0' thus indicating it has a numeric value; however, it has the non-numeric value: 'null' (&lt;class 'str'&gt;)")&gt;}
2026-02-09 06:06:58.176 ERROR (MainThread) [homeassistant.components.automation.debug_restart_notify] DEBUG: restart notify: Error executing script. Invalid data for call_service at pos 2: must contain at least one of entity_id, device_id, area_id, floor_id, label_id.
2026-02-09 06:06:58.194 ERROR (MainThread) [homeassistant.components.automation.debug_restart_notify] Error while executing automation automation.debug_restart_notify: must contain at least one of entity_id, device_id, area_id, floor_id, label_id.
2026-02-09 06:07:06.965 ERROR (MainThread) [frontend.js.modern.202601286] Uncaught error from Chrome WebView 144.0.7559.109 on Android 14
Error: Failed to execute 'define' on 'CustomElementRegistry': the name "mmp-checkbox" has already been used with this registry
S.define (node_modules/@webcomponents/scoped-custom-element-registry/src/scoped-custom-element-registry.ts:180:12)
/hacsfiles/mini-media-player/mini-media-player-bundle.js:162:67
/hacsfiles/mini-media-player/mini-media-player-bundle.js:162:82
t (/hacsfiles/mini-media-player/mini-media-player-bundle.js:15:250)
/hacsfiles/mini-media-player/mini-media-player-bundle.js:708:170
2026-02-09 06:07:06.966 ERROR (MainThread) [frontend.js.modern.202601286] Uncaught error from Chrome WebView 144.0.7559.109 on Android 14
Error: Failed to execute 'define' on 'CustomElementRegistry': the name "mmp-checkbox" has already been used with this registry
S.define (node_modules/@webcomponents/scoped-custom-element-registry/src/scoped-custom-element-registry.ts:180:12)
/hacsfiles/mini-media-player/mini-media-player-bundle.js:162:67
/hacsfiles/mini-media-player/mini-media-player-bundle.js:162:82
t (/hacsfiles/mini-media-player/mini-media-player-bundle.js:15:250)
/hacsfiles/mini-media-player/mini-media-player-bundle.js:708:170
2026-02-09 06:07:20.828 ERROR (MainThread) [homeassistant.components.websocket_api.commands] Unable to get manifest for integration meross_lan: Integration 'meross_lan' not found.
2026-02-09 06:07:27.288 ERROR (Recorder) [custom_components.alert2.util] Exception reported: {'domain': 'alert2', 'name': 'global_exception', 'message': 'An HA task (possibly unrelated to Alert2) died to due to an unhandled exception: &lt;class \'ValueError\'&gt;: Sensor sensor.openwb_vehicle_0_reichweite has device class \'None\', state class \'measurement\' unit \'km\' and suggested precision \'0\' thus indicating it has a numeric value; however, it has the non-numeric value: \'null\' (&lt;class \'str\'&gt;). full context: {\'message\': \'Task exception was never retrieved\', \'exception\': ValueError("Sensor sensor.openwb_vehicle_0_reichweite has device class \'None\', state class \'measurement\' unit \'km\' and suggested precision \'0\' thus indicating it has a numeric value; however, it has the non-numeric value: \'null\' (&lt;class \'str\'&gt;)"), \'future\': &lt;Task finished name=\'EntityPlatform poll sensor.openwb2mqtt\' exception=ValueError("Sensor sensor.openwb_vehicle_0_reichweite has device class \'None\', state class \'measurement\' unit \'km\' and suggested precision \'0\' thus indicating it has a numeric value; however, it has the non-numeric value: \'null\' (&lt;class \'str\'&gt;)")&gt;}'}
NoneType: None
2026-02-09 06:07:27.292 WARNING (MainThread) [custom_components.alert2.entities] Activity alert2.alert2_global_exception fired
2026-02-09 06:07:27.293 WARNING (MainThread) [custom_components.alert2.entities] Alert2 alert2_global_exception: An HA task (possibly unrelated to Alert2) died to due to an unhandled exception: &lt;class 'ValueError'&gt;: Sensor sensor.openwb_vehicle_0_reichweite has device class 'None', state class 'measurement' unit 'km' and suggested precision '0' thus indicating it has a numeric value; however, it has the non-numeric value: 'null' (&lt;class 'str'&gt;). full context: {'message': 'Task exception was never retrieved', 'exception': ValueError("Sensor sensor.openwb_vehicle_0_reichweite has device class 'None', state class 'measurement' unit 'km' and suggested precision '0' thus indicating it has a numeric value; however, it has the non-numeric value: 'null' (&lt;class 'str'&gt;)"), 'future': &lt;Task finished name='EntityPlatform poll sensor.openwb2mqtt' exception=ValueError("Sensor sensor.openwb_vehicle_0_reichweite has device class 'None', state class 'measurement' unit 'km' and suggested precision '0' thus indicating it has a numeric value; however, it has the non-numeric value: 'null' (&lt;class 'str'&gt;)")&gt;}
2026-02-09 06:07:27.294 WARNING (MainThread) [custom_components.alert2.entities]   alert2.alert2_global_exception skipping notify disabled: Alert2 alert2_global_exception: An HA task (possibly unrelated to Alert2) died to due to an unhandled exception: &lt;class 'ValueError'&gt;: Sensor sensor.openwb_vehicle_0_reichweite has device class 'None', state class 'measurement' unit 'km' and suggested precision '0' thus indicating it has a numeric value; however, it has the non-numeric value: 'null' (&lt;class 'str'&gt;). full context: {'message': 'Task exception was never retrieved', 'exception': ValueError("Sensor sensor.openwb_vehicle_0_reichweite has device class 'None', state class 'measurement' unit 'km' and suggested precision '0' thus indicating it has a numeric value; however, it has the non-numeric value: 'null' (&lt;class 'str'&gt;)"), 'future': &lt;Task finished name='EntityPlatform poll sensor.openwb2mqtt' exception=ValueError("Sensor sensor.openwb_vehicle_0_reichweite has device class 'None', state class 'measurement' unit 'km' and suggested precision '0' thus indicating it has a numeric value; however, it has the non-numeric value: 'null' (&lt;class 'str'&gt;)")&gt;}
2026-02-09 06:07:27.297 ERROR (Recorder) [homeassistant] Error doing job: Task exception was never retrieved (task: None)
Traceback (most recent call last):
  File "/usr/src/homeassistant/homeassistant/components/sensor/__init__.py", line 684, in state
    numerical_value = int(value)
ValueError: invalid literal for int() with base 10: 'null'

During handling of the above exception, another exception occurred:

Traceback (most recent call last):
  File "/usr/src/homeassistant/homeassistant/components/sensor/__init__.py", line 687, in state
    numerical_value = float(value)
ValueError: could not convert string to float: 'null'

The above exception was the direct cause of the following exception:

Traceback (most recent call last):
  File "/usr/src/homeassistant/homeassistant/helpers/entity_platform.py", line 1141, in _async_update_entity_states
    await asyncio.gather(*tasks)
  File "/usr/src/homeassistant/homeassistant/helpers/entity.py", line 973, in async_update_ha_state
    self._async_write_ha_state()
    ~~~~~~~~~~~~~~~~~~~~~~~~~~^^
  File "/usr/src/homeassistant/homeassistant/helpers/entity.py", line 1163, in _async_write_ha_state
    ) = self.__async_calculate_state()
        ~~~~~~~~~~~~~~~~~~~~~~~~~~~~^^
  File "/usr/src/homeassistant/homeassistant/helpers/entity.py", line 1070, in __async_calculate_state
    state = self._stringify_state(available)
  File "/usr/src/homeassistant/homeassistant/helpers/entity.py", line 1024, in _stringify_state
    if (state := self.state) is None:
                 ^^^^^^^^^^
  File "/usr/src/homeassistant/homeassistant/components/sensor/__init__.py", line 691, in state
    raise ValueError(
    ...<5 lines>...
    ) from err
ValueError: Sensor sensor.openwb_vehicle_0_reichweite has device class 'None', state class 'measurement' unit 'km' and suggested precision '0' thus indicating it has a numeric value; however, it has the non-numeric value: 'null' (<class 'str'>)
2026-02-09 06:07:28.976 ERROR (MainThread) [aiohttp.server] Error handling request from 192.168.1.123
Traceback (most recent call last):
  File "/usr/local/lib/python3.13/site-packages/aiohttp/web_protocol.py", line 510, in _handle_request
    resp = await request_handler(request)
           ^^^^^^^^^^^^^^^^^^^^^^^^^^^^^^
  File "/usr/local/lib/python3.13/site-packages/aiohttp/web_app.py", line 569, in _handle
    return await handler(request)
           ^^^^^^^^^^^^^^^^^^^^^^
  File "/usr/local/lib/python3.13/site-packages/aiohttp/web_middlewares.py", line 117, in impl
    return await handler(request)
           ^^^^^^^^^^^^^^^^^^^^^^
  File "/usr/src/homeassistant/homeassistant/components/http/security_filter.py", line 92, in security_filter_middleware
    return await handler(request)
           ^^^^^^^^^^^^^^^^^^^^^^
  File "/usr/src/homeassistant/homeassistant/components/http/forwarded.py", line 87, in forwarded_middleware
    return await handler(request)
           ^^^^^^^^^^^^^^^^^^^^^^
  File "/usr/src/homeassistant/homeassistant/components/http/request_context.py", line 26, in request_context_middleware
    return await handler(request)
           ^^^^^^^^^^^^^^^^^^^^^^
  File "/usr/src/homeassistant/homeassistant/components/http/ban.py", line 86, in ban_middleware
    return await handler(request)
           ^^^^^^^^^^^^^^^^^^^^^^
  File "/usr/src/homeassistant/homeassistant/components/http/auth.py", line 242, in auth_middleware
    return await handler(request)
           ^^^^^^^^^^^^^^^^^^^^^^
  File "/usr/src/homeassistant/homeassistant/components/http/headers.py", line 41, in headers_middleware
    response = await handler(request)
               ^^^^^^^^^^^^^^^^^^^^^^
  File "/usr/src/homeassistant/homeassistant/helpers/http.py", line 73, in handle
    result = await handler(request, **request.match_info)
             ^^^^^^^^^^^^^^^^^^^^^^^^^^^^^^^^^^^^^^^^^^^^
  File "/usr/src/homeassistant/homeassistant/components/http/decorators.py", line 83, in with_admin
    return await func(self, request, *args, **kwargs)
           ^^^^^^^^^^^^^^^^^^^^^^^^^^^^^^^^^^^^^^^^^^
  File "/usr/src/homeassistant/homeassistant/components/config/config_entries.py", line 345, in post
    return await super().post(request, flow_id)
           ^^^^^^^^^^^^^^^^^^^^^^^^^^^^^^^^^^^^
  File "/usr/src/homeassistant/homeassistant/components/http/data_validator.py", line 74, in wrapper
    return await method(view, request, data, *args, **kwargs)
           ^^^^^^^^^^^^^^^^^^^^^^^^^^^^^^^^^^^^^^^^^^^^^^^^^^
  File "/usr/src/homeassistant/homeassistant/helpers/data_entry_flow.py", line 121, in post
    result = await self._flow_mgr.async_configure(flow_id, data)
             ^^^^^^^^^^^^^^^^^^^^^^^^^^^^^^^^^^^^^^^^^^^^^^^^^^^
  File "/usr/src/homeassistant/homeassistant/data_entry_flow.py", line 336, in async_configure
    result = await self._async_configure(flow_id, user_input)
             ^^^^^^^^^^^^^^^^^^^^^^^^^^^^^^^^^^^^^^^^^^^^^^^^
  File "/usr/src/homeassistant/homeassistant/data_entry_flow.py", line 383, in _async_configure
    result = await self._async_handle_step(
             ^^^^^^^^^^^^^^^^^^^^^^^^^^^^^^
        flow, cur_step["step_id"], user_input
        ^^^^^^^^^^^^^^^^^^^^^^^^^^^^^^^^^^^^^
    )
    ^
  File "/usr/src/homeassistant/homeassistant/data_entry_flow.py", line 483, in _async_handle_step
    result: _FlowResultT = await getattr(flow, method)(user_input)
                           ^^^^^^^^^^^^^^^^^^^^^^^^^^^^^^^^^^^^^^^
  File "/config/custom_components/ads_custom/config_flow.py", line 653, in async_step_reconfigure_sensor
    await self.hass.config_entries.async_update_subentry(
        self.entry, subentry, data=MappingProxyType(new_data), title=new_title
    )
TypeError: object bool can't be used in 'await' expression
2026-02-09 06:07:38.628 DEBUG (Dummy-39) [custom_components.ads_custom.hub] Received notification 3785
2026-02-09 06:07:38.629 DEBUG (Dummy-39) [custom_components.ads_custom.entity] Variable .ParameterWetterstation.LuftTemperatur changed its value to 3
2026-02-09 06:07:39.638 DEBUG (Dummy-40) [custom_components.ads_custom.hub] Received notification 3785
2026-02-09 06:07:39.639 DEBUG (Dummy-40) [custom_components.ads_custom.entity] Variable .ParameterWetterstation.LuftTemperatur changed its value to 3
2026-02-09 06:07:39.889 DEBUG (MainThread) [custom_components.ads_custom] Reloading config entry due to update
2026-02-09 06:07:39.890 DEBUG (MainThread) [custom_components.ads_custom] Unloading config entry: ADS (192.168.1.55.1.1)
2026-02-09 06:07:39.914 DEBUG (SyncWorker_9) [custom_components.ads_custom.hub] Shutting down ADS
2026-02-09 06:07:39.915 DEBUG (SyncWorker_9) [custom_components.ads_custom.hub] Deleting device notification 3780, 2642412296
2026-02-09 06:07:39.960 DEBUG (SyncWorker_9) [custom_components.ads_custom.hub] Deleting device notification 3781, 2642412304
2026-02-09 06:07:39.908 ERROR (MainThread) [aiohttp.server] Error handling request from 192.168.1.123
Traceback (most recent call last):
  File "/usr/local/lib/python3.13/site-packages/aiohttp/web_protocol.py", line 510, in _handle_request
    resp = await request_handler(request)
           ^^^^^^^^^^^^^^^^^^^^^^^^^^^^^^
  File "/usr/local/lib/python3.13/site-packages/aiohttp/web_app.py", line 569, in _handle
    return await handler(request)
           ^^^^^^^^^^^^^^^^^^^^^^
  File "/usr/local/lib/python3.13/site-packages/aiohttp/web_middlewares.py", line 117, in impl
    return await handler(request)
           ^^^^^^^^^^^^^^^^^^^^^^
  File "/usr/src/homeassistant/homeassistant/components/http/security_filter.py", line 92, in security_filter_middleware
    return await handler(request)
           ^^^^^^^^^^^^^^^^^^^^^^
  File "/usr/src/homeassistant/homeassistant/components/http/forwarded.py", line 87, in forwarded_middleware
    return await handler(request)
           ^^^^^^^^^^^^^^^^^^^^^^
  File "/usr/src/homeassistant/homeassistant/components/http/request_context.py", line 26, in request_context_middleware
    return await handler(request)
           ^^^^^^^^^^^^^^^^^^^^^^
  File "/usr/src/homeassistant/homeassistant/components/http/ban.py", line 86, in ban_middleware
    return await handler(request)
           ^^^^^^^^^^^^^^^^^^^^^^
  File "/usr/src/homeassistant/homeassistant/components/http/auth.py", line 242, in auth_middleware
    return await handler(request)
           ^^^^^^^^^^^^^^^^^^^^^^
  File "/usr/src/homeassistant/homeassistant/components/http/headers.py", line 41, in headers_middleware
    response = await handler(request)
               ^^^^^^^^^^^^^^^^^^^^^^
  File "/usr/src/homeassistant/homeassistant/helpers/http.py", line 73, in handle
    result = await handler(request, **request.match_info)
             ^^^^^^^^^^^^^^^^^^^^^^^^^^^^^^^^^^^^^^^^^^^^
  File "/usr/src/homeassistant/homeassistant/components/http/decorators.py", line 83, in with_admin
    return await func(self, request, *args, **kwargs)
           ^^^^^^^^^^^^^^^^^^^^^^^^^^^^^^^^^^^^^^^^^^
  File "/usr/src/homeassistant/homeassistant/components/config/config_entries.py", line 345, in post
    return await super().post(request, flow_id)
           ^^^^^^^^^^^^^^^^^^^^^^^^^^^^^^^^^^^^
  File "/usr/src/homeassistant/homeassistant/components/http/data_validator.py", line 74, in wrapper
    return await method(view, request, data, *args, **kwargs)
           ^^^^^^^^^^^^^^^^^^^^^^^^^^^^^^^^^^^^^^^^^^^^^^^^^^
  File "/usr/src/homeassistant/homeassistant/helpers/data_entry_flow.py", line 121, in post
    result = await self._flow_mgr.async_configure(flow_id, data)
             ^^^^^^^^^^^^^^^^^^^^^^^^^^^^^^^^^^^^^^^^^^^^^^^^^^^
  File "/usr/src/homeassistant/homeassistant/data_entry_flow.py", line 336, in async_configure
    result = await self._async_configure(flow_id, user_input)
             ^^^^^^^^^^^^^^^^^^^^^^^^^^^^^^^^^^^^^^^^^^^^^^^^
  File "/usr/src/homeassistant/homeassistant/data_entry_flow.py", line 383, in _async_configure
    result = await self._async_handle_step(
             ^^^^^^^^^^^^^^^^^^^^^^^^^^^^^^
        flow, cur_step["step_id"], user_input
        ^^^^^^^^^^^^^^^^^^^^^^^^^^^^^^^^^^^^^
    )
    ^
  File "/usr/src/homeassistant/homeassistant/data_entry_flow.py", line 483, in _async_handle_step
    result: _FlowResultT = await getattr(flow, method)(user_input)
                           ^^^^^^^^^^^^^^^^^^^^^^^^^^^^^^^^^^^^^^^
  File "/config/custom_components/ads_custom/config_flow.py", line 709, in async_step_reconfigure_binary_sensor
    await self.hass.config_entries.async_update_subentry(
        self.entry, subentry, data=MappingProxyType(new_data), title=new_title
    )
TypeError: object bool can't be used in 'await' expression
2026-02-09 06:07:39.983 DEBUG (SyncWorker_9) [custom_components.ads_custom.hub] Deleting device notification 3782, 2642412289
2026-02-09 06:07:39.993 DEBUG (SyncWorker_9) [custom_components.ads_custom.hub] Deleting device notification 3783, 2642412293
2026-02-09 06:07:39.997 WARNING (MainThread) [homeassistant.components.automation.al_double_hue] AL DOUBLE >> Hue: Already running
2026-02-09 06:07:40.015 DEBUG (SyncWorker_9) [custom_components.ads_custom.hub] Deleting device notification 3784, 2634023063
2026-02-09 06:07:40.019 WARNING (MainThread) [homeassistant.components.automation.al_long_hue_dimmen] AL LONG >> Hue Dimmen: Already running
2026-02-09 06:07:40.024 DEBUG (SyncWorker_9) [custom_components.ads_custom.hub] Deleting device notification 3785, 2642412290
2026-02-09 06:07:40.031 DEBUG (SyncWorker_9) [custom_components.ads_custom.hub] Deleting device notification 3786, 2642415285
2026-02-09 06:07:40.038 DEBUG (SyncWorker_9) [custom_components.ads_custom.hub] Deleting device notification 3787, 2642415286
2026-02-09 06:07:40.045 DEBUG (SyncWorker_9) [custom_components.ads_custom.hub] Deleting device notification 3788, 2642415287
2026-02-09 06:07:40.052 DEBUG (SyncWorker_9) [custom_components.ads_custom.hub] Deleting device notification 3789, 2642412303
2026-02-09 06:07:40.058 DEBUG (SyncWorker_9) [custom_components.ads_custom.hub] Deleting device notification 3790, 2642415289
2026-02-09 06:07:40.063 DEBUG (SyncWorker_9) [custom_components.ads_custom.hub] Deleting device notification 3791, 2642415290
2026-02-09 06:07:40.070 DEBUG (SyncWorker_9) [custom_components.ads_custom.hub] Deleting device notification 3792, 2642415291
2026-02-09 06:07:40.076 DEBUG (SyncWorker_9) [custom_components.ads_custom.hub] Deleting device notification 3793, 2642415292
2026-02-09 06:07:40.080 DEBUG (SyncWorker_9) [custom_components.ads_custom.hub] Deleting device notification 3794, 2642412285
2026-02-09 06:07:40.085 DEBUG (SyncWorker_9) [custom_components.ads_custom.hub] Deleting device notification 3795, 2642412287
2026-02-09 06:07:40.090 DEBUG (SyncWorker_9) [custom_components.ads_custom.hub] Deleting device notification 3796, 2642415295
2026-02-09 06:07:40.094 DEBUG (SyncWorker_9) [custom_components.ads_custom.hub] Deleting device notification 3797, 2642415296
2026-02-09 06:07:40.098 DEBUG (SyncWorker_9) [custom_components.ads_custom.hub] Deleting device notification 3798, 2642412282
2026-02-09 06:07:40.102 DEBUG (SyncWorker_9) [custom_components.ads_custom.hub] Deleting device notification 3799, 2642415298
2026-02-09 06:07:40.106 DEBUG (SyncWorker_9) [custom_components.ads_custom.hub] Deleting device notification 3800, 2642415299
2026-02-09 06:07:40.110 DEBUG (SyncWorker_9) [custom_components.ads_custom.hub] Deleting device notification 3801, 2642412288
2026-02-09 06:07:40.114 DEBUG (SyncWorker_9) [custom_components.ads_custom.hub] Deleting device notification 3802, 2642412284
2026-02-09 06:07:40.118 DEBUG (SyncWorker_9) [custom_components.ads_custom.hub] Deleting device notification 3803, 2642412295
2026-02-09 06:07:40.122 DEBUG (SyncWorker_9) [custom_components.ads_custom.hub] Deleting device notification 3804, 2642412281
2026-02-09 06:07:40.126 DEBUG (SyncWorker_9) [custom_components.ads_custom.hub] Deleting device notification 3805, 2642412292
2026-02-09 06:07:40.130 DEBUG (SyncWorker_9) [custom_components.ads_custom.hub] Deleting device notification 3806, 2642412283
2026-02-09 06:07:40.134 DEBUG (SyncWorker_9) [custom_components.ads_custom.hub] Deleting device notification 3807, 2642412294
2026-02-09 06:07:40.138 DEBUG (SyncWorker_9) [custom_components.ads_custom.hub] Deleting device notification 3808, 2642412286
2026-02-09 06:07:40.142 DEBUG (SyncWorker_9) [custom_components.ads_custom.hub] Deleting device notification 3809, 2642412291
2026-02-09T06:07:40+0100 Info: connection closed by remote
2026-02-09 06:07:40.178 DEBUG (MainThread) [custom_components.ads_custom] Setting up hub config entry: ADS (192.168.1.55.1.1)
2026-02-09T06:07:40+0100 Info: Connected to 192.168.1.55
2026-02-09 06:07:40.203 DEBUG (SyncWorker_4) [custom_components.ads_custom.hub] Added device notification 3810 for variable .ParameterWetterstation.Niederschlagstatus
2026-02-09 06:07:40.207 DEBUG (Dummy-41) [custom_components.ads_custom.hub] Received notification 3810
2026-02-09 06:07:40.211 DEBUG (SyncWorker_7) [custom_components.ads_custom.hub] Added device notification 3811 for variable .ParameterWetterstation.Windgschwindigkeit
2026-02-09 06:07:40.217 DEBUG (SyncWorker_5) [custom_components.ads_custom.hub] Added device notification 3812 for variable .bFreigabeSystemAaron
2026-02-09 06:07:40.221 DEBUG (SyncWorker_2) [custom_components.ads_custom.hub] Added device notification 3813 for variable .EGTerrasseLicht1.EIN
2026-02-09 06:07:40.226 DEBUG (SyncWorker_1) [custom_components.ads_custom.hub] Added device notification 3814 for variable .EGKuecheJalousie1.ActualPosition
2026-02-09 06:07:40.229 DEBUG (Dummy-41) [custom_components.ads_custom.entity] Variable .ParameterWetterstation.Niederschlagstatus changed its value to 0
2026-02-09 06:07:40.231 DEBUG (Dummy-42) [custom_components.ads_custom.hub] Received notification 3811
2026-02-09 06:07:40.232 DEBUG (Dummy-42) [custom_components.ads_custom.entity] Variable .ParameterWetterstation.Windgschwindigkeit changed its value to 0
2026-02-09 06:07:40.235 DEBUG (Dummy-43) [custom_components.ads_custom.hub] Received notification 3812
2026-02-09 06:07:40.236 DEBUG (Dummy-43) [custom_components.ads_custom.entity] Variable .bFreigabeSystemAaron changed its value to 1
2026-02-09 06:07:40.238 DEBUG (Dummy-44) [custom_components.ads_custom.hub] Received notification 3813
2026-02-09 06:07:40.238 DEBUG (Dummy-44) [custom_components.ads_custom.entity] Variable .EGTerrasseLicht1.EIN changed its value to 0
2026-02-09 06:07:40.241 DEBUG (Dummy-45) [custom_components.ads_custom.hub] Received notification 3814
2026-02-09 06:07:40.242 DEBUG (Dummy-45) [custom_components.ads_custom.entity] Variable .EGKuecheJalousie1.ActualPosition changed its value to 0
2026-02-09 06:07:40.255 DEBUG (SyncWorker_10) [custom_components.ads_custom.hub] Added device notification 3815 for variable .OGAaronTaster1[2].EIN_DOUBLE
2026-02-09 06:07:40.257 DEBUG (Dummy-46) [custom_components.ads_custom.hub] Received notification 3815
2026-02-09 06:07:40.266 DEBUG (SyncWorker_6) [custom_components.ads_custom.hub] Added device notification 3816 for variable .ParameterWetterstation.LuftTemperatur
2026-02-09 06:07:40.270 DEBUG (Dummy-46) [custom_components.ads_custom.entity] Variable .OGAaronTaster1[2].EIN_DOUBLE changed its value to 0
2026-02-09 06:07:40.280 DEBUG (Dummy-47) [custom_components.ads_custom.hub] Received notification 3816
2026-02-09 06:07:40.287 DEBUG (SyncWorker_3) [custom_components.ads_custom.hub] Added device notification 3817 for variable .EGEsszimmerJalousie1.ManualModeActivate
2026-02-09 06:07:40.306 DEBUG (SyncWorker_8) [custom_components.ads_custom.hub] Added device notification 3818 for variable .EGWcLicht1.EIN
2026-02-09 06:07:40.315 DEBUG (SyncWorker_0) [custom_components.ads_custom.hub] Added device notification 3819 for variable .OGAaronJalousie1.ActualPosition
2026-02-09 06:07:40.318 DEBUG (Dummy-47) [custom_components.ads_custom.entity] Variable .ParameterWetterstation.LuftTemperatur changed its value to 3
2026-02-09 06:07:40.322 DEBUG (Dummy-48) [custom_components.ads_custom.hub] Received notification 3817
2026-02-09 06:07:40.322 DEBUG (Dummy-48) [custom_components.ads_custom.entity] Variable .EGEsszimmerJalousie1.ManualModeActivate changed its value to 1
2026-02-09 06:07:40.332 DEBUG (Dummy-49) [custom_components.ads_custom.hub] Received notification 3818
2026-02-09 06:07:40.333 DEBUG (Dummy-49) [custom_components.ads_custom.entity] Variable .EGWcLicht1.EIN changed its value to 1
2026-02-09 06:07:40.335 DEBUG (Dummy-50) [custom_components.ads_custom.hub] Received notification 3819
2026-02-09 06:07:40.336 DEBUG (Dummy-50) [custom_components.ads_custom.entity] Variable .OGAaronJalousie1.ActualPosition changed its value to 100
2026-02-09 06:07:40.354 DEBUG (Dummy-51) [custom_components.ads_custom.hub] Received notification 3820
2026-02-09 06:07:40.355 DEBUG (SyncWorker_9) [custom_components.ads_custom.hub] Added device notification 3820 for variable .OGAaronTaster1[2].AUS_DOUBLE
2026-02-09 06:07:40.357 DEBUG (Dummy-51) [custom_components.ads_custom.entity] Variable .OGAaronTaster1[2].AUS_DOUBLE changed its value to 0
2026-02-09 06:07:40.373 DEBUG (SyncWorker_4) [custom_components.ads_custom.hub] Added device notification 3821 for variable .ParameterRoom[11].ActualTemperatur
2026-02-09 06:07:40.388 WARNING (MainThread) [homeassistant.components.automation.al_double_hue] AL DOUBLE >> Hue: Already running
2026-02-09 06:07:40.392 DEBUG (Dummy-52) [custom_components.ads_custom.hub] Received notification 3821
2026-02-09 06:07:40.397 DEBUG (SyncWorker_7) [custom_components.ads_custom.hub] Added device notification 3822 for variable .EGEsszimmerJalousie2.ManualModeActivate
2026-02-09 06:07:40.401 DEBUG (SyncWorker_5) [custom_components.ads_custom.hub] Added device notification 3823 for variable .EGWohnzimmerLicht1.EIN
2026-02-09 06:07:40.412 DEBUG (SyncWorker_2) [custom_components.ads_custom.hub] Added device notification 3824 for variable .OGAaronJalousie2.ActualPosition
2026-02-09 06:07:40.421 DEBUG (SyncWorker_1) [custom_components.ads_custom.hub] Added device notification 3825 for variable .OGAaronTaster1[2].EIN_LONG
2026-02-09 06:07:40.423 DEBUG (Dummy-52) [custom_components.ads_custom.entity] Variable .ParameterRoom[11].ActualTemperatur changed its value to 17
2026-02-09 06:07:40.425 DEBUG (Dummy-53) [custom_components.ads_custom.hub] Received notification 3822
2026-02-09 06:07:40.426 DEBUG (Dummy-53) [custom_components.ads_custom.entity] Variable .EGEsszimmerJalousie2.ManualModeActivate changed its value to 1
2026-02-09 06:07:40.427 DEBUG (Dummy-54) [custom_components.ads_custom.hub] Received notification 3823
2026-02-09 06:07:40.428 DEBUG (Dummy-54) [custom_components.ads_custom.entity] Variable .EGWohnzimmerLicht1.EIN changed its value to 0
2026-02-09 06:07:40.429 DEBUG (Dummy-55) [custom_components.ads_custom.hub] Received notification 3824
2026-02-09 06:07:40.430 DEBUG (Dummy-55) [custom_components.ads_custom.entity] Variable .OGAaronJalousie2.ActualPosition changed its value to 100
2026-02-09 06:07:40.430 DEBUG (Dummy-56) [custom_components.ads_custom.hub] Received notification 3825
2026-02-09 06:07:40.431 DEBUG (Dummy-56) [custom_components.ads_custom.entity] Variable .OGAaronTaster1[2].EIN_LONG changed its value to 0
2026-02-09 06:07:40.446 WARNING (MainThread) [homeassistant.components.automation.al_long_hue_dimmen] AL LONG >> Hue Dimmen: Already running
2026-02-09 06:07:40.452 DEBUG (SyncWorker_10) [custom_components.ads_custom.hub] Added device notification 3826 for variable .EGWohnzimmerJalousie1.ManualModeActivate
2026-02-09 06:07:40.453 DEBUG (Dummy-57) [custom_components.ads_custom.hub] Received notification 3826
2026-02-09 06:07:40.468 DEBUG (SyncWorker_6) [custom_components.ads_custom.hub] Added device notification 3827 for variable .EGWohnzimmerLicht1.Wert
2026-02-09 06:07:40.476 DEBUG (SyncWorker_3) [custom_components.ads_custom.hub] Added device notification 3828 for variable .OGAaronTaster1[2].AUS_LONG
2026-02-09 06:07:40.477 DEBUG (Dummy-57) [custom_components.ads_custom.entity] Variable .EGWohnzimmerJalousie1.ManualModeActivate changed its value to 1
2026-02-09 06:07:40.480 DEBUG (Dummy-58) [custom_components.ads_custom.hub] Received notification 3827
2026-02-09 06:07:40.481 DEBUG (Dummy-58) [custom_components.ads_custom.entity] Variable .EGWohnzimmerLicht1.Wert changed its value to 70
2026-02-09 06:07:40.486 DEBUG (Dummy-59) [custom_components.ads_custom.hub] Received notification 3828
2026-02-09 06:07:40.488 DEBUG (Dummy-59) [custom_components.ads_custom.entity] Variable .OGAaronTaster1[2].AUS_LONG changed its value to 0
2026-02-09 06:07:40.499 WARNING (MainThread) [homeassistant.components.automation.al_long_hue_dimmen] AL LONG >> Hue Dimmen: Already running
2026-02-09 06:07:40.507 DEBUG (SyncWorker_0) [custom_components.ads_custom.hub] Added device notification 3829 for variable .EGWohnzimmerJalousie2.ManualModeActivate
2026-02-09 06:07:40.510 DEBUG (Dummy-60) [custom_components.ads_custom.hub] Received notification 3829
2026-02-09 06:07:40.512 DEBUG (SyncWorker_9) [custom_components.ads_custom.hub] Added device notification 3830 for variable .EGWohnzimmerLicht2.EIN
2026-02-09 06:07:40.514 DEBUG (Dummy-60) [custom_components.ads_custom.entity] Variable .EGWohnzimmerJalousie2.ManualModeActivate changed its value to 1
2026-02-09 06:07:40.519 DEBUG (Dummy-61) [custom_components.ads_custom.hub] Received notification 3830
2026-02-09 06:07:40.520 DEBUG (Dummy-61) [custom_components.ads_custom.entity] Variable .EGWohnzimmerLicht2.EIN changed its value to 0
2026-02-09 06:07:40.528 DEBUG (SyncWorker_4) [custom_components.ads_custom.hub] Added device notification 3831 for variable .EGWohnzimmerLicht2.Wert
2026-02-09 06:07:40.533 DEBUG (Dummy-62) [custom_components.ads_custom.hub] Received notification 3831
2026-02-09 06:07:40.534 DEBUG (Dummy-62) [custom_components.ads_custom.entity] Variable .EGWohnzimmerLicht2.Wert changed its value to 70
2026-02-09 06:07:40.542 DEBUG (SyncWorker_7) [custom_components.ads_custom.hub] Added device notification 3832 for variable .EGWohnzimmerLicht3.EIN
2026-02-09 06:07:40.547 DEBUG (Dummy-63) [custom_components.ads_custom.hub] Received notification 3832
2026-02-09 06:07:40.547 DEBUG (Dummy-63) [custom_components.ads_custom.entity] Variable .EGWohnzimmerLicht3.EIN changed its value to 0
2026-02-09 06:07:40.555 DEBUG (SyncWorker_5) [custom_components.ads_custom.hub] Added device notification 3833 for variable .EGWohnzimmerLicht3.Wert
2026-02-09 06:07:40.558 DEBUG (Dummy-64) [custom_components.ads_custom.hub] Received notification 3833
2026-02-09 06:07:40.559 DEBUG (Dummy-64) [custom_components.ads_custom.entity] Variable .EGWohnzimmerLicht3.Wert changed its value to 0
2026-02-09 06:07:40.574 DEBUG (SyncWorker_2) [custom_components.ads_custom.hub] Added device notification 3834 for variable .OGBadLicht2.EIN
2026-02-09 06:07:40.574 DEBUG (Dummy-65) [custom_components.ads_custom.hub] Received notification 3834
2026-02-09 06:07:40.575 DEBUG (Dummy-65) [custom_components.ads_custom.entity] Variable .OGBadLicht2.EIN changed its value to 0
2026-02-09 06:07:40.584 DEBUG (SyncWorker_1) [custom_components.ads_custom.hub] Added device notification 3835 for variable .OGBadLicht2.Wert
2026-02-09 06:07:40.589 DEBUG (Dummy-66) [custom_components.ads_custom.hub] Received notification 3835
2026-02-09 06:07:40.590 DEBUG (Dummy-66) [custom_components.ads_custom.entity] Variable .OGBadLicht2.Wert changed its value to 100
2026-02-09 06:07:40.599 DEBUG (SyncWorker_10) [custom_components.ads_custom.hub] Added device notification 3836 for variable .OGBadLicht1.EIN
2026-02-09 06:07:40.602 DEBUG (Dummy-67) [custom_components.ads_custom.hub] Received notification 3836
2026-02-09 06:07:40.603 DEBUG (Dummy-67) [custom_components.ads_custom.entity] Variable .OGBadLicht1.EIN changed its value to 0
2026-02-09 06:07:40.610 DEBUG (SyncWorker_6) [custom_components.ads_custom.hub] Added device notification 3837 for variable .OGBadLicht1.Wert
2026-02-09 06:07:40.614 DEBUG (Dummy-68) [custom_components.ads_custom.hub] Received notification 3837
2026-02-09 06:07:40.615 DEBUG (Dummy-68) [custom_components.ads_custom.entity] Variable .OGBadLicht1.Wert changed its value to 100
2026-02-09 06:07:40.623 DEBUG (SyncWorker_3) [custom_components.ads_custom.hub] Added device notification 3838 for variable .OGAaronLicht1.EIN
2026-02-09 06:07:40.627 DEBUG (Dummy-69) [custom_components.ads_custom.hub] Received notification 3838
2026-02-09 06:07:40.627 DEBUG (Dummy-69) [custom_components.ads_custom.entity] Variable .OGAaronLicht1.EIN changed its value to 0
2026-02-09 06:07:40.635 DEBUG (SyncWorker_0) [custom_components.ads_custom.hub] Added device notification 3839 for variable .OGAaronLicht1.Wert
2026-02-09 06:07:40.638 DEBUG (Dummy-70) [custom_components.ads_custom.hub] Received notification 3839
2026-02-09 06:07:40.639 DEBUG (Dummy-70) [custom_components.ads_custom.entity] Variable .OGAaronLicht1.Wert changed its value to 55
2026-02-09 06:07:40.648 DEBUG (Dummy-71) [custom_components.ads_custom.hub] Received notification 3816
2026-02-09 06:07:40.649 DEBUG (Dummy-71) [custom_components.ads_custom.entity] Variable .ParameterWetterstation.LuftTemperatur changed its value to 3
2026-02-09 06:07:41.658 DEBUG (Dummy-72) [custom_components.ads_custom.hub] Received notification 3816
2026-02-09 06:07:41.659 DEBUG (Dummy-72) [custom_components.ads_custom.entity] Variable .ParameterWetterstation.LuftTemperatur changed its value to 3