s6-rc: info: service s6rc-oneshot-runner: starting
s6-rc: info: service s6rc-oneshot-runner successfully started
s6-rc: info: service fix-attrs: starting
s6-rc: info: service fix-attrs successfully started
s6-rc: info: service legacy-cont-init: starting
s6-rc: info: service legacy-cont-init successfully started
s6-rc: info: service legacy-services: starting
services-up: info: copying legacy longrun home-assistant (no readiness notification)
s6-rc: info: service legacy-services successfully started
2026-02-09 05:25:26.967 WARNING (SyncWorker_0) [homeassistant.loader] We found a custom integration dreame_vacuum which has not been tested by Home Assistant. This component might cause stability problems, be sure to disable it if you experience issues with Home Assistant
2026-02-09 05:25:26.972 WARNING (SyncWorker_0) [homeassistant.loader] We found a custom integration ads which has not been tested by Home Assistant. This component might cause stability problems, be sure to disable it if you experience issues with Home Assistant
2026-02-09 05:25:26.973 ERROR (SyncWorker_0) [homeassistant.loader] The custom integration 'ads' does not have a version key in the manifest file and was blocked from loading. See https://developers.home-assistant.io/blog/2021/01/29/custom-integration-changes#versions for more details
2026-02-09 05:25:26.976 WARNING (SyncWorker_0) [homeassistant.loader] We found a custom integration sfml_stats_lite which has not been tested by Home Assistant. This component might cause stability problems, be sure to disable it if you experience issues with Home Assistant
2026-02-09 05:25:26.979 WARNING (SyncWorker_0) [homeassistant.loader] We found a custom integration webuntis which has not been tested by Home Assistant. This component might cause stability problems, be sure to disable it if you experience issues with Home Assistant
2026-02-09 05:25:26.982 WARNING (SyncWorker_0) [homeassistant.loader] We found a custom integration grid_price_monitor which has not been tested by Home Assistant. This component might cause stability problems, be sure to disable it if you experience issues with Home Assistant
2026-02-09 05:25:26.986 WARNING (SyncWorker_0) [homeassistant.loader] We found a custom integration openwb2mqtt which has not been tested by Home Assistant. This component might cause stability problems, be sure to disable it if you experience issues with Home Assistant
2026-02-09 05:25:26.989 WARNING (SyncWorker_0) [homeassistant.loader] We found a custom integration spook which has not been tested by Home Assistant. This component might cause stability problems, be sure to disable it if you experience issues with Home Assistant
2026-02-09 05:25:26.992 WARNING (SyncWorker_0) [homeassistant.loader] We found a custom integration ssh which has not been tested by Home Assistant. This component might cause stability problems, be sure to disable it if you experience issues with Home Assistant
2026-02-09 05:25:26.995 WARNING (SyncWorker_0) [homeassistant.loader] We found a custom integration dreame_mower which has not been tested by Home Assistant. This component might cause stability problems, be sure to disable it if you experience issues with Home Assistant
2026-02-09 05:25:26.998 WARNING (SyncWorker_0) [homeassistant.loader] We found a custom integration energy_meter which has not been tested by Home Assistant. This component might cause stability problems, be sure to disable it if you experience issues with Home Assistant
2026-02-09 05:25:27.002 WARNING (SyncWorker_0) [homeassistant.loader] We found a custom integration ical which has not been tested by Home Assistant. This component might cause stability problems, be sure to disable it if you experience issues with Home Assistant
2026-02-09 05:25:27.005 WARNING (SyncWorker_0) [homeassistant.loader] We found a custom integration kia_uvo which has not been tested by Home Assistant. This component might cause stability problems, be sure to disable it if you experience issues with Home Assistant
2026-02-09 05:25:27.008 WARNING (SyncWorker_0) [homeassistant.loader] We found a custom integration dwd_precipitation_forecast which has not been tested by Home Assistant. This component might cause stability problems, be sure to disable it if you experience issues with Home Assistant
2026-02-09 05:25:27.011 WARNING (SyncWorker_0) [homeassistant.loader] We found a custom integration mobile_alerts which has not been tested by Home Assistant. This component might cause stability problems, be sure to disable it if you experience issues with Home Assistant
2026-02-09 05:25:27.014 WARNING (SyncWorker_0) [homeassistant.loader] We found a custom integration garmin_connect which has not been tested by Home Assistant. This component might cause stability problems, be sure to disable it if you experience issues with Home Assistant
2026-02-09 05:25:27.017 WARNING (SyncWorker_0) [homeassistant.loader] We found a custom integration blitzortung which has not been tested by Home Assistant. This component might cause stability problems, be sure to disable it if you experience issues with Home Assistant
2026-02-09 05:25:27.020 WARNING (SyncWorker_0) [homeassistant.loader] We found a custom integration micro_weather which has not been tested by Home Assistant. This component might cause stability problems, be sure to disable it if you experience issues with Home Assistant
2026-02-09 05:25:27.023 WARNING (SyncWorker_0) [homeassistant.loader] We found a custom integration eventsensor which has not been tested by Home Assistant. This component might cause stability problems, be sure to disable it if you experience issues with Home Assistant
2026-02-09 05:25:27.027 WARNING (SyncWorker_0) [homeassistant.loader] We found a custom integration ml_weather which has not been tested by Home Assistant. This component might cause stability problems, be sure to disable it if you experience issues with Home Assistant
2026-02-09 05:25:27.029 WARNING (SyncWorker_0) [homeassistant.loader] We found a custom integration ha_visualiser which has not been tested by Home Assistant. This component might cause stability problems, be sure to disable it if you experience issues with Home Assistant
2026-02-09 05:25:27.034 WARNING (SyncWorker_0) [homeassistant.loader] We found a custom integration ta_cmi which has not been tested by Home Assistant. This component might cause stability problems, be sure to disable it if you experience issues with Home Assistant
2026-02-09 05:25:27.037 WARNING (SyncWorker_0) [homeassistant.loader] We found a custom integration dahua_vto which has not been tested by Home Assistant. This component might cause stability problems, be sure to disable it if you experience issues with Home Assistant
2026-02-09 05:25:27.041 WARNING (SyncWorker_0) [homeassistant.loader] We found a custom integration scene_presets which has not been tested by Home Assistant. This component might cause stability problems, be sure to disable it if you experience issues with Home Assistant
2026-02-09 05:25:27.045 WARNING (SyncWorker_0) [homeassistant.loader] We found a custom integration material_symbols which has not been tested by Home Assistant. This component might cause stability problems, be sure to disable it if you experience issues with Home Assistant
2026-02-09 05:25:27.048 WARNING (SyncWorker_0) [homeassistant.loader] We found a custom integration scheduler which has not been tested by Home Assistant. This component might cause stability problems, be sure to disable it if you experience issues with Home Assistant
2026-02-09 05:25:27.051 WARNING (SyncWorker_0) [homeassistant.loader] We found a custom integration spook_inverse which has not been tested by Home Assistant. This component might cause stability problems, be sure to disable it if you experience issues with Home Assistant
2026-02-09 05:25:27.054 WARNING (SyncWorker_0) [homeassistant.loader] We found a custom integration esc_easy_sensor_creation which has not been tested by Home Assistant. This component might cause stability problems, be sure to disable it if you experience issues with Home Assistant
2026-02-09 05:25:27.057 WARNING (SyncWorker_0) [homeassistant.loader] We found a custom integration device_tools which has not been tested by Home Assistant. This component might cause stability problems, be sure to disable it if you experience issues with Home Assistant
2026-02-09 05:25:27.060 WARNING (SyncWorker_0) [homeassistant.loader] We found a custom integration hacs which has not been tested by Home Assistant. This component might cause stability problems, be sure to disable it if you experience issues with Home Assistant
2026-02-09 05:25:27.063 WARNING (SyncWorker_0) [homeassistant.loader] We found a custom integration sfml_stats which has not been tested by Home Assistant. This component might cause stability problems, be sure to disable it if you experience issues with Home Assistant
2026-02-09 05:25:27.066 WARNING (SyncWorker_0) [homeassistant.loader] We found a custom integration switch_manager which has not been tested by Home Assistant. This component might cause stability problems, be sure to disable it if you experience issues with Home Assistant
2026-02-09 05:25:27.069 WARNING (SyncWorker_0) [homeassistant.loader] We found a custom integration alarmo which has not been tested by Home Assistant. This component might cause stability problems, be sure to disable it if you experience issues with Home Assistant
2026-02-09 05:25:27.072 WARNING (SyncWorker_0) [homeassistant.loader] We found a custom integration ads_custom which has not been tested by Home Assistant. This component might cause stability problems, be sure to disable it if you experience issues with Home Assistant
2026-02-09 05:25:27.075 WARNING (SyncWorker_0) [homeassistant.loader] We found a custom integration water_monitor which has not been tested by Home Assistant. This component might cause stability problems, be sure to disable it if you experience issues with Home Assistant
2026-02-09 05:25:27.078 WARNING (SyncWorker_0) [homeassistant.loader] We found a custom integration alert2 which has not been tested by Home Assistant. This component might cause stability problems, be sure to disable it if you experience issues with Home Assistant
2026-02-09 05:25:45.153 WARNING (MainThread) [homeassistant.helpers.template] Template variable warning: 'dict object' has no attribute 'cmi' when rendering '{{ value_json.cmi }}'
2026-02-09 05:25:53.901 ERROR (MainThread) [homeassistant.config_entries] Error setting up entry ethereal-reef-322419 for google_assistant
Traceback (most recent call last):
  File "/usr/src/homeassistant/homeassistant/config_entries.py", line 762, in __async_setup_with_context
    result = await component.async_setup_entry(hass, self)
             ^^^^^^^^^^^^^^^^^^^^^^^^^^^^^^^^^^^^^^^^^^^^^
  File "/usr/src/homeassistant/homeassistant/components/google_assistant/__init__.py", line 123, in async_setup_entry
    config: ConfigType = {**hass.data[DOMAIN][DATA_CONFIG]}
                            ~~~~~~~~~^^^^^^^^
KeyError: 'google_assistant'
2026-02-09T05:26:08+0100 Info: Connected to 192.168.1.55
2026-02-09 05:26:24.561 WARNING (ImportExecutor_0) [py.warnings] /usr/local/lib/python3.13/site-packages/miio/miot_device.py:23: FutureWarning: functools.partial will be a method descriptor in future Python versions; wrap it in enum.member() if you want to preserve the old behavior
  Bool = partial(_str2bool)

2026-02-09 05:26:30.519 ERROR (Thread-5 (_api_task)) [custom_components.dreame_vacuum.dreame.protocol] Failed to execute api call: {'code': 0, 'success': True, 'data': '', 'msg': 'æ“ä½œæˆåŠŸ'}
2026-02-09 05:26:30.520 ERROR (Thread-5 (_api_task)) [custom_components.dreame_vacuum.dreame.device] Send action failed SHORTCUTS: Unable to discover the device over cloud
2026-02-09 05:26:30.533 ERROR (SyncWorker_3) [custom_components.dreame_vacuum.dreame.protocol] Failed to execute api call: {'code': 0, 'success': True, 'data': '', 'msg': 'æ“ä½œæˆåŠŸ'}
2026-02-09 05:26:30.534 WARNING (SyncWorker_3) [custom_components.dreame_vacuum.dreame.map] Send request map failed: Unable to discover the device over cloud
2026-02-09 05:26:44.093 WARNING (MainThread) [homeassistant.bootstrap] Waiting for integrations to complete setup: {('mqtt', 'e5d1a2c04d708aebc3e0e2802d1e407c'): 378538.208669248, ('reolink', '01JA0FBG3SHX0ARN7JTCG5FNB6'): 378548.46838597, ('webuntis', '01KBFCBWQTG0V04MS4P37KDG1N'): 378548.730563001, ('scheduler', '01K26WNB9HD62NC9680MZ5YJHD'): 378552.375694886, ('garmin_connect', '01KENX49EJ9SKWEKCVVT6EW37A'): 378556.163562482, ('shopping_list', 'e39c34bf24ff8ab9f58219c004a3d37d'): 378556.261229046, ('systemmonitor', '691c277d1879de4c5d3b6eb97563763f'): 378556.287856871, ('workday', 'e0216eaa8c371d7f4093740a566b343e'): 378556.483639586, ('google_generative_ai_conversation', '01K223A1X4106HJF1AK49CQBV4'): 378563.536402407, ('dreame_vacuum', '01JZDBFHN2CSE6VGQMX1QCAKFN'): 378567.949081767, ('fritz', '01KCB7F3YY8AZ284YTBVD5SSMN'): 378568.127759889, ('local_todo', 'ad91f51272a86064e64ae4a7e517a311'): 378568.409194549, ('ecowitt', '01KAN8AXJ0J2ZHV20R19XAVN0T'): 378568.548429364, ('caldav', '01JRHPEGQKH84HNZ7AVPZB6XVZ'): 378568.819370707, ('hue', '5715e93362407d9f0cb16874eada7789'): 378569.378245414, ('remote_calendar', '01JRHPDCDPBY729WTVQAF7GYH9'): 378579.073141558, ('min_max', '01K88RPNTS1FHQ04RHFMCSGZGY'): 378579.159803161, ('local_calendar', 'a019d3ea0712c59a4d7a3bc8ff8fd1fb'): 378579.190213528, ('utility_meter', '01J99CH676KEWGVACSH5MKWC2X'): 378579.225963756, ('utility_meter', '01J99CHZYKD0DPVKXAVVTM9HVK'): 378579.226720786, ('open_meteo', 'fd593e2e9da37860804df6ddf11faf2a'): 378582.457499396, ('spook', '01JW3BYRGBDK72BFKKGKQDBNBN'): 378582.501035372, ('wyoming', '01KCS1TS6NWH10BPRMFFN73W6P'): 378582.641475047, ('wyoming', '01KCS3F9NH62B0RG3NMVQ1J2TZ'): 378582.641983302, ('derivative', '01KF6MQH9T4BG4NYT1FAK493HS'): 378583.682445974, ('integration', '4b7f0070d891e00ba0322298e26a3e8e'): 378583.693997004, ('google_drive', '01JKCPSES8HT243YMFA6CYY6Y7'): 378584.376249144}
2026-02-09 05:27:08.683 WARNING (MainThread) [homeassistant.helpers.frame] Detected that custom integration 'dreame_vacuum' sets an invalid entity ID: 'button.p50 pro ultra_shortcut_1'. In most cases, entities should not set entity_id, but if they do, it should be a valid entity ID.. This will stop working in Home Assistant 2027.2.0, please create a bug report at https://github.com/Tasshack/dreame-vacuum/issues
2026-02-09 05:27:08.684 WARNING (MainThread) [homeassistant.helpers.frame] Detected that custom integration 'dreame_vacuum' sets an invalid entity ID: 'button.p50 pro ultra_backup_map_1'. In most cases, entities should not set entity_id, but if they do, it should be a valid entity ID.. This will stop working in Home Assistant 2027.2.0, please create a bug report at https://github.com/Tasshack/dreame-vacuum/issues
2026-02-09 05:27:08.685 WARNING (MainThread) [homeassistant.helpers.frame] Detected that custom integration 'dreame_vacuum' sets an invalid entity ID: 'button.p50 pro ultra_backup_map_2'. In most cases, entities should not set entity_id, but if they do, it should be a valid entity ID.. This will stop working in Home Assistant 2027.2.0, please create a bug report at https://github.com/Tasshack/dreame-vacuum/issues
2026-02-09 05:27:08.689 WARNING (MainThread) [homeassistant.helpers.frame] Detected that custom integration 'dreame_vacuum' sets an invalid entity ID: 'button.p50 pro ultra_backup_map_3'. In most cases, entities should not set entity_id, but if they do, it should be a valid entity ID.. This will stop working in Home Assistant 2027.2.0, please create a bug report at https://github.com/Tasshack/dreame-vacuum/issues
2026-02-09 05:27:08.725 WARNING (MainThread) [homeassistant.helpers.frame] Detected that custom integration 'dreame_vacuum' sets an invalid entity ID: 'number.p50 pro ultra_room_1_wetness_level'. In most cases, entities should not set entity_id, but if they do, it should be a valid entity ID.. This will stop working in Home Assistant 2027.2.0, please create a bug report at https://github.com/Tasshack/dreame-vacuum/issues
2026-02-09 05:27:08.727 WARNING (MainThread) [homeassistant.helpers.frame] Detected that custom integration 'dreame_vacuum' sets an invalid entity ID: 'number.p50 pro ultra_room_2_wetness_level'. In most cases, entities should not set entity_id, but if they do, it should be a valid entity ID.. This will stop working in Home Assistant 2027.2.0, please create a bug report at https://github.com/Tasshack/dreame-vacuum/issues
2026-02-09 05:27:08.728 WARNING (MainThread) [homeassistant.helpers.frame] Detected that custom integration 'dreame_vacuum' sets an invalid entity ID: 'number.p50 pro ultra_room_3_wetness_level'. In most cases, entities should not set entity_id, but if they do, it should be a valid entity ID.. This will stop working in Home Assistant 2027.2.0, please create a bug report at https://github.com/Tasshack/dreame-vacuum/issues
2026-02-09 05:27:08.729 WARNING (MainThread) [homeassistant.helpers.frame] Detected that custom integration 'dreame_vacuum' sets an invalid entity ID: 'number.p50 pro ultra_room_4_wetness_level'. In most cases, entities should not set entity_id, but if they do, it should be a valid entity ID.. This will stop working in Home Assistant 2027.2.0, please create a bug report at https://github.com/Tasshack/dreame-vacuum/issues
2026-02-09 05:27:08.729 WARNING (MainThread) [homeassistant.helpers.frame] Detected that custom integration 'dreame_vacuum' sets an invalid entity ID: 'number.p50 pro ultra_room_5_wetness_level'. In most cases, entities should not set entity_id, but if they do, it should be a valid entity ID.. This will stop working in Home Assistant 2027.2.0, please create a bug report at https://github.com/Tasshack/dreame-vacuum/issues
2026-02-09 05:27:08.730 WARNING (MainThread) [homeassistant.helpers.frame] Detected that custom integration 'dreame_vacuum' sets an invalid entity ID: 'number.p50 pro ultra_room_6_wetness_level'. In most cases, entities should not set entity_id, but if they do, it should be a valid entity ID.. This will stop working in Home Assistant 2027.2.0, please create a bug report at https://github.com/Tasshack/dreame-vacuum/issues
2026-02-09 05:27:08.731 WARNING (MainThread) [homeassistant.helpers.frame] Detected that custom integration 'dreame_vacuum' sets an invalid entity ID: 'number.p50 pro ultra_room_7_wetness_level'. In most cases, entities should not set entity_id, but if they do, it should be a valid entity ID.. This will stop working in Home Assistant 2027.2.0, please create a bug report at https://github.com/Tasshack/dreame-vacuum/issues
2026-02-09 05:27:08.731 WARNING (MainThread) [homeassistant.helpers.frame] Detected that custom integration 'dreame_vacuum' sets an invalid entity ID: 'number.p50 pro ultra_room_8_wetness_level'. In most cases, entities should not set entity_id, but if they do, it should be a valid entity ID.. This will stop working in Home Assistant 2027.2.0, please create a bug report at https://github.com/Tasshack/dreame-vacuum/issues
2026-02-09 05:27:08.733 WARNING (MainThread) [homeassistant.helpers.frame] Detected that custom integration 'dreame_vacuum' sets an invalid entity ID: 'number.p50 pro ultra_room_9_wetness_level'. In most cases, entities should not set entity_id, but if they do, it should be a valid entity ID.. This will stop working in Home Assistant 2027.2.0, please create a bug report at https://github.com/Tasshack/dreame-vacuum/issues
2026-02-09 05:27:08.734 WARNING (MainThread) [homeassistant.helpers.frame] Detected that custom integration 'dreame_vacuum' sets an invalid entity ID: 'number.p50 pro ultra_room_10_wetness_level'. In most cases, entities should not set entity_id, but if they do, it should be a valid entity ID.. This will stop working in Home Assistant 2027.2.0, please create a bug report at https://github.com/Tasshack/dreame-vacuum/issues
2026-02-09 05:27:08.735 WARNING (MainThread) [homeassistant.helpers.frame] Detected that custom integration 'dreame_vacuum' sets an invalid entity ID: 'number.p50 pro ultra_room_11_wetness_level'. In most cases, entities should not set entity_id, but if they do, it should be a valid entity ID.. This will stop working in Home Assistant 2027.2.0, please create a bug report at https://github.com/Tasshack/dreame-vacuum/issues
2026-02-09 05:27:08.736 WARNING (MainThread) [homeassistant.helpers.frame] Detected that custom integration 'dreame_vacuum' sets an invalid entity ID: 'number.p50 pro ultra_room_12_wetness_level'. In most cases, entities should not set entity_id, but if they do, it should be a valid entity ID.. This will stop working in Home Assistant 2027.2.0, please create a bug report at https://github.com/Tasshack/dreame-vacuum/issues
2026-02-09 05:27:08.737 WARNING (MainThread) [homeassistant.helpers.frame] Detected that custom integration 'dreame_vacuum' sets an invalid entity ID: 'number.p50 pro ultra_room_13_wetness_level'. In most cases, entities should not set entity_id, but if they do, it should be a valid entity ID.. This will stop working in Home Assistant 2027.2.0, please create a bug report at https://github.com/Tasshack/dreame-vacuum/issues
2026-02-09 05:27:08.737 WARNING (MainThread) [homeassistant.helpers.frame] Detected that custom integration 'dreame_vacuum' sets an invalid entity ID: 'number.p50 pro ultra_room_14_wetness_level'. In most cases, entities should not set entity_id, but if they do, it should be a valid entity ID.. This will stop working in Home Assistant 2027.2.0, please create a bug report at https://github.com/Tasshack/dreame-vacuum/issues
2026-02-09 05:27:08.739 WARNING (MainThread) [homeassistant.helpers.frame] Detected that custom integration 'dreame_vacuum' sets an invalid entity ID: 'number.p50 pro ultra_room_15_wetness_level'. In most cases, entities should not set entity_id, but if they do, it should be a valid entity ID.. This will stop working in Home Assistant 2027.2.0, please create a bug report at https://github.com/Tasshack/dreame-vacuum/issues
2026-02-09 05:27:09.140 WARNING (MainThread) [homeassistant.helpers.frame] Detected that custom integration 'dreame_vacuum' sets an invalid entity ID: 'select.p50 pro ultra_room_1_suction_level'. In most cases, entities should not set entity_id, but if they do, it should be a valid entity ID.. This will stop working in Home Assistant 2027.2.0, please create a bug report at https://github.com/Tasshack/dreame-vacuum/issues
2026-02-09 05:27:09.141 WARNING (MainThread) [homeassistant.helpers.frame] Detected that custom integration 'dreame_vacuum' sets an invalid entity ID: 'select.p50 pro ultra_room_1_mop_pad_humidity'. In most cases, entities should not set entity_id, but if they do, it should be a valid entity ID.. This will stop working in Home Assistant 2027.2.0, please create a bug report at https://github.com/Tasshack/dreame-vacuum/issues
2026-02-09 05:27:09.142 WARNING (MainThread) [homeassistant.helpers.frame] Detected that custom integration 'dreame_vacuum' sets an invalid entity ID: 'select.p50 pro ultra_room_1_cleaning_mode'. In most cases, entities should not set entity_id, but if they do, it should be a valid entity ID.. This will stop working in Home Assistant 2027.2.0, please create a bug report at https://github.com/Tasshack/dreame-vacuum/issues
2026-02-09 05:27:09.143 WARNING (MainThread) [homeassistant.helpers.frame] Detected that custom integration 'dreame_vacuum' sets an invalid entity ID: 'select.p50 pro ultra_room_1_cleaning_times'. In most cases, entities should not set entity_id, but if they do, it should be a valid entity ID.. This will stop working in Home Assistant 2027.2.0, please create a bug report at https://github.com/Tasshack/dreame-vacuum/issues
2026-02-09 05:27:09.144 WARNING (MainThread) [homeassistant.helpers.frame] Detected that custom integration 'dreame_vacuum' sets an invalid entity ID: 'select.p50 pro ultra_room_1_cleaning_route'. In most cases, entities should not set entity_id, but if they do, it should be a valid entity ID.. This will stop working in Home Assistant 2027.2.0, please create a bug report at https://github.com/Tasshack/dreame-vacuum/issues
2026-02-09 05:27:09.145 WARNING (MainThread) [homeassistant.helpers.frame] Detected that custom integration 'dreame_vacuum' sets an invalid entity ID: 'select.p50 pro ultra_room_1_order'. In most cases, entities should not set entity_id, but if they do, it should be a valid entity ID.. This will stop working in Home Assistant 2027.2.0, please create a bug report at https://github.com/Tasshack/dreame-vacuum/issues
2026-02-09 05:27:09.145 WARNING (MainThread) [homeassistant.helpers.frame] Detected that custom integration 'dreame_vacuum' sets an invalid entity ID: 'select.p50 pro ultra_room_1_floor_material'. In most cases, entities should not set entity_id, but if they do, it should be a valid entity ID.. This will stop working in Home Assistant 2027.2.0, please create a bug report at https://github.com/Tasshack/dreame-vacuum/issues
2026-02-09 05:27:09.146 WARNING (MainThread) [homeassistant.helpers.frame] Detected that custom integration 'dreame_vacuum' sets an invalid entity ID: 'select.p50 pro ultra_room_1_floor_material_direction'. In most cases, entities should not set entity_id, but if they do, it should be a valid entity ID.. This will stop working in Home Assistant 2027.2.0, please create a bug report at https://github.com/Tasshack/dreame-vacuum/issues
2026-02-09 05:27:09.147 WARNING (MainThread) [homeassistant.helpers.frame] Detected that custom integration 'dreame_vacuum' sets an invalid entity ID: 'select.p50 pro ultra_room_1_visibility'. In most cases, entities should not set entity_id, but if they do, it should be a valid entity ID.. This will stop working in Home Assistant 2027.2.0, please create a bug report at https://github.com/Tasshack/dreame-vacuum/issues
2026-02-09 05:27:09.147 WARNING (MainThread) [homeassistant.helpers.frame] Detected that custom integration 'dreame_vacuum' sets an invalid entity ID: 'select.p50 pro ultra_room_1_name'. In most cases, entities should not set entity_id, but if they do, it should be a valid entity ID.. This will stop working in Home Assistant 2027.2.0, please create a bug report at https://github.com/Tasshack/dreame-vacuum/issues
2026-02-09 05:27:09.148 WARNING (MainThread) [homeassistant.helpers.frame] Detected that custom integration 'dreame_vacuum' sets an invalid entity ID: 'select.p50 pro ultra_room_2_suction_level'. In most cases, entities should not set entity_id, but if they do, it should be a valid entity ID.. This will stop working in Home Assistant 2027.2.0, please create a bug report at https://github.com/Tasshack/dreame-vacuum/issues
2026-02-09 05:27:09.155 WARNING (MainThread) [homeassistant.helpers.frame] Detected that custom integration 'dreame_vacuum' sets an invalid entity ID: 'select.p50 pro ultra_room_2_mop_pad_humidity'. In most cases, entities should not set entity_id, but if they do, it should be a valid entity ID.. This will stop working in Home Assistant 2027.2.0, please create a bug report at https://github.com/Tasshack/dreame-vacuum/issues
2026-02-09 05:27:09.156 WARNING (MainThread) [homeassistant.helpers.frame] Detected that custom integration 'dreame_vacuum' sets an invalid entity ID: 'select.p50 pro ultra_room_2_cleaning_mode'. In most cases, entities should not set entity_id, but if they do, it should be a valid entity ID.. This will stop working in Home Assistant 2027.2.0, please create a bug report at https://github.com/Tasshack/dreame-vacuum/issues
2026-02-09 05:27:09.157 WARNING (MainThread) [homeassistant.helpers.frame] Detected that custom integration 'dreame_vacuum' sets an invalid entity ID: 'select.p50 pro ultra_room_2_cleaning_times'. In most cases, entities should not set entity_id, but if they do, it should be a valid entity ID.. This will stop working in Home Assistant 2027.2.0, please create a bug report at https://github.com/Tasshack/dreame-vacuum/issues
2026-02-09 05:27:09.157 WARNING (MainThread) [homeassistant.helpers.frame] Detected that custom integration 'dreame_vacuum' sets an invalid entity ID: 'select.p50 pro ultra_room_2_cleaning_route'. In most cases, entities should not set entity_id, but if they do, it should be a valid entity ID.. This will stop working in Home Assistant 2027.2.0, please create a bug report at https://github.com/Tasshack/dreame-vacuum/issues
2026-02-09 05:27:09.158 WARNING (MainThread) [homeassistant.helpers.frame] Detected that custom integration 'dreame_vacuum' sets an invalid entity ID: 'select.p50 pro ultra_room_2_order'. In most cases, entities should not set entity_id, but if they do, it should be a valid entity ID.. This will stop working in Home Assistant 2027.2.0, please create a bug report at https://github.com/Tasshack/dreame-vacuum/issues
2026-02-09 05:27:09.159 WARNING (MainThread) [homeassistant.helpers.frame] Detected that custom integration 'dreame_vacuum' sets an invalid entity ID: 'select.p50 pro ultra_room_2_floor_material'. In most cases, entities should not set entity_id, but if they do, it should be a valid entity ID.. This will stop working in Home Assistant 2027.2.0, please create a bug report at https://github.com/Tasshack/dreame-vacuum/issues
2026-02-09 05:27:09.162 WARNING (MainThread) [homeassistant.helpers.frame] Detected that custom integration 'dreame_vacuum' sets an invalid entity ID: 'select.p50 pro ultra_room_2_floor_material_direction'. In most cases, entities should not set entity_id, but if they do, it should be a valid entity ID.. This will stop working in Home Assistant 2027.2.0, please create a bug report at https://github.com/Tasshack/dreame-vacuum/issues
2026-02-09 05:27:09.163 WARNING (MainThread) [homeassistant.helpers.frame] Detected that custom integration 'dreame_vacuum' sets an invalid entity ID: 'select.p50 pro ultra_room_2_visibility'. In most cases, entities should not set entity_id, but if they do, it should be a valid entity ID.. This will stop working in Home Assistant 2027.2.0, please create a bug report at https://github.com/Tasshack/dreame-vacuum/issues
2026-02-09 05:27:09.164 WARNING (MainThread) [homeassistant.helpers.frame] Detected that custom integration 'dreame_vacuum' sets an invalid entity ID: 'select.p50 pro ultra_room_2_name'. In most cases, entities should not set entity_id, but if they do, it should be a valid entity ID.. This will stop working in Home Assistant 2027.2.0, please create a bug report at https://github.com/Tasshack/dreame-vacuum/issues
2026-02-09 05:27:09.164 WARNING (MainThread) [homeassistant.helpers.frame] Detected that custom integration 'dreame_vacuum' sets an invalid entity ID: 'select.p50 pro ultra_room_3_suction_level'. In most cases, entities should not set entity_id, but if they do, it should be a valid entity ID.. This will stop working in Home Assistant 2027.2.0, please create a bug report at https://github.com/Tasshack/dreame-vacuum/issues
2026-02-09 05:27:09.165 WARNING (MainThread) [homeassistant.helpers.frame] Detected that custom integration 'dreame_vacuum' sets an invalid entity ID: 'select.p50 pro ultra_room_3_mop_pad_humidity'. In most cases, entities should not set entity_id, but if they do, it should be a valid entity ID.. This will stop working in Home Assistant 2027.2.0, please create a bug report at https://github.com/Tasshack/dreame-vacuum/issues
2026-02-09 05:27:09.165 WARNING (MainThread) [homeassistant.helpers.frame] Detected that custom integration 'dreame_vacuum' sets an invalid entity ID: 'select.p50 pro ultra_room_3_cleaning_mode'. In most cases, entities should not set entity_id, but if they do, it should be a valid entity ID.. This will stop working in Home Assistant 2027.2.0, please create a bug report at https://github.com/Tasshack/dreame-vacuum/issues
2026-02-09 05:27:09.166 WARNING (MainThread) [homeassistant.helpers.frame] Detected that custom integration 'dreame_vacuum' sets an invalid entity ID: 'select.p50 pro ultra_room_3_cleaning_times'. In most cases, entities should not set entity_id, but if they do, it should be a valid entity ID.. This will stop working in Home Assistant 2027.2.0, please create a bug report at https://github.com/Tasshack/dreame-vacuum/issues
2026-02-09 05:27:09.166 WARNING (MainThread) [homeassistant.helpers.frame] Detected that custom integration 'dreame_vacuum' sets an invalid entity ID: 'select.p50 pro ultra_room_3_cleaning_route'. In most cases, entities should not set entity_id, but if they do, it should be a valid entity ID.. This will stop working in Home Assistant 2027.2.0, please create a bug report at https://github.com/Tasshack/dreame-vacuum/issues
2026-02-09 05:27:09.172 WARNING (MainThread) [homeassistant.helpers.frame] Detected that custom integration 'dreame_vacuum' sets an invalid entity ID: 'select.p50 pro ultra_room_3_order'. In most cases, entities should not set entity_id, but if they do, it should be a valid entity ID.. This will stop working in Home Assistant 2027.2.0, please create a bug report at https://github.com/Tasshack/dreame-vacuum/issues
2026-02-09 05:27:09.173 WARNING (MainThread) [homeassistant.helpers.frame] Detected that custom integration 'dreame_vacuum' sets an invalid entity ID: 'select.p50 pro ultra_room_3_floor_material'. In most cases, entities should not set entity_id, but if they do, it should be a valid entity ID.. This will stop working in Home Assistant 2027.2.0, please create a bug report at https://github.com/Tasshack/dreame-vacuum/issues
2026-02-09 05:27:09.174 WARNING (MainThread) [homeassistant.helpers.frame] Detected that custom integration 'dreame_vacuum' sets an invalid entity ID: 'select.p50 pro ultra_room_3_floor_material_direction'. In most cases, entities should not set entity_id, but if they do, it should be a valid entity ID.. This will stop working in Home Assistant 2027.2.0, please create a bug report at https://github.com/Tasshack/dreame-vacuum/issues
2026-02-09 05:27:09.175 WARNING (MainThread) [homeassistant.helpers.frame] Detected that custom integration 'dreame_vacuum' sets an invalid entity ID: 'select.p50 pro ultra_room_3_visibility'. In most cases, entities should not set entity_id, but if they do, it should be a valid entity ID.. This will stop working in Home Assistant 2027.2.0, please create a bug report at https://github.com/Tasshack/dreame-vacuum/issues
2026-02-09 05:27:09.175 WARNING (MainThread) [homeassistant.helpers.frame] Detected that custom integration 'dreame_vacuum' sets an invalid entity ID: 'select.p50 pro ultra_room_3_name'. In most cases, entities should not set entity_id, but if they do, it should be a valid entity ID.. This will stop working in Home Assistant 2027.2.0, please create a bug report at https://github.com/Tasshack/dreame-vacuum/issues
2026-02-09 05:27:09.176 WARNING (MainThread) [homeassistant.helpers.frame] Detected that custom integration 'dreame_vacuum' sets an invalid entity ID: 'select.p50 pro ultra_room_4_suction_level'. In most cases, entities should not set entity_id, but if they do, it should be a valid entity ID.. This will stop working in Home Assistant 2027.2.0, please create a bug report at https://github.com/Tasshack/dreame-vacuum/issues
2026-02-09 05:27:09.180 WARNING (MainThread) [homeassistant.helpers.frame] Detected that custom integration 'dreame_vacuum' sets an invalid entity ID: 'select.p50 pro ultra_room_4_mop_pad_humidity'. In most cases, entities should not set entity_id, but if they do, it should be a valid entity ID.. This will stop working in Home Assistant 2027.2.0, please create a bug report at https://github.com/Tasshack/dreame-vacuum/issues
2026-02-09 05:27:09.181 WARNING (MainThread) [homeassistant.helpers.frame] Detected that custom integration 'dreame_vacuum' sets an invalid entity ID: 'select.p50 pro ultra_room_4_cleaning_mode'. In most cases, entities should not set entity_id, but if they do, it should be a valid entity ID.. This will stop working in Home Assistant 2027.2.0, please create a bug report at https://github.com/Tasshack/dreame-vacuum/issues
2026-02-09 05:27:09.181 WARNING (MainThread) [homeassistant.helpers.frame] Detected that custom integration 'dreame_vacuum' sets an invalid entity ID: 'select.p50 pro ultra_room_4_cleaning_times'. In most cases, entities should not set entity_id, but if they do, it should be a valid entity ID.. This will stop working in Home Assistant 2027.2.0, please create a bug report at https://github.com/Tasshack/dreame-vacuum/issues
2026-02-09 05:27:09.182 WARNING (MainThread) [homeassistant.helpers.frame] Detected that custom integration 'dreame_vacuum' sets an invalid entity ID: 'select.p50 pro ultra_room_4_cleaning_route'. In most cases, entities should not set entity_id, but if they do, it should be a valid entity ID.. This will stop working in Home Assistant 2027.2.0, please create a bug report at https://github.com/Tasshack/dreame-vacuum/issues
2026-02-09 05:27:09.182 WARNING (MainThread) [homeassistant.helpers.frame] Detected that custom integration 'dreame_vacuum' sets an invalid entity ID: 'select.p50 pro ultra_room_4_order'. In most cases, entities should not set entity_id, but if they do, it should be a valid entity ID.. This will stop working in Home Assistant 2027.2.0, please create a bug report at https://github.com/Tasshack/dreame-vacuum/issues
2026-02-09 05:27:09.183 WARNING (MainThread) [homeassistant.helpers.frame] Detected that custom integration 'dreame_vacuum' sets an invalid entity ID: 'select.p50 pro ultra_room_4_floor_material'. In most cases, entities should not set entity_id, but if they do, it should be a valid entity ID.. This will stop working in Home Assistant 2027.2.0, please create a bug report at https://github.com/Tasshack/dreame-vacuum/issues
2026-02-09 05:27:09.184 WARNING (MainThread) [homeassistant.helpers.frame] Detected that custom integration 'dreame_vacuum' sets an invalid entity ID: 'select.p50 pro ultra_room_4_floor_material_direction'. In most cases, entities should not set entity_id, but if they do, it should be a valid entity ID.. This will stop working in Home Assistant 2027.2.0, please create a bug report at https://github.com/Tasshack/dreame-vacuum/issues
2026-02-09 05:27:09.192 WARNING (MainThread) [homeassistant.helpers.frame] Detected that custom integration 'dreame_vacuum' sets an invalid entity ID: 'select.p50 pro ultra_room_4_visibility'. In most cases, entities should not set entity_id, but if they do, it should be a valid entity ID.. This will stop working in Home Assistant 2027.2.0, please create a bug report at https://github.com/Tasshack/dreame-vacuum/issues
2026-02-09 05:27:09.193 WARNING (MainThread) [homeassistant.helpers.frame] Detected that custom integration 'dreame_vacuum' sets an invalid entity ID: 'select.p50 pro ultra_room_4_name'. In most cases, entities should not set entity_id, but if they do, it should be a valid entity ID.. This will stop working in Home Assistant 2027.2.0, please create a bug report at https://github.com/Tasshack/dreame-vacuum/issues
2026-02-09 05:27:09.193 WARNING (MainThread) [homeassistant.helpers.frame] Detected that custom integration 'dreame_vacuum' sets an invalid entity ID: 'select.p50 pro ultra_room_5_suction_level'. In most cases, entities should not set entity_id, but if they do, it should be a valid entity ID.. This will stop working in Home Assistant 2027.2.0, please create a bug report at https://github.com/Tasshack/dreame-vacuum/issues
2026-02-09 05:27:09.194 WARNING (MainThread) [homeassistant.helpers.frame] Detected that custom integration 'dreame_vacuum' sets an invalid entity ID: 'select.p50 pro ultra_room_5_mop_pad_humidity'. In most cases, entities should not set entity_id, but if they do, it should be a valid entity ID.. This will stop working in Home Assistant 2027.2.0, please create a bug report at https://github.com/Tasshack/dreame-vacuum/issues
2026-02-09 05:27:09.194 WARNING (MainThread) [homeassistant.helpers.frame] Detected that custom integration 'dreame_vacuum' sets an invalid entity ID: 'select.p50 pro ultra_room_5_cleaning_mode'. In most cases, entities should not set entity_id, but if they do, it should be a valid entity ID.. This will stop working in Home Assistant 2027.2.0, please create a bug report at https://github.com/Tasshack/dreame-vacuum/issues
2026-02-09 05:27:09.195 WARNING (MainThread) [homeassistant.helpers.frame] Detected that custom integration 'dreame_vacuum' sets an invalid entity ID: 'select.p50 pro ultra_room_5_cleaning_times'. In most cases, entities should not set entity_id, but if they do, it should be a valid entity ID.. This will stop working in Home Assistant 2027.2.0, please create a bug report at https://github.com/Tasshack/dreame-vacuum/issues
2026-02-09 05:27:09.195 WARNING (MainThread) [homeassistant.helpers.frame] Detected that custom integration 'dreame_vacuum' sets an invalid entity ID: 'select.p50 pro ultra_room_5_cleaning_route'. In most cases, entities should not set entity_id, but if they do, it should be a valid entity ID.. This will stop working in Home Assistant 2027.2.0, please create a bug report at https://github.com/Tasshack/dreame-vacuum/issues
2026-02-09 05:27:09.196 WARNING (MainThread) [homeassistant.helpers.frame] Detected that custom integration 'dreame_vacuum' sets an invalid entity ID: 'select.p50 pro ultra_room_5_order'. In most cases, entities should not set entity_id, but if they do, it should be a valid entity ID.. This will stop working in Home Assistant 2027.2.0, please create a bug report at https://github.com/Tasshack/dreame-vacuum/issues
2026-02-09 05:27:09.201 WARNING (MainThread) [homeassistant.helpers.frame] Detected that custom integration 'dreame_vacuum' sets an invalid entity ID: 'select.p50 pro ultra_room_5_floor_material'. In most cases, entities should not set entity_id, but if they do, it should be a valid entity ID.. This will stop working in Home Assistant 2027.2.0, please create a bug report at https://github.com/Tasshack/dreame-vacuum/issues
2026-02-09 05:27:09.202 WARNING (MainThread) [homeassistant.helpers.frame] Detected that custom integration 'dreame_vacuum' sets an invalid entity ID: 'select.p50 pro ultra_room_5_floor_material_direction'. In most cases, entities should not set entity_id, but if they do, it should be a valid entity ID.. This will stop working in Home Assistant 2027.2.0, please create a bug report at https://github.com/Tasshack/dreame-vacuum/issues
2026-02-09 05:27:09.203 WARNING (MainThread) [homeassistant.helpers.frame] Detected that custom integration 'dreame_vacuum' sets an invalid entity ID: 'select.p50 pro ultra_room_5_visibility'. In most cases, entities should not set entity_id, but if they do, it should be a valid entity ID.. This will stop working in Home Assistant 2027.2.0, please create a bug report at https://github.com/Tasshack/dreame-vacuum/issues
2026-02-09 05:27:09.203 WARNING (MainThread) [homeassistant.helpers.frame] Detected that custom integration 'dreame_vacuum' sets an invalid entity ID: 'select.p50 pro ultra_room_5_name'. In most cases, entities should not set entity_id, but if they do, it should be a valid entity ID.. This will stop working in Home Assistant 2027.2.0, please create a bug report at https://github.com/Tasshack/dreame-vacuum/issues
2026-02-09 05:27:09.204 WARNING (MainThread) [homeassistant.helpers.frame] Detected that custom integration 'dreame_vacuum' sets an invalid entity ID: 'select.p50 pro ultra_room_6_suction_level'. In most cases, entities should not set entity_id, but if they do, it should be a valid entity ID.. This will stop working in Home Assistant 2027.2.0, please create a bug report at https://github.com/Tasshack/dreame-vacuum/issues
2026-02-09 05:27:09.204 WARNING (MainThread) [homeassistant.helpers.frame] Detected that custom integration 'dreame_vacuum' sets an invalid entity ID: 'select.p50 pro ultra_room_6_mop_pad_humidity'. In most cases, entities should not set entity_id, but if they do, it should be a valid entity ID.. This will stop working in Home Assistant 2027.2.0, please create a bug report at https://github.com/Tasshack/dreame-vacuum/issues
2026-02-09 05:27:09.205 WARNING (MainThread) [homeassistant.helpers.frame] Detected that custom integration 'dreame_vacuum' sets an invalid entity ID: 'select.p50 pro ultra_room_6_cleaning_mode'. In most cases, entities should not set entity_id, but if they do, it should be a valid entity ID.. This will stop working in Home Assistant 2027.2.0, please create a bug report at https://github.com/Tasshack/dreame-vacuum/issues
2026-02-09 05:27:09.205 WARNING (MainThread) [homeassistant.helpers.frame] Detected that custom integration 'dreame_vacuum' sets an invalid entity ID: 'select.p50 pro ultra_room_6_cleaning_times'. In most cases, entities should not set entity_id, but if they do, it should be a valid entity ID.. This will stop working in Home Assistant 2027.2.0, please create a bug report at https://github.com/Tasshack/dreame-vacuum/issues
2026-02-09 05:27:09.206 WARNING (MainThread) [homeassistant.helpers.frame] Detected that custom integration 'dreame_vacuum' sets an invalid entity ID: 'select.p50 pro ultra_room_6_cleaning_route'. In most cases, entities should not set entity_id, but if they do, it should be a valid entity ID.. This will stop working in Home Assistant 2027.2.0, please create a bug report at https://github.com/Tasshack/dreame-vacuum/issues
2026-02-09 05:27:09.208 WARNING (MainThread) [homeassistant.helpers.frame] Detected that custom integration 'dreame_vacuum' sets an invalid entity ID: 'select.p50 pro ultra_room_6_order'. In most cases, entities should not set entity_id, but if they do, it should be a valid entity ID.. This will stop working in Home Assistant 2027.2.0, please create a bug report at https://github.com/Tasshack/dreame-vacuum/issues
2026-02-09 05:27:09.209 WARNING (MainThread) [homeassistant.helpers.frame] Detected that custom integration 'dreame_vacuum' sets an invalid entity ID: 'select.p50 pro ultra_room_6_floor_material'. In most cases, entities should not set entity_id, but if they do, it should be a valid entity ID.. This will stop working in Home Assistant 2027.2.0, please create a bug report at https://github.com/Tasshack/dreame-vacuum/issues
2026-02-09 05:27:09.210 WARNING (MainThread) [homeassistant.helpers.frame] Detected that custom integration 'dreame_vacuum' sets an invalid entity ID: 'select.p50 pro ultra_room_6_floor_material_direction'. In most cases, entities should not set entity_id, but if they do, it should be a valid entity ID.. This will stop working in Home Assistant 2027.2.0, please create a bug report at https://github.com/Tasshack/dreame-vacuum/issues
2026-02-09 05:27:09.210 WARNING (MainThread) [homeassistant.helpers.frame] Detected that custom integration 'dreame_vacuum' sets an invalid entity ID: 'select.p50 pro ultra_room_6_visibility'. In most cases, entities should not set entity_id, but if they do, it should be a valid entity ID.. This will stop working in Home Assistant 2027.2.0, please create a bug report at https://github.com/Tasshack/dreame-vacuum/issues
2026-02-09 05:27:09.211 WARNING (MainThread) [homeassistant.helpers.frame] Detected that custom integration 'dreame_vacuum' sets an invalid entity ID: 'select.p50 pro ultra_room_6_name'. In most cases, entities should not set entity_id, but if they do, it should be a valid entity ID.. This will stop working in Home Assistant 2027.2.0, please create a bug report at https://github.com/Tasshack/dreame-vacuum/issues
2026-02-09 05:27:09.211 WARNING (MainThread) [homeassistant.helpers.frame] Detected that custom integration 'dreame_vacuum' sets an invalid entity ID: 'select.p50 pro ultra_room_7_suction_level'. In most cases, entities should not set entity_id, but if they do, it should be a valid entity ID.. This will stop working in Home Assistant 2027.2.0, please create a bug report at https://github.com/Tasshack/dreame-vacuum/issues
2026-02-09 05:27:09.212 WARNING (MainThread) [homeassistant.helpers.frame] Detected that custom integration 'dreame_vacuum' sets an invalid entity ID: 'select.p50 pro ultra_room_7_mop_pad_humidity'. In most cases, entities should not set entity_id, but if they do, it should be a valid entity ID.. This will stop working in Home Assistant 2027.2.0, please create a bug report at https://github.com/Tasshack/dreame-vacuum/issues
2026-02-09 05:27:09.213 WARNING (MainThread) [homeassistant.helpers.frame] Detected that custom integration 'dreame_vacuum' sets an invalid entity ID: 'select.p50 pro ultra_room_7_cleaning_mode'. In most cases, entities should not set entity_id, but if they do, it should be a valid entity ID.. This will stop working in Home Assistant 2027.2.0, please create a bug report at https://github.com/Tasshack/dreame-vacuum/issues
2026-02-09 05:27:09.232 WARNING (MainThread) [homeassistant.helpers.frame] Detected that custom integration 'dreame_vacuum' sets an invalid entity ID: 'select.p50 pro ultra_room_7_cleaning_times'. In most cases, entities should not set entity_id, but if they do, it should be a valid entity ID.. This will stop working in Home Assistant 2027.2.0, please create a bug report at https://github.com/Tasshack/dreame-vacuum/issues
2026-02-09 05:27:09.233 WARNING (MainThread) [homeassistant.helpers.frame] Detected that custom integration 'dreame_vacuum' sets an invalid entity ID: 'select.p50 pro ultra_room_7_cleaning_route'. In most cases, entities should not set entity_id, but if they do, it should be a valid entity ID.. This will stop working in Home Assistant 2027.2.0, please create a bug report at https://github.com/Tasshack/dreame-vacuum/issues
2026-02-09 05:27:09.234 WARNING (MainThread) [homeassistant.helpers.frame] Detected that custom integration 'dreame_vacuum' sets an invalid entity ID: 'select.p50 pro ultra_room_7_order'. In most cases, entities should not set entity_id, but if they do, it should be a valid entity ID.. This will stop working in Home Assistant 2027.2.0, please create a bug report at https://github.com/Tasshack/dreame-vacuum/issues
2026-02-09 05:27:09.234 WARNING (MainThread) [homeassistant.helpers.frame] Detected that custom integration 'dreame_vacuum' sets an invalid entity ID: 'select.p50 pro ultra_room_7_floor_material'. In most cases, entities should not set entity_id, but if they do, it should be a valid entity ID.. This will stop working in Home Assistant 2027.2.0, please create a bug report at https://github.com/Tasshack/dreame-vacuum/issues
2026-02-09 05:27:09.235 WARNING (MainThread) [homeassistant.helpers.frame] Detected that custom integration 'dreame_vacuum' sets an invalid entity ID: 'select.p50 pro ultra_room_7_floor_material_direction'. In most cases, entities should not set entity_id, but if they do, it should be a valid entity ID.. This will stop working in Home Assistant 2027.2.0, please create a bug report at https://github.com/Tasshack/dreame-vacuum/issues
2026-02-09 05:27:09.235 WARNING (MainThread) [homeassistant.helpers.frame] Detected that custom integration 'dreame_vacuum' sets an invalid entity ID: 'select.p50 pro ultra_room_7_visibility'. In most cases, entities should not set entity_id, but if they do, it should be a valid entity ID.. This will stop working in Home Assistant 2027.2.0, please create a bug report at https://github.com/Tasshack/dreame-vacuum/issues
2026-02-09 05:27:09.236 WARNING (MainThread) [homeassistant.helpers.frame] Detected that custom integration 'dreame_vacuum' sets an invalid entity ID: 'select.p50 pro ultra_room_7_name'. In most cases, entities should not set entity_id, but if they do, it should be a valid entity ID.. This will stop working in Home Assistant 2027.2.0, please create a bug report at https://github.com/Tasshack/dreame-vacuum/issues
2026-02-09 05:27:09.236 WARNING (MainThread) [homeassistant.helpers.frame] Detected that custom integration 'dreame_vacuum' sets an invalid entity ID: 'select.p50 pro ultra_room_8_suction_level'. In most cases, entities should not set entity_id, but if they do, it should be a valid entity ID.. This will stop working in Home Assistant 2027.2.0, please create a bug report at https://github.com/Tasshack/dreame-vacuum/issues
2026-02-09 05:27:09.238 WARNING (MainThread) [homeassistant.helpers.frame] Detected that custom integration 'dreame_vacuum' sets an invalid entity ID: 'select.p50 pro ultra_room_8_mop_pad_humidity'. In most cases, entities should not set entity_id, but if they do, it should be a valid entity ID.. This will stop working in Home Assistant 2027.2.0, please create a bug report at https://github.com/Tasshack/dreame-vacuum/issues
2026-02-09 05:27:09.239 WARNING (MainThread) [homeassistant.helpers.frame] Detected that custom integration 'dreame_vacuum' sets an invalid entity ID: 'select.p50 pro ultra_room_8_cleaning_mode'. In most cases, entities should not set entity_id, but if they do, it should be a valid entity ID.. This will stop working in Home Assistant 2027.2.0, please create a bug report at https://github.com/Tasshack/dreame-vacuum/issues
2026-02-09 05:27:09.240 WARNING (MainThread) [homeassistant.helpers.frame] Detected that custom integration 'dreame_vacuum' sets an invalid entity ID: 'select.p50 pro ultra_room_8_cleaning_times'. In most cases, entities should not set entity_id, but if they do, it should be a valid entity ID.. This will stop working in Home Assistant 2027.2.0, please create a bug report at https://github.com/Tasshack/dreame-vacuum/issues
2026-02-09 05:27:09.240 WARNING (MainThread) [homeassistant.helpers.frame] Detected that custom integration 'dreame_vacuum' sets an invalid entity ID: 'select.p50 pro ultra_room_8_cleaning_route'. In most cases, entities should not set entity_id, but if they do, it should be a valid entity ID.. This will stop working in Home Assistant 2027.2.0, please create a bug report at https://github.com/Tasshack/dreame-vacuum/issues
2026-02-09 05:27:09.241 WARNING (MainThread) [homeassistant.helpers.frame] Detected that custom integration 'dreame_vacuum' sets an invalid entity ID: 'select.p50 pro ultra_room_8_order'. In most cases, entities should not set entity_id, but if they do, it should be a valid entity ID.. This will stop working in Home Assistant 2027.2.0, please create a bug report at https://github.com/Tasshack/dreame-vacuum/issues
2026-02-09 05:27:09.241 WARNING (MainThread) [homeassistant.helpers.frame] Detected that custom integration 'dreame_vacuum' sets an invalid entity ID: 'select.p50 pro ultra_room_8_floor_material'. In most cases, entities should not set entity_id, but if they do, it should be a valid entity ID.. This will stop working in Home Assistant 2027.2.0, please create a bug report at https://github.com/Tasshack/dreame-vacuum/issues
2026-02-09 05:27:09.242 WARNING (MainThread) [homeassistant.helpers.frame] Detected that custom integration 'dreame_vacuum' sets an invalid entity ID: 'select.p50 pro ultra_room_8_floor_material_direction'. In most cases, entities should not set entity_id, but if they do, it should be a valid entity ID.. This will stop working in Home Assistant 2027.2.0, please create a bug report at https://github.com/Tasshack/dreame-vacuum/issues
2026-02-09 05:27:09.251 WARNING (MainThread) [homeassistant.helpers.frame] Detected that custom integration 'dreame_vacuum' sets an invalid entity ID: 'select.p50 pro ultra_room_8_visibility'. In most cases, entities should not set entity_id, but if they do, it should be a valid entity ID.. This will stop working in Home Assistant 2027.2.0, please create a bug report at https://github.com/Tasshack/dreame-vacuum/issues
2026-02-09 05:27:09.252 WARNING (MainThread) [homeassistant.helpers.frame] Detected that custom integration 'dreame_vacuum' sets an invalid entity ID: 'select.p50 pro ultra_room_8_name'. In most cases, entities should not set entity_id, but if they do, it should be a valid entity ID.. This will stop working in Home Assistant 2027.2.0, please create a bug report at https://github.com/Tasshack/dreame-vacuum/issues
2026-02-09 05:27:09.252 WARNING (MainThread) [homeassistant.helpers.frame] Detected that custom integration 'dreame_vacuum' sets an invalid entity ID: 'select.p50 pro ultra_room_9_suction_level'. In most cases, entities should not set entity_id, but if they do, it should be a valid entity ID.. This will stop working in Home Assistant 2027.2.0, please create a bug report at https://github.com/Tasshack/dreame-vacuum/issues
2026-02-09 05:27:09.253 WARNING (MainThread) [homeassistant.helpers.frame] Detected that custom integration 'dreame_vacuum' sets an invalid entity ID: 'select.p50 pro ultra_room_9_mop_pad_humidity'. In most cases, entities should not set entity_id, but if they do, it should be a valid entity ID.. This will stop working in Home Assistant 2027.2.0, please create a bug report at https://github.com/Tasshack/dreame-vacuum/issues
2026-02-09 05:27:09.255 WARNING (MainThread) [homeassistant.helpers.frame] Detected that custom integration 'dreame_vacuum' sets an invalid entity ID: 'select.p50 pro ultra_room_9_cleaning_mode'. In most cases, entities should not set entity_id, but if they do, it should be a valid entity ID.. This will stop working in Home Assistant 2027.2.0, please create a bug report at https://github.com/Tasshack/dreame-vacuum/issues
2026-02-09 05:27:09.257 WARNING (MainThread) [homeassistant.helpers.frame] Detected that custom integration 'dreame_vacuum' sets an invalid entity ID: 'select.p50 pro ultra_room_9_cleaning_times'. In most cases, entities should not set entity_id, but if they do, it should be a valid entity ID.. This will stop working in Home Assistant 2027.2.0, please create a bug report at https://github.com/Tasshack/dreame-vacuum/issues
2026-02-09 05:27:09.258 WARNING (MainThread) [homeassistant.helpers.frame] Detected that custom integration 'dreame_vacuum' sets an invalid entity ID: 'select.p50 pro ultra_room_9_cleaning_route'. In most cases, entities should not set entity_id, but if they do, it should be a valid entity ID.. This will stop working in Home Assistant 2027.2.0, please create a bug report at https://github.com/Tasshack/dreame-vacuum/issues
2026-02-09 05:27:09.259 WARNING (MainThread) [homeassistant.helpers.frame] Detected that custom integration 'dreame_vacuum' sets an invalid entity ID: 'select.p50 pro ultra_room_9_order'. In most cases, entities should not set entity_id, but if they do, it should be a valid entity ID.. This will stop working in Home Assistant 2027.2.0, please create a bug report at https://github.com/Tasshack/dreame-vacuum/issues
2026-02-09 05:27:09.261 WARNING (MainThread) [homeassistant.helpers.frame] Detected that custom integration 'dreame_vacuum' sets an invalid entity ID: 'select.p50 pro ultra_room_9_floor_material'. In most cases, entities should not set entity_id, but if they do, it should be a valid entity ID.. This will stop working in Home Assistant 2027.2.0, please create a bug report at https://github.com/Tasshack/dreame-vacuum/issues
2026-02-09 05:27:09.261 WARNING (MainThread) [homeassistant.helpers.frame] Detected that custom integration 'dreame_vacuum' sets an invalid entity ID: 'select.p50 pro ultra_room_9_floor_material_direction'. In most cases, entities should not set entity_id, but if they do, it should be a valid entity ID.. This will stop working in Home Assistant 2027.2.0, please create a bug report at https://github.com/Tasshack/dreame-vacuum/issues
2026-02-09 05:27:09.262 WARNING (MainThread) [homeassistant.helpers.frame] Detected that custom integration 'dreame_vacuum' sets an invalid entity ID: 'select.p50 pro ultra_room_9_visibility'. In most cases, entities should not set entity_id, but if they do, it should be a valid entity ID.. This will stop working in Home Assistant 2027.2.0, please create a bug report at https://github.com/Tasshack/dreame-vacuum/issues
2026-02-09 05:27:09.264 WARNING (MainThread) [homeassistant.helpers.frame] Detected that custom integration 'dreame_vacuum' sets an invalid entity ID: 'select.p50 pro ultra_room_9_name'. In most cases, entities should not set entity_id, but if they do, it should be a valid entity ID.. This will stop working in Home Assistant 2027.2.0, please create a bug report at https://github.com/Tasshack/dreame-vacuum/issues
2026-02-09 05:27:09.265 WARNING (MainThread) [homeassistant.helpers.frame] Detected that custom integration 'dreame_vacuum' sets an invalid entity ID: 'select.p50 pro ultra_room_10_suction_level'. In most cases, entities should not set entity_id, but if they do, it should be a valid entity ID.. This will stop working in Home Assistant 2027.2.0, please create a bug report at https://github.com/Tasshack/dreame-vacuum/issues
2026-02-09 05:27:09.265 WARNING (MainThread) [homeassistant.helpers.frame] Detected that custom integration 'dreame_vacuum' sets an invalid entity ID: 'select.p50 pro ultra_room_10_mop_pad_humidity'. In most cases, entities should not set entity_id, but if they do, it should be a valid entity ID.. This will stop working in Home Assistant 2027.2.0, please create a bug report at https://github.com/Tasshack/dreame-vacuum/issues
2026-02-09 05:27:09.266 WARNING (MainThread) [homeassistant.helpers.frame] Detected that custom integration 'dreame_vacuum' sets an invalid entity ID: 'select.p50 pro ultra_room_10_cleaning_mode'. In most cases, entities should not set entity_id, but if they do, it should be a valid entity ID.. This will stop working in Home Assistant 2027.2.0, please create a bug report at https://github.com/Tasshack/dreame-vacuum/issues
2026-02-09 05:27:09.267 WARNING (MainThread) [homeassistant.helpers.frame] Detected that custom integration 'dreame_vacuum' sets an invalid entity ID: 'select.p50 pro ultra_room_10_cleaning_times'. In most cases, entities should not set entity_id, but if they do, it should be a valid entity ID.. This will stop working in Home Assistant 2027.2.0, please create a bug report at https://github.com/Tasshack/dreame-vacuum/issues
2026-02-09 05:27:09.268 WARNING (MainThread) [homeassistant.helpers.frame] Detected that custom integration 'dreame_vacuum' sets an invalid entity ID: 'select.p50 pro ultra_room_10_cleaning_route'. In most cases, entities should not set entity_id, but if they do, it should be a valid entity ID.. This will stop working in Home Assistant 2027.2.0, please create a bug report at https://github.com/Tasshack/dreame-vacuum/issues
2026-02-09 05:27:09.268 WARNING (MainThread) [homeassistant.helpers.frame] Detected that custom integration 'dreame_vacuum' sets an invalid entity ID: 'select.p50 pro ultra_room_10_order'. In most cases, entities should not set entity_id, but if they do, it should be a valid entity ID.. This will stop working in Home Assistant 2027.2.0, please create a bug report at https://github.com/Tasshack/dreame-vacuum/issues
2026-02-09 05:27:09.278 WARNING (MainThread) [homeassistant.helpers.frame] Detected that custom integration 'dreame_vacuum' sets an invalid entity ID: 'select.p50 pro ultra_room_10_floor_material'. In most cases, entities should not set entity_id, but if they do, it should be a valid entity ID.. This will stop working in Home Assistant 2027.2.0, please create a bug report at https://github.com/Tasshack/dreame-vacuum/issues
2026-02-09 05:27:09.279 WARNING (MainThread) [homeassistant.helpers.frame] Detected that custom integration 'dreame_vacuum' sets an invalid entity ID: 'select.p50 pro ultra_room_10_floor_material_direction'. In most cases, entities should not set entity_id, but if they do, it should be a valid entity ID.. This will stop working in Home Assistant 2027.2.0, please create a bug report at https://github.com/Tasshack/dreame-vacuum/issues
2026-02-09 05:27:09.280 WARNING (MainThread) [homeassistant.helpers.frame] Detected that custom integration 'dreame_vacuum' sets an invalid entity ID: 'select.p50 pro ultra_room_10_visibility'. In most cases, entities should not set entity_id, but if they do, it should be a valid entity ID.. This will stop working in Home Assistant 2027.2.0, please create a bug report at https://github.com/Tasshack/dreame-vacuum/issues
2026-02-09 05:27:09.281 WARNING (MainThread) [homeassistant.helpers.frame] Detected that custom integration 'dreame_vacuum' sets an invalid entity ID: 'select.p50 pro ultra_room_10_name'. In most cases, entities should not set entity_id, but if they do, it should be a valid entity ID.. This will stop working in Home Assistant 2027.2.0, please create a bug report at https://github.com/Tasshack/dreame-vacuum/issues
2026-02-09 05:27:09.281 WARNING (MainThread) [homeassistant.helpers.frame] Detected that custom integration 'dreame_vacuum' sets an invalid entity ID: 'select.p50 pro ultra_room_11_suction_level'. In most cases, entities should not set entity_id, but if they do, it should be a valid entity ID.. This will stop working in Home Assistant 2027.2.0, please create a bug report at https://github.com/Tasshack/dreame-vacuum/issues
2026-02-09 05:27:09.282 WARNING (MainThread) [homeassistant.helpers.frame] Detected that custom integration 'dreame_vacuum' sets an invalid entity ID: 'select.p50 pro ultra_room_11_mop_pad_humidity'. In most cases, entities should not set entity_id, but if they do, it should be a valid entity ID.. This will stop working in Home Assistant 2027.2.0, please create a bug report at https://github.com/Tasshack/dreame-vacuum/issues
2026-02-09 05:27:09.283 WARNING (MainThread) [homeassistant.helpers.frame] Detected that custom integration 'dreame_vacuum' sets an invalid entity ID: 'select.p50 pro ultra_room_11_cleaning_mode'. In most cases, entities should not set entity_id, but if they do, it should be a valid entity ID.. This will stop working in Home Assistant 2027.2.0, please create a bug report at https://github.com/Tasshack/dreame-vacuum/issues
2026-02-09 05:27:09.283 WARNING (MainThread) [homeassistant.helpers.frame] Detected that custom integration 'dreame_vacuum' sets an invalid entity ID: 'select.p50 pro ultra_room_11_cleaning_times'. In most cases, entities should not set entity_id, but if they do, it should be a valid entity ID.. This will stop working in Home Assistant 2027.2.0, please create a bug report at https://github.com/Tasshack/dreame-vacuum/issues
2026-02-09 05:27:09.284 WARNING (MainThread) [homeassistant.helpers.frame] Detected that custom integration 'dreame_vacuum' sets an invalid entity ID: 'select.p50 pro ultra_room_11_cleaning_route'. In most cases, entities should not set entity_id, but if they do, it should be a valid entity ID.. This will stop working in Home Assistant 2027.2.0, please create a bug report at https://github.com/Tasshack/dreame-vacuum/issues
2026-02-09 05:27:09.285 WARNING (MainThread) [homeassistant.helpers.frame] Detected that custom integration 'dreame_vacuum' sets an invalid entity ID: 'select.p50 pro ultra_room_11_order'. In most cases, entities should not set entity_id, but if they do, it should be a valid entity ID.. This will stop working in Home Assistant 2027.2.0, please create a bug report at https://github.com/Tasshack/dreame-vacuum/issues
2026-02-09 05:27:09.286 WARNING (MainThread) [homeassistant.helpers.frame] Detected that custom integration 'dreame_vacuum' sets an invalid entity ID: 'select.p50 pro ultra_room_11_floor_material'. In most cases, entities should not set entity_id, but if they do, it should be a valid entity ID.. This will stop working in Home Assistant 2027.2.0, please create a bug report at https://github.com/Tasshack/dreame-vacuum/issues
2026-02-09 05:27:09.287 WARNING (MainThread) [homeassistant.helpers.frame] Detected that custom integration 'dreame_vacuum' sets an invalid entity ID: 'select.p50 pro ultra_room_11_floor_material_direction'. In most cases, entities should not set entity_id, but if they do, it should be a valid entity ID.. This will stop working in Home Assistant 2027.2.0, please create a bug report at https://github.com/Tasshack/dreame-vacuum/issues
2026-02-09 05:27:09.288 WARNING (MainThread) [homeassistant.helpers.frame] Detected that custom integration 'dreame_vacuum' sets an invalid entity ID: 'select.p50 pro ultra_room_11_visibility'. In most cases, entities should not set entity_id, but if they do, it should be a valid entity ID.. This will stop working in Home Assistant 2027.2.0, please create a bug report at https://github.com/Tasshack/dreame-vacuum/issues
2026-02-09 05:27:09.289 WARNING (MainThread) [homeassistant.helpers.frame] Detected that custom integration 'dreame_vacuum' sets an invalid entity ID: 'select.p50 pro ultra_room_11_name'. In most cases, entities should not set entity_id, but if they do, it should be a valid entity ID.. This will stop working in Home Assistant 2027.2.0, please create a bug report at https://github.com/Tasshack/dreame-vacuum/issues
2026-02-09 05:27:09.290 WARNING (MainThread) [homeassistant.helpers.frame] Detected that custom integration 'dreame_vacuum' sets an invalid entity ID: 'select.p50 pro ultra_room_12_suction_level'. In most cases, entities should not set entity_id, but if they do, it should be a valid entity ID.. This will stop working in Home Assistant 2027.2.0, please create a bug report at https://github.com/Tasshack/dreame-vacuum/issues
2026-02-09 05:27:09.291 WARNING (MainThread) [homeassistant.helpers.frame] Detected that custom integration 'dreame_vacuum' sets an invalid entity ID: 'select.p50 pro ultra_room_12_mop_pad_humidity'. In most cases, entities should not set entity_id, but if they do, it should be a valid entity ID.. This will stop working in Home Assistant 2027.2.0, please create a bug report at https://github.com/Tasshack/dreame-vacuum/issues
2026-02-09 05:27:09.291 WARNING (MainThread) [homeassistant.helpers.frame] Detected that custom integration 'dreame_vacuum' sets an invalid entity ID: 'select.p50 pro ultra_room_12_cleaning_mode'. In most cases, entities should not set entity_id, but if they do, it should be a valid entity ID.. This will stop working in Home Assistant 2027.2.0, please create a bug report at https://github.com/Tasshack/dreame-vacuum/issues
2026-02-09 05:27:09.292 WARNING (MainThread) [homeassistant.helpers.frame] Detected that custom integration 'dreame_vacuum' sets an invalid entity ID: 'select.p50 pro ultra_room_12_cleaning_times'. In most cases, entities should not set entity_id, but if they do, it should be a valid entity ID.. This will stop working in Home Assistant 2027.2.0, please create a bug report at https://github.com/Tasshack/dreame-vacuum/issues
2026-02-09 05:27:09.293 WARNING (MainThread) [homeassistant.helpers.frame] Detected that custom integration 'dreame_vacuum' sets an invalid entity ID: 'select.p50 pro ultra_room_12_cleaning_route'. In most cases, entities should not set entity_id, but if they do, it should be a valid entity ID.. This will stop working in Home Assistant 2027.2.0, please create a bug report at https://github.com/Tasshack/dreame-vacuum/issues
2026-02-09 05:27:09.293 WARNING (MainThread) [homeassistant.helpers.frame] Detected that custom integration 'dreame_vacuum' sets an invalid entity ID: 'select.p50 pro ultra_room_12_order'. In most cases, entities should not set entity_id, but if they do, it should be a valid entity ID.. This will stop working in Home Assistant 2027.2.0, please create a bug report at https://github.com/Tasshack/dreame-vacuum/issues
2026-02-09 05:27:09.294 WARNING (MainThread) [homeassistant.helpers.frame] Detected that custom integration 'dreame_vacuum' sets an invalid entity ID: 'select.p50 pro ultra_room_12_floor_material'. In most cases, entities should not set entity_id, but if they do, it should be a valid entity ID.. This will stop working in Home Assistant 2027.2.0, please create a bug report at https://github.com/Tasshack/dreame-vacuum/issues
2026-02-09 05:27:09.294 WARNING (MainThread) [homeassistant.helpers.frame] Detected that custom integration 'dreame_vacuum' sets an invalid entity ID: 'select.p50 pro ultra_room_12_floor_material_direction'. In most cases, entities should not set entity_id, but if they do, it should be a valid entity ID.. This will stop working in Home Assistant 2027.2.0, please create a bug report at https://github.com/Tasshack/dreame-vacuum/issues
2026-02-09 05:27:09.295 WARNING (MainThread) [homeassistant.helpers.frame] Detected that custom integration 'dreame_vacuum' sets an invalid entity ID: 'select.p50 pro ultra_room_12_visibility'. In most cases, entities should not set entity_id, but if they do, it should be a valid entity ID.. This will stop working in Home Assistant 2027.2.0, please create a bug report at https://github.com/Tasshack/dreame-vacuum/issues
2026-02-09 05:27:09.295 WARNING (MainThread) [homeassistant.helpers.frame] Detected that custom integration 'dreame_vacuum' sets an invalid entity ID: 'select.p50 pro ultra_room_12_name'. In most cases, entities should not set entity_id, but if they do, it should be a valid entity ID.. This will stop working in Home Assistant 2027.2.0, please create a bug report at https://github.com/Tasshack/dreame-vacuum/issues
2026-02-09 05:27:09.296 WARNING (MainThread) [homeassistant.helpers.frame] Detected that custom integration 'dreame_vacuum' sets an invalid entity ID: 'select.p50 pro ultra_room_13_suction_level'. In most cases, entities should not set entity_id, but if they do, it should be a valid entity ID.. This will stop working in Home Assistant 2027.2.0, please create a bug report at https://github.com/Tasshack/dreame-vacuum/issues
2026-02-09 05:27:09.296 WARNING (MainThread) [homeassistant.helpers.frame] Detected that custom integration 'dreame_vacuum' sets an invalid entity ID: 'select.p50 pro ultra_room_13_mop_pad_humidity'. In most cases, entities should not set entity_id, but if they do, it should be a valid entity ID.. This will stop working in Home Assistant 2027.2.0, please create a bug report at https://github.com/Tasshack/dreame-vacuum/issues
2026-02-09 05:27:09.297 WARNING (MainThread) [homeassistant.helpers.frame] Detected that custom integration 'dreame_vacuum' sets an invalid entity ID: 'select.p50 pro ultra_room_13_cleaning_mode'. In most cases, entities should not set entity_id, but if they do, it should be a valid entity ID.. This will stop working in Home Assistant 2027.2.0, please create a bug report at https://github.com/Tasshack/dreame-vacuum/issues
2026-02-09 05:27:09.297 WARNING (MainThread) [homeassistant.helpers.frame] Detected that custom integration 'dreame_vacuum' sets an invalid entity ID: 'select.p50 pro ultra_room_13_cleaning_times'. In most cases, entities should not set entity_id, but if they do, it should be a valid entity ID.. This will stop working in Home Assistant 2027.2.0, please create a bug report at https://github.com/Tasshack/dreame-vacuum/issues
2026-02-09 05:27:09.298 WARNING (MainThread) [homeassistant.helpers.frame] Detected that custom integration 'dreame_vacuum' sets an invalid entity ID: 'select.p50 pro ultra_room_13_cleaning_route'. In most cases, entities should not set entity_id, but if they do, it should be a valid entity ID.. This will stop working in Home Assistant 2027.2.0, please create a bug report at https://github.com/Tasshack/dreame-vacuum/issues
2026-02-09 05:27:09.298 WARNING (MainThread) [homeassistant.helpers.frame] Detected that custom integration 'dreame_vacuum' sets an invalid entity ID: 'select.p50 pro ultra_room_13_order'. In most cases, entities should not set entity_id, but if they do, it should be a valid entity ID.. This will stop working in Home Assistant 2027.2.0, please create a bug report at https://github.com/Tasshack/dreame-vacuum/issues
2026-02-09 05:27:09.299 WARNING (MainThread) [homeassistant.helpers.frame] Detected that custom integration 'dreame_vacuum' sets an invalid entity ID: 'select.p50 pro ultra_room_13_floor_material'. In most cases, entities should not set entity_id, but if they do, it should be a valid entity ID.. This will stop working in Home Assistant 2027.2.0, please create a bug report at https://github.com/Tasshack/dreame-vacuum/issues
2026-02-09 05:27:09.299 WARNING (MainThread) [homeassistant.helpers.frame] Detected that custom integration 'dreame_vacuum' sets an invalid entity ID: 'select.p50 pro ultra_room_13_floor_material_direction'. In most cases, entities should not set entity_id, but if they do, it should be a valid entity ID.. This will stop working in Home Assistant 2027.2.0, please create a bug report at https://github.com/Tasshack/dreame-vacuum/issues
2026-02-09 05:27:09.300 WARNING (MainThread) [homeassistant.helpers.frame] Detected that custom integration 'dreame_vacuum' sets an invalid entity ID: 'select.p50 pro ultra_room_13_visibility'. In most cases, entities should not set entity_id, but if they do, it should be a valid entity ID.. This will stop working in Home Assistant 2027.2.0, please create a bug report at https://github.com/Tasshack/dreame-vacuum/issues
2026-02-09 05:27:09.302 WARNING (MainThread) [homeassistant.helpers.frame] Detected that custom integration 'dreame_vacuum' sets an invalid entity ID: 'select.p50 pro ultra_room_13_name'. In most cases, entities should not set entity_id, but if they do, it should be a valid entity ID.. This will stop working in Home Assistant 2027.2.0, please create a bug report at https://github.com/Tasshack/dreame-vacuum/issues
2026-02-09 05:27:09.303 WARNING (MainThread) [homeassistant.helpers.frame] Detected that custom integration 'dreame_vacuum' sets an invalid entity ID: 'select.p50 pro ultra_room_14_suction_level'. In most cases, entities should not set entity_id, but if they do, it should be a valid entity ID.. This will stop working in Home Assistant 2027.2.0, please create a bug report at https://github.com/Tasshack/dreame-vacuum/issues
2026-02-09 05:27:09.303 WARNING (MainThread) [homeassistant.helpers.frame] Detected that custom integration 'dreame_vacuum' sets an invalid entity ID: 'select.p50 pro ultra_room_14_mop_pad_humidity'. In most cases, entities should not set entity_id, but if they do, it should be a valid entity ID.. This will stop working in Home Assistant 2027.2.0, please create a bug report at https://github.com/Tasshack/dreame-vacuum/issues
2026-02-09 05:27:09.304 WARNING (MainThread) [homeassistant.helpers.frame] Detected that custom integration 'dreame_vacuum' sets an invalid entity ID: 'select.p50 pro ultra_room_14_cleaning_mode'. In most cases, entities should not set entity_id, but if they do, it should be a valid entity ID.. This will stop working in Home Assistant 2027.2.0, please create a bug report at https://github.com/Tasshack/dreame-vacuum/issues
2026-02-09 05:27:09.304 WARNING (MainThread) [homeassistant.helpers.frame] Detected that custom integration 'dreame_vacuum' sets an invalid entity ID: 'select.p50 pro ultra_room_14_cleaning_times'. In most cases, entities should not set entity_id, but if they do, it should be a valid entity ID.. This will stop working in Home Assistant 2027.2.0, please create a bug report at https://github.com/Tasshack/dreame-vacuum/issues
2026-02-09 05:27:09.305 WARNING (MainThread) [homeassistant.helpers.frame] Detected that custom integration 'dreame_vacuum' sets an invalid entity ID: 'select.p50 pro ultra_room_14_cleaning_route'. In most cases, entities should not set entity_id, but if they do, it should be a valid entity ID.. This will stop working in Home Assistant 2027.2.0, please create a bug report at https://github.com/Tasshack/dreame-vacuum/issues
2026-02-09 05:27:09.305 WARNING (MainThread) [homeassistant.helpers.frame] Detected that custom integration 'dreame_vacuum' sets an invalid entity ID: 'select.p50 pro ultra_room_14_order'. In most cases, entities should not set entity_id, but if they do, it should be a valid entity ID.. This will stop working in Home Assistant 2027.2.0, please create a bug report at https://github.com/Tasshack/dreame-vacuum/issues
2026-02-09 05:27:09.307 WARNING (MainThread) [homeassistant.helpers.frame] Detected that custom integration 'dreame_vacuum' sets an invalid entity ID: 'select.p50 pro ultra_room_14_floor_material'. In most cases, entities should not set entity_id, but if they do, it should be a valid entity ID.. This will stop working in Home Assistant 2027.2.0, please create a bug report at https://github.com/Tasshack/dreame-vacuum/issues
2026-02-09 05:27:09.308 WARNING (MainThread) [homeassistant.helpers.frame] Detected that custom integration 'dreame_vacuum' sets an invalid entity ID: 'select.p50 pro ultra_room_14_floor_material_direction'. In most cases, entities should not set entity_id, but if they do, it should be a valid entity ID.. This will stop working in Home Assistant 2027.2.0, please create a bug report at https://github.com/Tasshack/dreame-vacuum/issues
2026-02-09 05:27:09.309 WARNING (MainThread) [homeassistant.helpers.frame] Detected that custom integration 'dreame_vacuum' sets an invalid entity ID: 'select.p50 pro ultra_room_14_visibility'. In most cases, entities should not set entity_id, but if they do, it should be a valid entity ID.. This will stop working in Home Assistant 2027.2.0, please create a bug report at https://github.com/Tasshack/dreame-vacuum/issues
2026-02-09 05:27:09.309 WARNING (MainThread) [homeassistant.helpers.frame] Detected that custom integration 'dreame_vacuum' sets an invalid entity ID: 'select.p50 pro ultra_room_14_name'. In most cases, entities should not set entity_id, but if they do, it should be a valid entity ID.. This will stop working in Home Assistant 2027.2.0, please create a bug report at https://github.com/Tasshack/dreame-vacuum/issues
2026-02-09 05:27:09.310 WARNING (MainThread) [homeassistant.helpers.frame] Detected that custom integration 'dreame_vacuum' sets an invalid entity ID: 'select.p50 pro ultra_room_15_suction_level'. In most cases, entities should not set entity_id, but if they do, it should be a valid entity ID.. This will stop working in Home Assistant 2027.2.0, please create a bug report at https://github.com/Tasshack/dreame-vacuum/issues
2026-02-09 05:27:09.310 WARNING (MainThread) [homeassistant.helpers.frame] Detected that custom integration 'dreame_vacuum' sets an invalid entity ID: 'select.p50 pro ultra_room_15_mop_pad_humidity'. In most cases, entities should not set entity_id, but if they do, it should be a valid entity ID.. This will stop working in Home Assistant 2027.2.0, please create a bug report at https://github.com/Tasshack/dreame-vacuum/issues
2026-02-09 05:27:09.311 WARNING (MainThread) [homeassistant.helpers.frame] Detected that custom integration 'dreame_vacuum' sets an invalid entity ID: 'select.p50 pro ultra_room_15_cleaning_mode'. In most cases, entities should not set entity_id, but if they do, it should be a valid entity ID.. This will stop working in Home Assistant 2027.2.0, please create a bug report at https://github.com/Tasshack/dreame-vacuum/issues
2026-02-09 05:27:09.311 WARNING (MainThread) [homeassistant.helpers.frame] Detected that custom integration 'dreame_vacuum' sets an invalid entity ID: 'select.p50 pro ultra_room_15_cleaning_times'. In most cases, entities should not set entity_id, but if they do, it should be a valid entity ID.. This will stop working in Home Assistant 2027.2.0, please create a bug report at https://github.com/Tasshack/dreame-vacuum/issues
2026-02-09 05:27:09.313 WARNING (MainThread) [homeassistant.helpers.frame] Detected that custom integration 'dreame_vacuum' sets an invalid entity ID: 'select.p50 pro ultra_room_15_cleaning_route'. In most cases, entities should not set entity_id, but if they do, it should be a valid entity ID.. This will stop working in Home Assistant 2027.2.0, please create a bug report at https://github.com/Tasshack/dreame-vacuum/issues
2026-02-09 05:27:09.314 WARNING (MainThread) [homeassistant.helpers.frame] Detected that custom integration 'dreame_vacuum' sets an invalid entity ID: 'select.p50 pro ultra_room_15_order'. In most cases, entities should not set entity_id, but if they do, it should be a valid entity ID.. This will stop working in Home Assistant 2027.2.0, please create a bug report at https://github.com/Tasshack/dreame-vacuum/issues
2026-02-09 05:27:09.315 WARNING (MainThread) [homeassistant.helpers.frame] Detected that custom integration 'dreame_vacuum' sets an invalid entity ID: 'select.p50 pro ultra_room_15_floor_material'. In most cases, entities should not set entity_id, but if they do, it should be a valid entity ID.. This will stop working in Home Assistant 2027.2.0, please create a bug report at https://github.com/Tasshack/dreame-vacuum/issues
2026-02-09 05:27:09.315 WARNING (MainThread) [homeassistant.helpers.frame] Detected that custom integration 'dreame_vacuum' sets an invalid entity ID: 'select.p50 pro ultra_room_15_floor_material_direction'. In most cases, entities should not set entity_id, but if they do, it should be a valid entity ID.. This will stop working in Home Assistant 2027.2.0, please create a bug report at https://github.com/Tasshack/dreame-vacuum/issues
2026-02-09 05:27:09.316 WARNING (MainThread) [homeassistant.helpers.frame] Detected that custom integration 'dreame_vacuum' sets an invalid entity ID: 'select.p50 pro ultra_room_15_visibility'. In most cases, entities should not set entity_id, but if they do, it should be a valid entity ID.. This will stop working in Home Assistant 2027.2.0, please create a bug report at https://github.com/Tasshack/dreame-vacuum/issues
2026-02-09 05:27:09.317 WARNING (MainThread) [homeassistant.helpers.frame] Detected that custom integration 'dreame_vacuum' sets an invalid entity ID: 'select.p50 pro ultra_room_15_name'. In most cases, entities should not set entity_id, but if they do, it should be a valid entity ID.. This will stop working in Home Assistant 2027.2.0, please create a bug report at https://github.com/Tasshack/dreame-vacuum/issues
2026-02-09 05:27:12.373 WARNING (MainThread) [homeassistant.helpers.frame] Detected that custom integration 'openwb2mqtt' sets an invalid entity ID: 'binary_sensor.openWB-counter-0-Fehler'. In most cases, entities should not set entity_id, but if they do, it should be a valid entity ID.. This will stop working in Home Assistant 2027.2.0, please create a bug report at https://github.com/a529987659852/openwb2mqtt/issues
2026-02-09 05:27:12.406 WARNING (MainThread) [homeassistant.helpers.frame] Detected that custom integration 'openwb2mqtt' sets an invalid entity ID: 'binary_sensor.openWB-pv-1-Fehler'. In most cases, entities should not set entity_id, but if they do, it should be a valid entity ID.. This will stop working in Home Assistant 2027.2.0, please create a bug report at https://github.com/a529987659852/openwb2mqtt/issues
2026-02-09 05:27:12.438 WARNING (MainThread) [homeassistant.helpers.frame] Detected that custom integration 'openwb2mqtt' sets an invalid entity ID: 'binary_sensor.openWB-pv-10-Fehler'. In most cases, entities should not set entity_id, but if they do, it should be a valid entity ID.. This will stop working in Home Assistant 2027.2.0, please create a bug report at https://github.com/a529987659852/openwb2mqtt/issues
2026-02-09 05:27:12.457 WARNING (MainThread) [homeassistant.helpers.frame] Detected that custom integration 'openwb2mqtt' sets an invalid entity ID: 'binary_sensor.openWB-bat-3-Fehler'. In most cases, entities should not set entity_id, but if they do, it should be a valid entity ID.. This will stop working in Home Assistant 2027.2.0, please create a bug report at https://github.com/a529987659852/openwb2mqtt/issues
2026-02-09 05:27:12.473 WARNING (MainThread) [homeassistant.helpers.frame] Detected that custom integration 'openwb2mqtt' sets an invalid entity ID: 'binary_sensor.openWB-vehicle-0-Fehler'. In most cases, entities should not set entity_id, but if they do, it should be a valid entity ID.. This will stop working in Home Assistant 2027.2.0, please create a bug report at https://github.com/a529987659852/openwb2mqtt/issues
2026-02-09 05:27:12.483 WARNING (MainThread) [homeassistant.helpers.frame] Detected that custom integration 'openwb2mqtt' sets an invalid entity ID: 'binary_sensor.openWB-chargepoint-4-Ladekabel'. In most cases, entities should not set entity_id, but if they do, it should be a valid entity ID.. This will stop working in Home Assistant 2027.2.0, please create a bug report at https://github.com/a529987659852/openwb2mqtt/issues
2026-02-09 05:27:12.485 WARNING (MainThread) [homeassistant.helpers.frame] Detected that custom integration 'openwb2mqtt' sets an invalid entity ID: 'binary_sensor.openWB-chargepoint-4-Autoladestatus'. In most cases, entities should not set entity_id, but if they do, it should be a valid entity ID.. This will stop working in Home Assistant 2027.2.0, please create a bug report at https://github.com/a529987659852/openwb2mqtt/issues
2026-02-09 05:27:12.486 WARNING (MainThread) [homeassistant.helpers.frame] Detected that custom integration 'openwb2mqtt' sets an invalid entity ID: 'binary_sensor.openWB-chargepoint-4-Fehler'. In most cases, entities should not set entity_id, but if they do, it should be a valid entity ID.. This will stop working in Home Assistant 2027.2.0, please create a bug report at https://github.com/a529987659852/openwb2mqtt/issues
2026-02-09 05:27:12.490 WARNING (MainThread) [homeassistant.helpers.frame] Detected that custom integration 'openwb2mqtt' sets an invalid entity ID: 'lock.openWB-chargepoint-4-Manuelle Sperre'. In most cases, entities should not set entity_id, but if they do, it should be a valid entity ID.. This will stop working in Home Assistant 2027.2.0, please create a bug report at https://github.com/a529987659852/openwb2mqtt/issues
2026-02-09 05:27:12.494 WARNING (MainThread) [homeassistant.helpers.frame] Detected that custom integration 'openwb2mqtt' sets an invalid entity ID: 'number.openWB-chargepoint-4-Aktueller SoC (Manuelles SoC Modul)'. In most cases, entities should not set entity_id, but if they do, it should be a valid entity ID.. This will stop working in Home Assistant 2027.2.0, please create a bug report at https://github.com/a529987659852/openwb2mqtt/issues
2026-02-09 05:27:12.495 WARNING (MainThread) [homeassistant.helpers.frame] Detected that custom integration 'openwb2mqtt' sets an invalid entity ID: 'number.openWB-chargepoint-4-Soll-Ladestrom (Sofortladen)'. In most cases, entities should not set entity_id, but if they do, it should be a valid entity ID.. This will stop working in Home Assistant 2027.2.0, please create a bug report at https://github.com/a529987659852/openwb2mqtt/issues
2026-02-09 05:27:12.496 WARNING (MainThread) [homeassistant.helpers.frame] Detected that custom integration 'openwb2mqtt' sets an invalid entity ID: 'number.openWB-chargepoint-4-Min. Dauerstrom (PV-Laden)'. In most cases, entities should not set entity_id, but if they do, it should be a valid entity ID.. This will stop working in Home Assistant 2027.2.0, please create a bug report at https://github.com/a529987659852/openwb2mqtt/issues
2026-02-09 05:27:12.500 WARNING (MainThread) [homeassistant.helpers.frame] Detected that custom integration 'openwb2mqtt' sets an invalid entity ID: 'number.openWB-chargepoint-4-Energie-Limit (Sofortladen)'. In most cases, entities should not set entity_id, but if they do, it should be a valid entity ID.. This will stop working in Home Assistant 2027.2.0, please create a bug report at https://github.com/a529987659852/openwb2mqtt/issues
2026-02-09 05:27:12.501 WARNING (MainThread) [homeassistant.helpers.frame] Detected that custom integration 'openwb2mqtt' sets an invalid entity ID: 'number.openWB-chargepoint-4-SoC-Limit (Sofortladen)'. In most cases, entities should not set entity_id, but if they do, it should be a valid entity ID.. This will stop working in Home Assistant 2027.2.0, please create a bug report at https://github.com/a529987659852/openwb2mqtt/issues
2026-02-09 05:27:12.502 WARNING (MainThread) [homeassistant.helpers.frame] Detected that custom integration 'openwb2mqtt' sets an invalid entity ID: 'number.openWB-chargepoint-4-Max. Preis (Strompreisbasiertes Laden)'. In most cases, entities should not set entity_id, but if they do, it should be a valid entity ID.. This will stop working in Home Assistant 2027.2.0, please create a bug report at https://github.com/a529987659852/openwb2mqtt/issues
2026-02-09 05:27:12.509 WARNING (MainThread) [homeassistant.helpers.frame] Detected that custom integration 'openwb2mqtt' sets an invalid entity ID: 'select.openWB-chargepoint-4-Lademodus'. In most cases, entities should not set entity_id, but if they do, it should be a valid entity ID.. This will stop working in Home Assistant 2027.2.0, please create a bug report at https://github.com/a529987659852/openwb2mqtt/issues
2026-02-09 05:27:12.511 WARNING (MainThread) [homeassistant.helpers.frame] Detected that custom integration 'openwb2mqtt' sets an invalid entity ID: 'select.openWB-chargepoint-4-Angeschlossenes Fahrzeug'. In most cases, entities should not set entity_id, but if they do, it should be a valid entity ID.. This will stop working in Home Assistant 2027.2.0, please create a bug report at https://github.com/a529987659852/openwb2mqtt/issues
2026-02-09 05:27:12.514 WARNING (MainThread) [homeassistant.helpers.frame] Detected that custom integration 'openwb2mqtt' sets an invalid entity ID: 'select.openWB-chargepoint-4-Begrenzung (Sofortladen)'. In most cases, entities should not set entity_id, but if they do, it should be a valid entity ID.. This will stop working in Home Assistant 2027.2.0, please create a bug report at https://github.com/a529987659852/openwb2mqtt/issues
2026-02-09 05:27:15.331 ERROR (MainThread) [homeassistant.components.mqtt.client] Exception in message_received when handling msg on 'openWB/vehicle/0/get/range': 'null'
Traceback (most recent call last):
  File "/usr/src/homeassistant/homeassistant/components/sensor/__init__.py", line 684, in state
    numerical_value = int(value)
ValueError: invalid literal for int() with base 10: 'null'

During handling of the above exception, another exception occurred:

Traceback (most recent call last):
  File "/usr/src/homeassistant/homeassistant/components/sensor/__init__.py", line 687, in state
    numerical_value = float(value)
ValueError: could not convert string to float: 'null'

The above exception was the direct cause of the following exception:

Traceback (most recent call last):
  File "/config/custom_components/openwb2mqtt/sensor.py", line 339, in message_received
    self.async_write_ha_state()
    ~~~~~~~~~~~~~~~~~~~~~~~~~^^
  File "/usr/src/homeassistant/homeassistant/helpers/entity.py", line 1018, in async_write_ha_state
    self._async_write_ha_state()
    ~~~~~~~~~~~~~~~~~~~~~~~~~~^^
  File "/usr/src/homeassistant/homeassistant/helpers/entity.py", line 1163, in _async_write_ha_state
    ) = self.__async_calculate_state()
        ~~~~~~~~~~~~~~~~~~~~~~~~~~~~^^
  File "/usr/src/homeassistant/homeassistant/helpers/entity.py", line 1070, in __async_calculate_state
    state = self._stringify_state(available)
  File "/usr/src/homeassistant/homeassistant/helpers/entity.py", line 1024, in _stringify_state
    if (state := self.state) is None:
                 ^^^^^^^^^^
  File "/usr/src/homeassistant/homeassistant/components/sensor/__init__.py", line 691, in state
    raise ValueError(
    ...<5 lines>...
    ) from err
ValueError: Sensor sensor.openwb_vehicle_0_reichweite has device class 'None', state class 'measurement' unit 'km' and suggested precision '0' thus indicating it has a numeric value; however, it has the non-numeric value: 'null' (<class 'str'>)

2026-02-09 05:27:27.978 ERROR (MainThread) [homeassistant.components.mqtt.client] Exception in message_received when handling msg on 'openWB/vehicle/0/get/range': 'null'
Traceback (most recent call last):
  File "/usr/src/homeassistant/homeassistant/components/sensor/__init__.py", line 684, in state
    numerical_value = int(value)
ValueError: invalid literal for int() with base 10: 'null'

During handling of the above exception, another exception occurred:

Traceback (most recent call last):
  File "/usr/src/homeassistant/homeassistant/components/sensor/__init__.py", line 687, in state
    numerical_value = float(value)
ValueError: could not convert string to float: 'null'

The above exception was the direct cause of the following exception:

Traceback (most recent call last):
  File "/config/custom_components/openwb2mqtt/sensor.py", line 339, in message_received
    self.async_write_ha_state()
    ~~~~~~~~~~~~~~~~~~~~~~~~~^^
  File "/usr/src/homeassistant/homeassistant/helpers/entity.py", line 1018, in async_write_ha_state
    self._async_write_ha_state()
    ~~~~~~~~~~~~~~~~~~~~~~~~~~^^
  File "/usr/src/homeassistant/homeassistant/helpers/entity.py", line 1163, in _async_write_ha_state
    ) = self.__async_calculate_state()
        ~~~~~~~~~~~~~~~~~~~~~~~~~~~~^^
  File "/usr/src/homeassistant/homeassistant/helpers/entity.py", line 1070, in __async_calculate_state
    state = self._stringify_state(available)
  File "/usr/src/homeassistant/homeassistant/helpers/entity.py", line 1024, in _stringify_state
    if (state := self.state) is None:
                 ^^^^^^^^^^
  File "/usr/src/homeassistant/homeassistant/components/sensor/__init__.py", line 691, in state
    raise ValueError(
    ...<5 lines>...
    ) from err
ValueError: Sensor sensor.openwb_vehicle_0_reichweite has device class 'None', state class 'measurement' unit 'km' and suggested precision '0' thus indicating it has a numeric value; however, it has the non-numeric value: 'null' (<class 'str'>)

2026-02-09 05:27:28.049 ERROR (MainThread) [homeassistant.components.mqtt.client] Exception in message_received when handling msg on 'openWB/vehicle/0/get/range': 'null'
Traceback (most recent call last):
  File "/usr/src/homeassistant/homeassistant/components/sensor/__init__.py", line 684, in state
    numerical_value = int(value)
ValueError: invalid literal for int() with base 10: 'null'

During handling of the above exception, another exception occurred:

Traceback (most recent call last):
  File "/usr/src/homeassistant/homeassistant/components/sensor/__init__.py", line 687, in state
    numerical_value = float(value)
ValueError: could not convert string to float: 'null'

The above exception was the direct cause of the following exception:

Traceback (most recent call last):
  File "/config/custom_components/openwb2mqtt/sensor.py", line 339, in message_received
    self.async_write_ha_state()
    ~~~~~~~~~~~~~~~~~~~~~~~~~^^
  File "/usr/src/homeassistant/homeassistant/helpers/entity.py", line 1018, in async_write_ha_state
    self._async_write_ha_state()
    ~~~~~~~~~~~~~~~~~~~~~~~~~~^^
  File "/usr/src/homeassistant/homeassistant/helpers/entity.py", line 1163, in _async_write_ha_state
    ) = self.__async_calculate_state()
        ~~~~~~~~~~~~~~~~~~~~~~~~~~~~^^
  File "/usr/src/homeassistant/homeassistant/helpers/entity.py", line 1070, in __async_calculate_state
    state = self._stringify_state(available)
  File "/usr/src/homeassistant/homeassistant/helpers/entity.py", line 1024, in _stringify_state
    if (state := self.state) is None:
                 ^^^^^^^^^^
  File "/usr/src/homeassistant/homeassistant/components/sensor/__init__.py", line 691, in state
    raise ValueError(
    ...<5 lines>...
    ) from err
ValueError: Sensor sensor.openwb_vehicle_0_reichweite has device class 'None', state class 'measurement' unit 'km' and suggested precision '0' thus indicating it has a numeric value; however, it has the non-numeric value: 'null' (<class 'str'>)

2026-02-09 05:27:45.382 ERROR (SyncWorker_4) [custom_components.alert2.util] Exception reported: {'domain': 'alert2', 'name': 'global_exception', 'message': 'An HA task (possibly unrelated to Alert2) died to due to an unhandled exception: &lt;class \'ValueError\'&gt;: Sensor sensor.openwb_vehicle_0_reichweite has device class \'None\', state class \'measurement\' unit \'km\' and suggested precision \'0\' thus indicating it has a numeric value; however, it has the non-numeric value: \'null\' (&lt;class \'str\'&gt;). full context: {\'message\': \'Task exception was never retrieved\', \'exception\': ValueError("Sensor sensor.openwb_vehicle_0_reichweite has device class \'None\', state class \'measurement\' unit \'km\' and suggested precision \'0\' thus indicating it has a numeric value; however, it has the non-numeric value: \'null\' (&lt;class \'str\'&gt;)"), \'future\': &lt;Task finished name=\'EntityPlatform poll sensor.openwb2mqtt\' exception=ValueError("Sensor sensor.openwb_vehicle_0_reichweite has device class \'None\', state class \'measurement\' unit \'km\' and suggested precision \'0\' thus indicating it has a numeric value; however, it has the non-numeric value: \'null\' (&lt;class \'str\'&gt;)")&gt;}'}
NoneType: None
2026-02-09 05:27:45.387 WARNING (MainThread) [custom_components.alert2.entities] Activity alert2.alert2_global_exception fired
2026-02-09 05:27:45.387 WARNING (MainThread) [custom_components.alert2.entities] Alert2 alert2_global_exception: An HA task (possibly unrelated to Alert2) died to due to an unhandled exception: &lt;class 'ValueError'&gt;: Sensor sensor.openwb_vehicle_0_reichweite has device class 'None', state class 'measurement' unit 'km' and suggested precision '0' thus indicating it has a numeric value; however, it has the non-numeric value: 'null' (&lt;class 'str'&gt;). full context: {'message': 'Task exception was never retrieved', 'exception': ValueError("Sensor sensor.openwb_vehicle_0_reichweite has device class 'None', state class 'measurement' unit 'km' and suggested precision '0' thus indicating it has a numeric value; however, it has the non-numeric value: 'null' (&lt;class 'str'&gt;)"), 'future': &lt;Task finished name='EntityPlatform poll sensor.openwb2mqtt' exception=ValueError("Sensor sensor.openwb_vehicle_0_reichweite has device class 'None', state class 'measurement' unit 'km' and suggested precision '0' thus indicating it has a numeric value; however, it has the non-numeric value: 'null' (&lt;class 'str'&gt;)")&gt;}
2026-02-09 05:27:45.388 WARNING (MainThread) [custom_components.alert2.entities]   alert2.alert2_global_exception skipping notify disabled: Alert2 alert2_global_exception: An HA task (possibly unrelated to Alert2) died to due to an unhandled exception: &lt;class 'ValueError'&gt;: Sensor sensor.openwb_vehicle_0_reichweite has device class 'None', state class 'measurement' unit 'km' and suggested precision '0' thus indicating it has a numeric value; however, it has the non-numeric value: 'null' (&lt;class 'str'&gt;). full context: {'message': 'Task exception was never retrieved', 'exception': ValueError("Sensor sensor.openwb_vehicle_0_reichweite has device class 'None', state class 'measurement' unit 'km' and suggested precision '0' thus indicating it has a numeric value; however, it has the non-numeric value: 'null' (&lt;class 'str'&gt;)"), 'future': &lt;Task finished name='EntityPlatform poll sensor.openwb2mqtt' exception=ValueError("Sensor sensor.openwb_vehicle_0_reichweite has device class 'None', state class 'measurement' unit 'km' and suggested precision '0' thus indicating it has a numeric value; however, it has the non-numeric value: 'null' (&lt;class 'str'&gt;)")&gt;}
2026-02-09 05:27:45.398 ERROR (SyncWorker_4) [homeassistant] Error doing job: Task exception was never retrieved (task: None)
Traceback (most recent call last):
  File "/usr/src/homeassistant/homeassistant/components/sensor/__init__.py", line 684, in state
    numerical_value = int(value)
ValueError: invalid literal for int() with base 10: 'null'

During handling of the above exception, another exception occurred:

Traceback (most recent call last):
  File "/usr/src/homeassistant/homeassistant/components/sensor/__init__.py", line 687, in state
    numerical_value = float(value)
ValueError: could not convert string to float: 'null'

The above exception was the direct cause of the following exception:

Traceback (most recent call last):
  File "/usr/src/homeassistant/homeassistant/helpers/entity_platform.py", line 1141, in _async_update_entity_states
    await asyncio.gather(*tasks)
  File "/usr/src/homeassistant/homeassistant/helpers/entity.py", line 973, in async_update_ha_state
    self._async_write_ha_state()
    ~~~~~~~~~~~~~~~~~~~~~~~~~~^^
  File "/usr/src/homeassistant/homeassistant/helpers/entity.py", line 1163, in _async_write_ha_state
    ) = self.__async_calculate_state()
        ~~~~~~~~~~~~~~~~~~~~~~~~~~~~^^
  File "/usr/src/homeassistant/homeassistant/helpers/entity.py", line 1070, in __async_calculate_state
    state = self._stringify_state(available)
  File "/usr/src/homeassistant/homeassistant/helpers/entity.py", line 1024, in _stringify_state
    if (state := self.state) is None:
                 ^^^^^^^^^^
  File "/usr/src/homeassistant/homeassistant/components/sensor/__init__.py", line 691, in state
    raise ValueError(
    ...<5 lines>...
    ) from err
ValueError: Sensor sensor.openwb_vehicle_0_reichweite has device class 'None', state class 'measurement' unit 'km' and suggested precision '0' thus indicating it has a numeric value; however, it has the non-numeric value: 'null' (<class 'str'>)
2026-02-09 05:27:45.913 ERROR (MainThread) [homeassistant.core] Error running job: <Job onetime listen homeassistant_start <function _async_at_core_state.<locals>._matched_event at 0x7f7ba2d760> HassJobType.Callback <_OneTimeListener homeassistant.helpers.start:<function _async_at_core_state.<locals>._matched_event at 0x7f7ba2d760>>>
Traceback (most recent call last):
  File "/usr/src/homeassistant/homeassistant/components/sensor/__init__.py", line 684, in state
    numerical_value = int(value)
ValueError: invalid literal for int() with base 10: 'unknown'

During handling of the above exception, another exception occurred:

Traceback (most recent call last):
  File "/usr/src/homeassistant/homeassistant/components/sensor/__init__.py", line 687, in state
    numerical_value = float(value)
ValueError: could not convert string to float: 'unknown'

The above exception was the direct cause of the following exception:

Traceback (most recent call last):
  File "/usr/src/homeassistant/homeassistant/core.py", line 1540, in async_fire_internal
    self._hass.async_run_hass_job(job, event)
    ~~~~~~~~~~~~~~~~~~~~~~~~~~~~~^^^^^^^^^^^^
  File "/usr/src/homeassistant/homeassistant/core.py", line 902, in async_run_hass_job
    hassjob.target(*args)
    ~~~~~~~~~~~~~~^^^^^^^
  File "/usr/src/homeassistant/homeassistant/core.py", line 1401, in __call__
    self.hass.async_run_hass_job(self.listener_job, event)
    ~~~~~~~~~~~~~~~~~~~~~~~~~~~~^^^^^^^^^^^^^^^^^^^^^^^^^^
  File "/usr/src/homeassistant/homeassistant/core.py", line 902, in async_run_hass_job
    hassjob.target(*args)
    ~~~~~~~~~~~~~~^^^^^^^
  File "/usr/src/homeassistant/homeassistant/helpers/start.py", line 44, in _matched_event
    hass.async_run_hass_job(at_start_job, hass)
    ~~~~~~~~~~~~~~~~~~~~~~~^^^^^^^^^^^^^^^^^^^^
  File "/usr/src/homeassistant/homeassistant/core.py", line 902, in async_run_hass_job
    hassjob.target(*args)
    ~~~~~~~~~~~~~~^^^^^^^
  File "/usr/src/homeassistant/homeassistant/components/template/template_entity.py", line 464, in _async_template_startup
    result_info.async_refresh()
    ~~~~~~~~~~~~~~~~~~~~~~~~~^^
  File "/usr/src/homeassistant/homeassistant/helpers/event.py", line 1133, in async_refresh
    self._refresh(None)
    ~~~~~~~~~~~~~^^^^^^
  File "/usr/src/homeassistant/homeassistant/helpers/event.py", line 1319, in _refresh
    self.hass.async_run_hass_job(self._job, event, updates)
    ~~~~~~~~~~~~~~~~~~~~~~~~~~~~^^^^^^^^^^^^^^^^^^^^^^^^^^^
  File "/usr/src/homeassistant/homeassistant/core.py", line 902, in async_run_hass_job
    hassjob.target(*args)
    ~~~~~~~~~~~~~~^^^^^^^
  File "/usr/src/homeassistant/homeassistant/components/template/template_entity.py", line 406, in _handle_results
    self.async_write_ha_state()
    ~~~~~~~~~~~~~~~~~~~~~~~~~^^
  File "/usr/src/homeassistant/homeassistant/helpers/entity.py", line 1018, in async_write_ha_state
    self._async_write_ha_state()
    ~~~~~~~~~~~~~~~~~~~~~~~~~~^^
  File "/usr/src/homeassistant/homeassistant/helpers/entity.py", line 1163, in _async_write_ha_state
    ) = self.__async_calculate_state()
        ~~~~~~~~~~~~~~~~~~~~~~~~~~~~^^
  File "/usr/src/homeassistant/homeassistant/helpers/entity.py", line 1070, in __async_calculate_state
    state = self._stringify_state(available)
  File "/usr/src/homeassistant/homeassistant/helpers/entity.py", line 1024, in _stringify_state
    if (state := self.state) is None:
                 ^^^^^^^^^^
  File "/usr/src/homeassistant/homeassistant/components/sensor/__init__.py", line 691, in state
    raise ValueError(
    ...<5 lines>...
    ) from err
ValueError: Sensor sensor.technische_ausgabetemperatur_warmwasser has device class 'temperature', state class 'measurement' unit 'Â°C' and suggested precision 'None' thus indicating it has a numeric value; however, it has the non-numeric value: 'unknown' (<class 'str'>)
2026-02-09 05:27:46.098 WARNING (MainThread) [homeassistant.helpers.template] Template variable warning: 'dict object' has no attribute 'cmi' when rendering '{{ value_json.cmi }}'
2026-02-09 05:27:48.594 ERROR (MainThread) [homeassistant.components.automation.debug_restart_notify] DEBUG: restart notify: Error executing script. Invalid data for call_service at pos 2: must contain at least one of entity_id, device_id, area_id, floor_id, label_id.
2026-02-09 05:27:48.598 ERROR (MainThread) [homeassistant.components.automation.debug_restart_notify] Error while executing automation automation.debug_restart_notify: must contain at least one of entity_id, device_id, area_id, floor_id, label_id.
2026-02-09 05:28:13.495 ERROR (Recorder) [custom_components.alert2.util] Exception reported: {'domain': 'alert2', 'name': 'global_exception', 'message': 'An HA task (possibly unrelated to Alert2) died to due to an unhandled exception: &lt;class \'ValueError\'&gt;: Sensor sensor.openwb_vehicle_0_reichweite has device class \'None\', state class \'measurement\' unit \'km\' and suggested precision \'0\' thus indicating it has a numeric value; however, it has the non-numeric value: \'null\' (&lt;class \'str\'&gt;). full context: {\'message\': \'Task exception was never retrieved\', \'exception\': ValueError("Sensor sensor.openwb_vehicle_0_reichweite has device class \'None\', state class \'measurement\' unit \'km\' and suggested precision \'0\' thus indicating it has a numeric value; however, it has the non-numeric value: \'null\' (&lt;class \'str\'&gt;)"), \'future\': &lt;Task finished name=\'EntityPlatform poll sensor.openwb2mqtt\' exception=ValueError("Sensor sensor.openwb_vehicle_0_reichweite has device class \'None\', state class \'measurement\' unit \'km\' and suggested precision \'0\' thus indicating it has a numeric value; however, it has the non-numeric value: \'null\' (&lt;class \'str\'&gt;)")&gt;}'}
NoneType: None
2026-02-09 05:28:13.497 WARNING (MainThread) [custom_components.alert2.entities] Activity alert2.alert2_global_exception fired
2026-02-09 05:28:13.498 WARNING (MainThread) [custom_components.alert2.entities] Alert2 alert2_global_exception: An HA task (possibly unrelated to Alert2) died to due to an unhandled exception: &lt;class 'ValueError'&gt;: Sensor sensor.openwb_vehicle_0_reichweite has device class 'None', state class 'measurement' unit 'km' and suggested precision '0' thus indicating it has a numeric value; however, it has the non-numeric value: 'null' (&lt;class 'str'&gt;). full context: {'message': 'Task exception was never retrieved', 'exception': ValueError("Sensor sensor.openwb_vehicle_0_reichweite has device class 'None', state class 'measurement' unit 'km' and suggested precision '0' thus indicating it has a numeric value; however, it has the non-numeric value: 'null' (&lt;class 'str'&gt;)"), 'future': &lt;Task finished name='EntityPlatform poll sensor.openwb2mqtt' exception=ValueError("Sensor sensor.openwb_vehicle_0_reichweite has device class 'None', state class 'measurement' unit 'km' and suggested precision '0' thus indicating it has a numeric value; however, it has the non-numeric value: 'null' (&lt;class 'str'&gt;)")&gt;}
2026-02-09 05:28:13.498 WARNING (MainThread) [custom_components.alert2.entities]   alert2.alert2_global_exception skipping notify disabled: Alert2 alert2_global_exception: An HA task (possibly unrelated to Alert2) died to due to an unhandled exception: &lt;class 'ValueError'&gt;: Sensor sensor.openwb_vehicle_0_reichweite has device class 'None', state class 'measurement' unit 'km' and suggested precision '0' thus indicating it has a numeric value; however, it has the non-numeric value: 'null' (&lt;class 'str'&gt;). full context: {'message': 'Task exception was never retrieved', 'exception': ValueError("Sensor sensor.openwb_vehicle_0_reichweite has device class 'None', state class 'measurement' unit 'km' and suggested precision '0' thus indicating it has a numeric value; however, it has the non-numeric value: 'null' (&lt;class 'str'&gt;)"), 'future': &lt;Task finished name='EntityPlatform poll sensor.openwb2mqtt' exception=ValueError("Sensor sensor.openwb_vehicle_0_reichweite has device class 'None', state class 'measurement' unit 'km' and suggested precision '0' thus indicating it has a numeric value; however, it has the non-numeric value: 'null' (&lt;class 'str'&gt;)")&gt;}
2026-02-09 05:28:13.500 ERROR (Recorder) [homeassistant] Error doing job: Task exception was never retrieved (task: None)
Traceback (most recent call last):
  File "/usr/src/homeassistant/homeassistant/components/sensor/__init__.py", line 684, in state
    numerical_value = int(value)
ValueError: invalid literal for int() with base 10: 'null'

During handling of the above exception, another exception occurred:

Traceback (most recent call last):
  File "/usr/src/homeassistant/homeassistant/components/sensor/__init__.py", line 687, in state
    numerical_value = float(value)
ValueError: could not convert string to float: 'null'

The above exception was the direct cause of the following exception:

Traceback (most recent call last):
  File "/usr/src/homeassistant/homeassistant/helpers/entity_platform.py", line 1141, in _async_update_entity_states
    await asyncio.gather(*tasks)
  File "/usr/src/homeassistant/homeassistant/helpers/entity.py", line 973, in async_update_ha_state
    self._async_write_ha_state()
    ~~~~~~~~~~~~~~~~~~~~~~~~~~^^
  File "/usr/src/homeassistant/homeassistant/helpers/entity.py", line 1163, in _async_write_ha_state
    ) = self.__async_calculate_state()
        ~~~~~~~~~~~~~~~~~~~~~~~~~~~~^^
  File "/usr/src/homeassistant/homeassistant/helpers/entity.py", line 1070, in __async_calculate_state
    state = self._stringify_state(available)
  File "/usr/src/homeassistant/homeassistant/helpers/entity.py", line 1024, in _stringify_state
    if (state := self.state) is None:
                 ^^^^^^^^^^
  File "/usr/src/homeassistant/homeassistant/components/sensor/__init__.py", line 691, in state
    raise ValueError(
    ...<5 lines>...
    ) from err
ValueError: Sensor sensor.openwb_vehicle_0_reichweite has device class 'None', state class 'measurement' unit 'km' and suggested precision '0' thus indicating it has a numeric value; however, it has the non-numeric value: 'null' (<class 'str'>)
2026-02-09 05:28:42.737 ERROR (SyncWorker_3) [custom_components.alert2.util] Exception reported: {'domain': 'alert2', 'name': 'global_exception', 'message': 'An HA task (possibly unrelated to Alert2) died to due to an unhandled exception: &lt;class \'ValueError\'&gt;: Sensor sensor.openwb_vehicle_0_reichweite has device class \'None\', state class \'measurement\' unit \'km\' and suggested precision \'0\' thus indicating it has a numeric value; however, it has the non-numeric value: \'null\' (&lt;class \'str\'&gt;). full context: {\'message\': \'Task exception was never retrieved\', \'exception\': ValueError("Sensor sensor.openwb_vehicle_0_reichweite has device class \'None\', state class \'measurement\' unit \'km\' and suggested precision \'0\' thus indicating it has a numeric value; however, it has the non-numeric value: \'null\' (&lt;class \'str\'&gt;)"), \'future\': &lt;Task finished name=\'EntityPlatform poll sensor.openwb2mqtt\' exception=ValueError("Sensor sensor.openwb_vehicle_0_reichweite has device class \'None\', state class \'measurement\' unit \'km\' and suggested precision \'0\' thus indicating it has a numeric value; however, it has the non-numeric value: \'null\' (&lt;class \'str\'&gt;)")&gt;}'}
NoneType: None
2026-02-09 05:28:42.739 WARNING (MainThread) [custom_components.alert2.entities] Activity alert2.alert2_global_exception fired
2026-02-09 05:28:42.739 WARNING (MainThread) [custom_components.alert2.entities] Alert2 alert2_global_exception: An HA task (possibly unrelated to Alert2) died to due to an unhandled exception: &lt;class 'ValueError'&gt;: Sensor sensor.openwb_vehicle_0_reichweite has device class 'None', state class 'measurement' unit 'km' and suggested precision '0' thus indicating it has a numeric value; however, it has the non-numeric value: 'null' (&lt;class 'str'&gt;). full context: {'message': 'Task exception was never retrieved', 'exception': ValueError("Sensor sensor.openwb_vehicle_0_reichweite has device class 'None', state class 'measurement' unit 'km' and suggested precision '0' thus indicating it has a numeric value; however, it has the non-numeric value: 'null' (&lt;class 'str'&gt;)"), 'future': &lt;Task finished name='EntityPlatform poll sensor.openwb2mqtt' exception=ValueError("Sensor sensor.openwb_vehicle_0_reichweite has device class 'None', state class 'measurement' unit 'km' and suggested precision '0' thus indicating it has a numeric value; however, it has the non-numeric value: 'null' (&lt;class 'str'&gt;)")&gt;}
2026-02-09 05:28:42.740 WARNING (MainThread) [custom_components.alert2.entities]   alert2.alert2_global_exception skipping notify disabled: Alert2 alert2_global_exception: An HA task (possibly unrelated to Alert2) died to due to an unhandled exception: &lt;class 'ValueError'&gt;: Sensor sensor.openwb_vehicle_0_reichweite has device class 'None', state class 'measurement' unit 'km' and suggested precision '0' thus indicating it has a numeric value; however, it has the non-numeric value: 'null' (&lt;class 'str'&gt;). full context: {'message': 'Task exception was never retrieved', 'exception': ValueError("Sensor sensor.openwb_vehicle_0_reichweite has device class 'None', state class 'measurement' unit 'km' and suggested precision '0' thus indicating it has a numeric value; however, it has the non-numeric value: 'null' (&lt;class 'str'&gt;)"), 'future': &lt;Task finished name='EntityPlatform poll sensor.openwb2mqtt' exception=ValueError("Sensor sensor.openwb_vehicle_0_reichweite has device class 'None', state class 'measurement' unit 'km' and suggested precision '0' thus indicating it has a numeric value; however, it has the non-numeric value: 'null' (&lt;class 'str'&gt;)")&gt;}
2026-02-09 05:28:42.741 ERROR (SyncWorker_3) [homeassistant] Error doing job: Task exception was never retrieved (task: None)
Traceback (most recent call last):
  File "/usr/src/homeassistant/homeassistant/components/sensor/__init__.py", line 684, in state
    numerical_value = int(value)
ValueError: invalid literal for int() with base 10: 'null'

During handling of the above exception, another exception occurred:

Traceback (most recent call last):
  File "/usr/src/homeassistant/homeassistant/components/sensor/__init__.py", line 687, in state
    numerical_value = float(value)
ValueError: could not convert string to float: 'null'

The above exception was the direct cause of the following exception:

Traceback (most recent call last):
  File "/usr/src/homeassistant/homeassistant/helpers/entity_platform.py", line 1141, in _async_update_entity_states
    await asyncio.gather(*tasks)
  File "/usr/src/homeassistant/homeassistant/helpers/entity.py", line 973, in async_update_ha_state
    self._async_write_ha_state()
    ~~~~~~~~~~~~~~~~~~~~~~~~~~^^
  File "/usr/src/homeassistant/homeassistant/helpers/entity.py", line 1163, in _async_write_ha_state
    ) = self.__async_calculate_state()
        ~~~~~~~~~~~~~~~~~~~~~~~~~~~~^^
  File "/usr/src/homeassistant/homeassistant/helpers/entity.py", line 1070, in __async_calculate_state
    state = self._stringify_state(available)
  File "/usr/src/homeassistant/homeassistant/helpers/entity.py", line 1024, in _stringify_state
    if (state := self.state) is None:
                 ^^^^^^^^^^
  File "/usr/src/homeassistant/homeassistant/components/sensor/__init__.py", line 691, in state
    raise ValueError(
    ...<5 lines>...
    ) from err
ValueError: Sensor sensor.openwb_vehicle_0_reichweite has device class 'None', state class 'measurement' unit 'km' and suggested precision '0' thus indicating it has a numeric value; however, it has the non-numeric value: 'null' (<class 'str'>)
2026-02-09 05:29:15.734 ERROR (SyncWorker_7) [custom_components.alert2.util] Exception reported: {'domain': 'alert2', 'name': 'global_exception', 'message': 'An HA task (possibly unrelated to Alert2) died to due to an unhandled exception: &lt;class \'ValueError\'&gt;: Sensor sensor.openwb_vehicle_0_reichweite has device class \'None\', state class \'measurement\' unit \'km\' and suggested precision \'0\' thus indicating it has a numeric value; however, it has the non-numeric value: \'null\' (&lt;class \'str\'&gt;). full context: {\'message\': \'Task exception was never retrieved\', \'exception\': ValueError("Sensor sensor.openwb_vehicle_0_reichweite has device class \'None\', state class \'measurement\' unit \'km\' and suggested precision \'0\' thus indicating it has a numeric value; however, it has the non-numeric value: \'null\' (&lt;class \'str\'&gt;)"), \'future\': &lt;Task finished name=\'EntityPlatform poll sensor.openwb2mqtt\' exception=ValueError("Sensor sensor.openwb_vehicle_0_reichweite has device class \'None\', state class \'measurement\' unit \'km\' and suggested precision \'0\' thus indicating it has a numeric value; however, it has the non-numeric value: \'null\' (&lt;class \'str\'&gt;)")&gt;}'}
NoneType: None
2026-02-09 05:29:15.743 WARNING (MainThread) [custom_components.alert2.entities] Activity alert2.alert2_global_exception fired
2026-02-09 05:29:15.743 WARNING (MainThread) [custom_components.alert2.entities] Alert2 alert2_global_exception: An HA task (possibly unrelated to Alert2) died to due to an unhandled exception: &lt;class 'ValueError'&gt;: Sensor sensor.openwb_vehicle_0_reichweite has device class 'None', state class 'measurement' unit 'km' and suggested precision '0' thus indicating it has a numeric value; however, it has the non-numeric value: 'null' (&lt;class 'str'&gt;). full context: {'message': 'Task exception was never retrieved', 'exception': ValueError("Sensor sensor.openwb_vehicle_0_reichweite has device class 'None', state class 'measurement' unit 'km' and suggested precision '0' thus indicating it has a numeric value; however, it has the non-numeric value: 'null' (&lt;class 'str'&gt;)"), 'future': &lt;Task finished name='EntityPlatform poll sensor.openwb2mqtt' exception=ValueError("Sensor sensor.openwb_vehicle_0_reichweite has device class 'None', state class 'measurement' unit 'km' and suggested precision '0' thus indicating it has a numeric value; however, it has the non-numeric value: 'null' (&lt;class 'str'&gt;)")&gt;}
2026-02-09 05:29:15.744 WARNING (MainThread) [custom_components.alert2.entities]   alert2.alert2_global_exception skipping notify disabled: Alert2 alert2_global_exception: An HA task (possibly unrelated to Alert2) died to due to an unhandled exception: &lt;class 'ValueError'&gt;: Sensor sensor.openwb_vehicle_0_reichweite has device class 'None', state class 'measurement' unit 'km' and suggested precision '0' thus indicating it has a numeric value; however, it has the non-numeric value: 'null' (&lt;class 'str'&gt;). full context: {'message': 'Task exception was never retrieved', 'exception': ValueError("Sensor sensor.openwb_vehicle_0_reichweite has device class 'None', state class 'measurement' unit 'km' and suggested precision '0' thus indicating it has a numeric value; however, it has the non-numeric value: 'null' (&lt;class 'str'&gt;)"), 'future': &lt;Task finished name='EntityPlatform poll sensor.openwb2mqtt' exception=ValueError("Sensor sensor.openwb_vehicle_0_reichweite has device class 'None', state class 'measurement' unit 'km' and suggested precision '0' thus indicating it has a numeric value; however, it has the non-numeric value: 'null' (&lt;class 'str'&gt;)")&gt;}
2026-02-09 05:29:15.736 ERROR (SyncWorker_7) [homeassistant] Error doing job: Task exception was never retrieved (task: None)
Traceback (most recent call last):
  File "/usr/src/homeassistant/homeassistant/components/sensor/__init__.py", line 684, in state
    numerical_value = int(value)
ValueError: invalid literal for int() with base 10: 'null'

During handling of the above exception, another exception occurred:

Traceback (most recent call last):
  File "/usr/src/homeassistant/homeassistant/components/sensor/__init__.py", line 687, in state
    numerical_value = float(value)
ValueError: could not convert string to float: 'null'

The above exception was the direct cause of the following exception:

Traceback (most recent call last):
  File "/usr/src/homeassistant/homeassistant/helpers/entity_platform.py", line 1141, in _async_update_entity_states
    await asyncio.gather(*tasks)
  File "/usr/src/homeassistant/homeassistant/helpers/entity.py", line 973, in async_update_ha_state
    self._async_write_ha_state()
    ~~~~~~~~~~~~~~~~~~~~~~~~~~^^
  File "/usr/src/homeassistant/homeassistant/helpers/entity.py", line 1163, in _async_write_ha_state
    ) = self.__async_calculate_state()
        ~~~~~~~~~~~~~~~~~~~~~~~~~~~~^^
  File "/usr/src/homeassistant/homeassistant/helpers/entity.py", line 1070, in __async_calculate_state
    state = self._stringify_state(available)
  File "/usr/src/homeassistant/homeassistant/helpers/entity.py", line 1024, in _stringify_state
    if (state := self.state) is None:
                 ^^^^^^^^^^
  File "/usr/src/homeassistant/homeassistant/components/sensor/__init__.py", line 691, in state
    raise ValueError(
    ...<5 lines>...
    ) from err
ValueError: Sensor sensor.openwb_vehicle_0_reichweite has device class 'None', state class 'measurement' unit 'km' and suggested precision '0' thus indicating it has a numeric value; however, it has the non-numeric value: 'null' (<class 'str'>)
2026-02-09 05:29:37.929 ERROR (MainThread) [homeassistant.components.websocket_api.commands] Unable to get manifest for integration meross_lan: Integration 'meross_lan' not found.
2026-02-09 05:29:44.101 ERROR (MainThread) [custom_components.alert2.util] Exception reported: {'domain': 'alert2', 'name': 'global_exception', 'message': 'An HA task (possibly unrelated to Alert2) died to due to an unhandled exception: &lt;class \'ValueError\'&gt;: Sensor sensor.openwb_vehicle_0_reichweite has device class \'None\', state class \'measurement\' unit \'km\' and suggested precision \'0\' thus indicating it has a numeric value; however, it has the non-numeric value: \'null\' (&lt;class \'str\'&gt;). full context: {\'message\': \'Task exception was never retrieved\', \'exception\': ValueError("Sensor sensor.openwb_vehicle_0_reichweite has device class \'None\', state class \'measurement\' unit \'km\' and suggested precision \'0\' thus indicating it has a numeric value; however, it has the non-numeric value: \'null\' (&lt;class \'str\'&gt;)"), \'future\': &lt;Task finished name=\'EntityPlatform poll sensor.openwb2mqtt\' exception=ValueError("Sensor sensor.openwb_vehicle_0_reichweite has device class \'None\', state class \'measurement\' unit \'km\' and suggested precision \'0\' thus indicating it has a numeric value; however, it has the non-numeric value: \'null\' (&lt;class \'str\'&gt;)")&gt;}'}
NoneType: None
2026-02-09 05:29:44.103 ERROR (MainThread) [homeassistant] Error doing job: Task exception was never retrieved (task: None)
Traceback (most recent call last):
  File "/usr/src/homeassistant/homeassistant/components/sensor/__init__.py", line 684, in state
    numerical_value = int(value)
ValueError: invalid literal for int() with base 10: 'null'

During handling of the above exception, another exception occurred:

Traceback (most recent call last):
  File "/usr/src/homeassistant/homeassistant/components/sensor/__init__.py", line 687, in state
    numerical_value = float(value)
ValueError: could not convert string to float: 'null'

The above exception was the direct cause of the following exception:

Traceback (most recent call last):
  File "/usr/src/homeassistant/homeassistant/helpers/entity_platform.py", line 1141, in _async_update_entity_states
    await asyncio.gather(*tasks)
  File "/usr/src/homeassistant/homeassistant/helpers/entity.py", line 973, in async_update_ha_state
    self._async_write_ha_state()
    ~~~~~~~~~~~~~~~~~~~~~~~~~~^^
  File "/usr/src/homeassistant/homeassistant/helpers/entity.py", line 1163, in _async_write_ha_state
    ) = self.__async_calculate_state()
        ~~~~~~~~~~~~~~~~~~~~~~~~~~~~^^
  File "/usr/src/homeassistant/homeassistant/helpers/entity.py", line 1070, in __async_calculate_state
    state = self._stringify_state(available)
  File "/usr/src/homeassistant/homeassistant/helpers/entity.py", line 1024, in _stringify_state
    if (state := self.state) is None:
                 ^^^^^^^^^^
  File "/usr/src/homeassistant/homeassistant/components/sensor/__init__.py", line 691, in state
    raise ValueError(
    ...<5 lines>...
    ) from err
ValueError: Sensor sensor.openwb_vehicle_0_reichweite has device class 'None', state class 'measurement' unit 'km' and suggested precision '0' thus indicating it has a numeric value; however, it has the non-numeric value: 'null' (<class 'str'>)
2026-02-09 05:29:44.115 WARNING (MainThread) [custom_components.alert2.entities] Activity alert2.alert2_global_exception fired
2026-02-09 05:29:44.115 WARNING (MainThread) [custom_components.alert2.entities] Alert2 alert2_global_exception: An HA task (possibly unrelated to Alert2) died to due to an unhandled exception: &lt;class 'ValueError'&gt;: Sensor sensor.openwb_vehicle_0_reichweite has device class 'None', state class 'measurement' unit 'km' and suggested precision '0' thus indicating it has a numeric value; however, it has the non-numeric value: 'null' (&lt;class 'str'&gt;). full context: {'message': 'Task exception was never retrieved', 'exception': ValueError("Sensor sensor.openwb_vehicle_0_reichweite has device class 'None', state class 'measurement' unit 'km' and suggested precision '0' thus indicating it has a numeric value; however, it has the non-numeric value: 'null' (&lt;class 'str'&gt;)"), 'future': &lt;Task finished name='EntityPlatform poll sensor.openwb2mqtt' exception=ValueError("Sensor sensor.openwb_vehicle_0_reichweite has device class 'None', state class 'measurement' unit 'km' and suggested precision '0' thus indicating it has a numeric value; however, it has the non-numeric value: 'null' (&lt;class 'str'&gt;)")&gt;}
2026-02-09 05:29:44.116 WARNING (MainThread) [custom_components.alert2.entities]   alert2.alert2_global_exception skipping notify disabled: Alert2 alert2_global_exception: An HA task (possibly unrelated to Alert2) died to due to an unhandled exception: &lt;class 'ValueError'&gt;: Sensor sensor.openwb_vehicle_0_reichweite has device class 'None', state class 'measurement' unit 'km' and suggested precision '0' thus indicating it has a numeric value; however, it has the non-numeric value: 'null' (&lt;class 'str'&gt;). full context: {'message': 'Task exception was never retrieved', 'exception': ValueError("Sensor sensor.openwb_vehicle_0_reichweite has device class 'None', state class 'measurement' unit 'km' and suggested precision '0' thus indicating it has a numeric value; however, it has the non-numeric value: 'null' (&lt;class 'str'&gt;)"), 'future': &lt;Task finished name='EntityPlatform poll sensor.openwb2mqtt' exception=ValueError("Sensor sensor.openwb_vehicle_0_reichweite has device class 'None', state class 'measurement' unit 'km' and suggested precision '0' thus indicating it has a numeric value; however, it has the non-numeric value: 'null' (&lt;class 'str'&gt;)")&gt;}
2026-02-09 05:29:44.460 ERROR (MainThread) [aiohttp.server] Error handling request from 192.168.1.92
Traceback (most recent call last):
  File "/usr/local/lib/python3.13/site-packages/aiohttp/web_protocol.py", line 510, in _handle_request
    resp = await request_handler(request)
           ^^^^^^^^^^^^^^^^^^^^^^^^^^^^^^
  File "/usr/local/lib/python3.13/site-packages/aiohttp/web_app.py", line 569, in _handle
    return await handler(request)
           ^^^^^^^^^^^^^^^^^^^^^^
  File "/usr/local/lib/python3.13/site-packages/aiohttp/web_middlewares.py", line 117, in impl
    return await handler(request)
           ^^^^^^^^^^^^^^^^^^^^^^
  File "/usr/src/homeassistant/homeassistant/components/http/security_filter.py", line 92, in security_filter_middleware
    return await handler(request)
           ^^^^^^^^^^^^^^^^^^^^^^
  File "/usr/src/homeassistant/homeassistant/components/http/forwarded.py", line 87, in forwarded_middleware
    return await handler(request)
           ^^^^^^^^^^^^^^^^^^^^^^
  File "/usr/src/homeassistant/homeassistant/components/http/request_context.py", line 26, in request_context_middleware
    return await handler(request)
           ^^^^^^^^^^^^^^^^^^^^^^
  File "/usr/src/homeassistant/homeassistant/components/http/ban.py", line 86, in ban_middleware
    return await handler(request)
           ^^^^^^^^^^^^^^^^^^^^^^
  File "/usr/src/homeassistant/homeassistant/components/http/auth.py", line 242, in auth_middleware
    return await handler(request)
           ^^^^^^^^^^^^^^^^^^^^^^
  File "/usr/src/homeassistant/homeassistant/components/http/headers.py", line 41, in headers_middleware
    response = await handler(request)
               ^^^^^^^^^^^^^^^^^^^^^^
  File "/usr/src/homeassistant/homeassistant/helpers/http.py", line 73, in handle
    result = await handler(request, **request.match_info)
             ^^^^^^^^^^^^^^^^^^^^^^^^^^^^^^^^^^^^^^^^^^^^
  File "/usr/src/homeassistant/homeassistant/components/http/decorators.py", line 83, in with_admin
    return await func(self, request, *args, **kwargs)
           ^^^^^^^^^^^^^^^^^^^^^^^^^^^^^^^^^^^^^^^^^^
  File "/usr/src/homeassistant/homeassistant/components/config/config_entries.py", line 345, in post
    return await super().post(request, flow_id)
           ^^^^^^^^^^^^^^^^^^^^^^^^^^^^^^^^^^^^
  File "/usr/src/homeassistant/homeassistant/components/http/data_validator.py", line 74, in wrapper
    return await method(view, request, data, *args, **kwargs)
           ^^^^^^^^^^^^^^^^^^^^^^^^^^^^^^^^^^^^^^^^^^^^^^^^^^
  File "/usr/src/homeassistant/homeassistant/helpers/data_entry_flow.py", line 121, in post
    result = await self._flow_mgr.async_configure(flow_id, data)
             ^^^^^^^^^^^^^^^^^^^^^^^^^^^^^^^^^^^^^^^^^^^^^^^^^^^
  File "/usr/src/homeassistant/homeassistant/data_entry_flow.py", line 336, in async_configure
    result = await self._async_configure(flow_id, user_input)
             ^^^^^^^^^^^^^^^^^^^^^^^^^^^^^^^^^^^^^^^^^^^^^^^^
  File "/usr/src/homeassistant/homeassistant/data_entry_flow.py", line 383, in _async_configure
    result = await self._async_handle_step(
             ^^^^^^^^^^^^^^^^^^^^^^^^^^^^^^
        flow, cur_step["step_id"], user_input
        ^^^^^^^^^^^^^^^^^^^^^^^^^^^^^^^^^^^^^
    )
    ^
  File "/usr/src/homeassistant/homeassistant/data_entry_flow.py", line 483, in _async_handle_step
    result: _FlowResultT = await getattr(flow, method)(user_input)
                           ^^^^^^^^^^^^^^^^^^^^^^^^^^^^^^^^^^^^^^^
  File "/config/custom_components/ads_custom/config_flow.py", line 704, in async_step_reconfigure_binary_sensor
    await self.hass.config_entries.async_update_subentry(
          ~~~~~~~~~~~~~~~~~~~~~~~~~~~~~~~~~~~~~~~~~~~~~~^
        subentry, data=MappingProxyType(new_data), title=new_title
        ^^^^^^^^^^^^^^^^^^^^^^^^^^^^^^^^^^^^^^^^^^^^^^^^^^^^^^^^^^
    )
    ^
TypeError: ConfigEntries.async_update_subentry() missing 1 required positional argument: 'subentry'
2026-02-09 05:29:46.014 WARNING (MainThread) [homeassistant.helpers.template] Template variable warning: 'dict object' has no attribute 'cmi' when rendering '{{ value_json.cmi }}'
2026-02-09 05:29:58.060 DEBUG (Dummy-48) [custom_components.ads_custom.hub] Received notification 3698
2026-02-09 05:29:58.061 DEBUG (Dummy-48) [custom_components.ads_custom.entity] Variable .ParameterWetterstation.LuftTemperatur changed its value to 3
2026-02-09 05:29:58.484 ERROR (MainThread) [aiohttp.server] Error handling request from 192.168.1.92
Traceback (most recent call last):
  File "/usr/local/lib/python3.13/site-packages/aiohttp/web_protocol.py", line 510, in _handle_request
    resp = await request_handler(request)
           ^^^^^^^^^^^^^^^^^^^^^^^^^^^^^^
  File "/usr/local/lib/python3.13/site-packages/aiohttp/web_app.py", line 569, in _handle
    return await handler(request)
           ^^^^^^^^^^^^^^^^^^^^^^
  File "/usr/local/lib/python3.13/site-packages/aiohttp/web_middlewares.py", line 117, in impl
    return await handler(request)
           ^^^^^^^^^^^^^^^^^^^^^^
  File "/usr/src/homeassistant/homeassistant/components/http/security_filter.py", line 92, in security_filter_middleware
    return await handler(request)
           ^^^^^^^^^^^^^^^^^^^^^^
  File "/usr/src/homeassistant/homeassistant/components/http/forwarded.py", line 87, in forwarded_middleware
    return await handler(request)
           ^^^^^^^^^^^^^^^^^^^^^^
  File "/usr/src/homeassistant/homeassistant/components/http/request_context.py", line 26, in request_context_middleware
    return await handler(request)
           ^^^^^^^^^^^^^^^^^^^^^^
  File "/usr/src/homeassistant/homeassistant/components/http/ban.py", line 86, in ban_middleware
    return await handler(request)
           ^^^^^^^^^^^^^^^^^^^^^^
  File "/usr/src/homeassistant/homeassistant/components/http/auth.py", line 242, in auth_middleware
    return await handler(request)
           ^^^^^^^^^^^^^^^^^^^^^^
  File "/usr/src/homeassistant/homeassistant/components/http/headers.py", line 41, in headers_middleware
    response = await handler(request)
               ^^^^^^^^^^^^^^^^^^^^^^
  File "/usr/src/homeassistant/homeassistant/helpers/http.py", line 73, in handle
    result = await handler(request, **request.match_info)
             ^^^^^^^^^^^^^^^^^^^^^^^^^^^^^^^^^^^^^^^^^^^^
  File "/usr/src/homeassistant/homeassistant/components/http/decorators.py", line 83, in with_admin
    return await func(self, request, *args, **kwargs)
           ^^^^^^^^^^^^^^^^^^^^^^^^^^^^^^^^^^^^^^^^^^
  File "/usr/src/homeassistant/homeassistant/components/config/config_entries.py", line 345, in post
    return await super().post(request, flow_id)
           ^^^^^^^^^^^^^^^^^^^^^^^^^^^^^^^^^^^^
  File "/usr/src/homeassistant/homeassistant/components/http/data_validator.py", line 74, in wrapper
    return await method(view, request, data, *args, **kwargs)
           ^^^^^^^^^^^^^^^^^^^^^^^^^^^^^^^^^^^^^^^^^^^^^^^^^^
  File "/usr/src/homeassistant/homeassistant/helpers/data_entry_flow.py", line 121, in post
    result = await self._flow_mgr.async_configure(flow_id, data)
             ^^^^^^^^^^^^^^^^^^^^^^^^^^^^^^^^^^^^^^^^^^^^^^^^^^^
  File "/usr/src/homeassistant/homeassistant/data_entry_flow.py", line 336, in async_configure
    result = await self._async_configure(flow_id, user_input)
             ^^^^^^^^^^^^^^^^^^^^^^^^^^^^^^^^^^^^^^^^^^^^^^^^
  File "/usr/src/homeassistant/homeassistant/data_entry_flow.py", line 383, in _async_configure
    result = await self._async_handle_step(
             ^^^^^^^^^^^^^^^^^^^^^^^^^^^^^^
        flow, cur_step["step_id"], user_input
        ^^^^^^^^^^^^^^^^^^^^^^^^^^^^^^^^^^^^^
    )
    ^
  File "/usr/src/homeassistant/homeassistant/data_entry_flow.py", line 483, in _async_handle_step
    result: _FlowResultT = await getattr(flow, method)(user_input)
                           ^^^^^^^^^^^^^^^^^^^^^^^^^^^^^^^^^^^^^^^
  File "/config/custom_components/ads_custom/config_flow.py", line 704, in async_step_reconfigure_binary_sensor
    await self.hass.config_entries.async_update_subentry(
          ~~~~~~~~~~~~~~~~~~~~~~~~~~~~~~~~~~~~~~~~~~~~~~^
        subentry, data=MappingProxyType(new_data), title=new_title
        ^^^^^^^^^^^^^^^^^^^^^^^^^^^^^^^^^^^^^^^^^^^^^^^^^^^^^^^^^^
    )
    ^
TypeError: ConfigEntries.async_update_subentry() missing 1 required positional argument: 'subentry'
2026-02-09 05:29:59.070 DEBUG (Dummy-49) [custom_components.ads_custom.hub] Received notification 3698
2026-02-09 05:29:59.071 DEBUG (Dummy-49) [custom_components.ads_custom.entity] Variable .ParameterWetterstation.LuftTemperatur changed its value to 3
2026-02-09 05:30:01.093 DEBUG (Dummy-50) [custom_components.ads_custom.hub] Received notification 3698
2026-02-09 05:30:01.094 DEBUG (Dummy-50) [custom_components.ads_custom.entity] Variable .ParameterWetterstation.LuftTemperatur changed its value to 3
2026-02-09 05:30:02.102 DEBUG (Dummy-51) [custom_components.ads_custom.hub] Received notification 3698
2026-02-09 05:30:02.103 DEBUG (Dummy-51) [custom_components.ads_custom.entity] Variable .ParameterWetterstation.LuftTemperatur changed its value to 3
2026-02-09 05:30:18.282 ERROR (Recorder) [custom_components.alert2.util] Exception reported: {'domain': 'alert2', 'name': 'global_exception', 'message': 'An HA task (possibly unrelated to Alert2) died to due to an unhandled exception: &lt;class \'ValueError\'&gt;: Sensor sensor.openwb_vehicle_0_reichweite has device class \'None\', state class \'measurement\' unit \'km\' and suggested precision \'0\' thus indicating it has a numeric value; however, it has the non-numeric value: \'null\' (&lt;class \'str\'&gt;). full context: {\'message\': \'Task exception was never retrieved\', \'exception\': ValueError("Sensor sensor.openwb_vehicle_0_reichweite has device class \'None\', state class \'measurement\' unit \'km\' and suggested precision \'0\' thus indicating it has a numeric value; however, it has the non-numeric value: \'null\' (&lt;class \'str\'&gt;)"), \'future\': &lt;Task finished name=\'EntityPlatform poll sensor.openwb2mqtt\' exception=ValueError("Sensor sensor.openwb_vehicle_0_reichweite has device class \'None\', state class \'measurement\' unit \'km\' and suggested precision \'0\' thus indicating it has a numeric value; however, it has the non-numeric value: \'null\' (&lt;class \'str\'&gt;)")&gt;}'}
NoneType: None
2026-02-09 05:30:18.284 WARNING (MainThread) [custom_components.alert2.entities] Activity alert2.alert2_global_exception fired
2026-02-09 05:30:18.285 WARNING (MainThread) [custom_components.alert2.entities] Alert2 alert2_global_exception: An HA task (possibly unrelated to Alert2) died to due to an unhandled exception: &lt;class 'ValueError'&gt;: Sensor sensor.openwb_vehicle_0_reichweite has device class 'None', state class 'measurement' unit 'km' and suggested precision '0' thus indicating it has a numeric value; however, it has the non-numeric value: 'null' (&lt;class 'str'&gt;). full context: {'message': 'Task exception was never retrieved', 'exception': ValueError("Sensor sensor.openwb_vehicle_0_reichweite has device class 'None', state class 'measurement' unit 'km' and suggested precision '0' thus indicating it has a numeric value; however, it has the non-numeric value: 'null' (&lt;class 'str'&gt;)"), 'future': &lt;Task finished name='EntityPlatform poll sensor.openwb2mqtt' exception=ValueError("Sensor sensor.openwb_vehicle_0_reichweite has device class 'None', state class 'measurement' unit 'km' and suggested precision '0' thus indicating it has a numeric value; however, it has the non-numeric value: 'null' (&lt;class 'str'&gt;)")&gt;}
2026-02-09 05:30:18.285 WARNING (MainThread) [custom_components.alert2.entities]   alert2.alert2_global_exception skipping notify disabled: Alert2 alert2_global_exception: An HA task (possibly unrelated to Alert2) died to due to an unhandled exception: &lt;class 'ValueError'&gt;: Sensor sensor.openwb_vehicle_0_reichweite has device class 'None', state class 'measurement' unit 'km' and suggested precision '0' thus indicating it has a numeric value; however, it has the non-numeric value: 'null' (&lt;class 'str'&gt;). full context: {'message': 'Task exception was never retrieved', 'exception': ValueError("Sensor sensor.openwb_vehicle_0_reichweite has device class 'None', state class 'measurement' unit 'km' and suggested precision '0' thus indicating it has a numeric value; however, it has the non-numeric value: 'null' (&lt;class 'str'&gt;)"), 'future': &lt;Task finished name='EntityPlatform poll sensor.openwb2mqtt' exception=ValueError("Sensor sensor.openwb_vehicle_0_reichweite has device class 'None', state class 'measurement' unit 'km' and suggested precision '0' thus indicating it has a numeric value; however, it has the non-numeric value: 'null' (&lt;class 'str'&gt;)")&gt;}
2026-02-09 05:30:18.287 ERROR (Recorder) [homeassistant] Error doing job: Task exception was never retrieved (task: None)
Traceback (most recent call last):
  File "/usr/src/homeassistant/homeassistant/components/sensor/__init__.py", line 684, in state
    numerical_value = int(value)
ValueError: invalid literal for int() with base 10: 'null'

During handling of the above exception, another exception occurred:

Traceback (most recent call last):
  File "/usr/src/homeassistant/homeassistant/components/sensor/__init__.py", line 687, in state
    numerical_value = float(value)
ValueError: could not convert string to float: 'null'

The above exception was the direct cause of the following exception:

Traceback (most recent call last):
  File "/usr/src/homeassistant/homeassistant/helpers/entity_platform.py", line 1141, in _async_update_entity_states
    await asyncio.gather(*tasks)
  File "/usr/src/homeassistant/homeassistant/helpers/entity.py", line 973, in async_update_ha_state
    self._async_write_ha_state()
    ~~~~~~~~~~~~~~~~~~~~~~~~~~^^
  File "/usr/src/homeassistant/homeassistant/helpers/entity.py", line 1163, in _async_write_ha_state
    ) = self.__async_calculate_state()
        ~~~~~~~~~~~~~~~~~~~~~~~~~~~~^^
  File "/usr/src/homeassistant/homeassistant/helpers/entity.py", line 1070, in __async_calculate_state
    state = self._stringify_state(available)
  File "/usr/src/homeassistant/homeassistant/helpers/entity.py", line 1024, in _stringify_state
    if (state := self.state) is None:
                 ^^^^^^^^^^
  File "/usr/src/homeassistant/homeassistant/components/sensor/__init__.py", line 691, in state
    raise ValueError(
    ...<5 lines>...
    ) from err
ValueError: Sensor sensor.openwb_vehicle_0_reichweite has device class 'None', state class 'measurement' unit 'km' and suggested precision '0' thus indicating it has a numeric value; however, it has the non-numeric value: 'null' (<class 'str'>)
2026-02-09 05:30:48.450 ERROR (MainThread) [custom_components.alert2.util] Exception reported: {'domain': 'alert2', 'name': 'global_exception', 'message': 'An HA task (possibly unrelated to Alert2) died to due to an unhandled exception: &lt;class \'ValueError\'&gt;: Sensor sensor.openwb_vehicle_0_reichweite has device class \'None\', state class \'measurement\' unit \'km\' and suggested precision \'0\' thus indicating it has a numeric value; however, it has the non-numeric value: \'null\' (&lt;class \'str\'&gt;). full context: {\'message\': \'Task exception was never retrieved\', \'exception\': ValueError("Sensor sensor.openwb_vehicle_0_reichweite has device class \'None\', state class \'measurement\' unit \'km\' and suggested precision \'0\' thus indicating it has a numeric value; however, it has the non-numeric value: \'null\' (&lt;class \'str\'&gt;)"), \'future\': &lt;Task finished name=\'EntityPlatform poll sensor.openwb2mqtt\' exception=ValueError("Sensor sensor.openwb_vehicle_0_reichweite has device class \'None\', state class \'measurement\' unit \'km\' and suggested precision \'0\' thus indicating it has a numeric value; however, it has the non-numeric value: \'null\' (&lt;class \'str\'&gt;)")&gt;}'}
NoneType: None
2026-02-09 05:30:48.486 ERROR (MainThread) [homeassistant] Error doing job: Task exception was never retrieved (task: None)
Traceback (most recent call last):
  File "/usr/src/homeassistant/homeassistant/components/sensor/__init__.py", line 684, in state
    numerical_value = int(value)
ValueError: invalid literal for int() with base 10: 'null'

During handling of the above exception, another exception occurred:

Traceback (most recent call last):
  File "/usr/src/homeassistant/homeassistant/components/sensor/__init__.py", line 687, in state
    numerical_value = float(value)
ValueError: could not convert string to float: 'null'

The above exception was the direct cause of the following exception:

Traceback (most recent call last):
  File "/usr/src/homeassistant/homeassistant/helpers/entity_platform.py", line 1141, in _async_update_entity_states
    await asyncio.gather(*tasks)
  File "/usr/src/homeassistant/homeassistant/helpers/entity.py", line 973, in async_update_ha_state
    self._async_write_ha_state()
    ~~~~~~~~~~~~~~~~~~~~~~~~~~^^
  File "/usr/src/homeassistant/homeassistant/helpers/entity.py", line 1163, in _async_write_ha_state
    ) = self.__async_calculate_state()
        ~~~~~~~~~~~~~~~~~~~~~~~~~~~~^^
  File "/usr/src/homeassistant/homeassistant/helpers/entity.py", line 1070, in __async_calculate_state
    state = self._stringify_state(available)
  File "/usr/src/homeassistant/homeassistant/helpers/entity.py", line 1024, in _stringify_state
    if (state := self.state) is None:
                 ^^^^^^^^^^
  File "/usr/src/homeassistant/homeassistant/components/sensor/__init__.py", line 691, in state
    raise ValueError(
    ...<5 lines>...
    ) from err
ValueError: Sensor sensor.openwb_vehicle_0_reichweite has device class 'None', state class 'measurement' unit 'km' and suggested precision '0' thus indicating it has a numeric value; however, it has the non-numeric value: 'null' (<class 'str'>)
2026-02-09 05:30:48.666 WARNING (MainThread) [custom_components.alert2.entities] Activity alert2.alert2_global_exception fired
2026-02-09 05:30:48.667 WARNING (MainThread) [custom_components.alert2.entities] Alert2 alert2_global_exception: An HA task (possibly unrelated to Alert2) died to due to an unhandled exception: &lt;class 'ValueError'&gt;: Sensor sensor.openwb_vehicle_0_reichweite has device class 'None', state class 'measurement' unit 'km' and suggested precision '0' thus indicating it has a numeric value; however, it has the non-numeric value: 'null' (&lt;class 'str'&gt;). full context: {'message': 'Task exception was never retrieved', 'exception': ValueError("Sensor sensor.openwb_vehicle_0_reichweite has device class 'None', state class 'measurement' unit 'km' and suggested precision '0' thus indicating it has a numeric value; however, it has the non-numeric value: 'null' (&lt;class 'str'&gt;)"), 'future': &lt;Task finished name='EntityPlatform poll sensor.openwb2mqtt' exception=ValueError("Sensor sensor.openwb_vehicle_0_reichweite has device class 'None', state class 'measurement' unit 'km' and suggested precision '0' thus indicating it has a numeric value; however, it has the non-numeric value: 'null' (&lt;class 'str'&gt;)")&gt;}
2026-02-09 05:30:48.667 WARNING (MainThread) [custom_components.alert2.entities]   alert2.alert2_global_exception skipping notify disabled: Alert2 alert2_global_exception: An HA task (possibly unrelated to Alert2) died to due to an unhandled exception: &lt;class 'ValueError'&gt;: Sensor sensor.openwb_vehicle_0_reichweite has device class 'None', state class 'measurement' unit 'km' and suggested precision '0' thus indicating it has a numeric value; however, it has the non-numeric value: 'null' (&lt;class 'str'&gt;). full context: {'message': 'Task exception was never retrieved', 'exception': ValueError("Sensor sensor.openwb_vehicle_0_reichweite has device class 'None', state class 'measurement' unit 'km' and suggested precision '0' thus indicating it has a numeric value; however, it has the non-numeric value: 'null' (&lt;class 'str'&gt;)"), 'future': &lt;Task finished name='EntityPlatform poll sensor.openwb2mqtt' exception=ValueError("Sensor sensor.openwb_vehicle_0_reichweite has device class 'None', state class 'measurement' unit 'km' and suggested precision '0' thus indicating it has a numeric value; however, it has the non-numeric value: 'null' (&lt;class 'str'&gt;)")&gt;}
2026-02-09 05:30:50.863 ERROR (MainThread) [frontend.js.modern.202601286] Uncaught error from Mobile Firefox 147.0 on Android 16
Error: Failed to execute 'define' on 'CustomElementRegistry': the name "mmp-checkbox" has already been used with this registry
88431/</S.prototype.define (node_modules/@webcomponents/scoped-custom-element-registry/src/scoped-custom-element-registry.ts:180:12)
J/</< (/hacsfiles/mini-media-player/mini-media-player-bundle.js:162:67)
J/< (/hacsfiles/mini-media-player/mini-media-player-bundle.js:162:82)
t (/hacsfiles/mini-media-player/mini-media-player-bundle.js:15:250)
/hacsfiles/mini-media-player/mini-media-player-bundle.js:708:170
2026-02-09 05:30:50.864 ERROR (MainThread) [frontend.js.modern.202601286] Uncaught error from Mobile Firefox 147.0 on Android 16
Error: Failed to execute 'define' on 'CustomElementRegistry': the name "mmp-checkbox" has already been used with this registry
88431/</S.prototype.define (node_modules/@webcomponents/scoped-custom-element-registry/src/scoped-custom-element-registry.ts:180:12)
J/</< (/hacsfiles/mini-media-player/mini-media-player-bundle.js:162:67)
J/< (/hacsfiles/mini-media-player/mini-media-player-bundle.js:162:82)
t (/hacsfiles/mini-media-player/mini-media-player-bundle.js:15:250)
/hacsfiles/mini-media-player/mini-media-player-bundle.js:708:170
2026-02-09 05:30:54.748 ERROR (MainThread) [homeassistant.components.websocket_api.commands] Unable to get manifest for integration meross_lan: Integration 'meross_lan' not found.
2026-02-09 05:31:04.726 DEBUG (Dummy-60) [custom_components.ads_custom.hub] Received notification 3698
2026-02-09 05:31:04.728 DEBUG (Dummy-60) [custom_components.ads_custom.entity] Variable .ParameterWetterstation.LuftTemperatur changed its value to 3
2026-02-09 05:31:05.736 DEBUG (Dummy-62) [custom_components.ads_custom.hub] Received notification 3698
2026-02-09 05:31:05.737 DEBUG (Dummy-62) [custom_components.ads_custom.entity] Variable .ParameterWetterstation.LuftTemperatur changed its value to 3
2026-02-09 05:31:06.751 DEBUG (Dummy-63) [custom_components.ads_custom.hub] Received notification 3698
2026-02-09 05:31:06.752 DEBUG (Dummy-63) [custom_components.ads_custom.entity] Variable .ParameterWetterstation.LuftTemperatur changed its value to 3
2026-02-09 05:31:07.595 ERROR (MainThread) [aiohttp.server] Error handling request from 127.0.0.1
Traceback (most recent call last):
  File "/usr/local/lib/python3.13/site-packages/aiohttp/web_protocol.py", line 510, in _handle_request
    resp = await request_handler(request)
           ^^^^^^^^^^^^^^^^^^^^^^^^^^^^^^
  File "/usr/local/lib/python3.13/site-packages/aiohttp/web_app.py", line 569, in _handle
    return await handler(request)
           ^^^^^^^^^^^^^^^^^^^^^^
  File "/usr/local/lib/python3.13/site-packages/aiohttp/web_middlewares.py", line 117, in impl
    return await handler(request)
           ^^^^^^^^^^^^^^^^^^^^^^
  File "/usr/src/homeassistant/homeassistant/components/http/security_filter.py", line 92, in security_filter_middleware
    return await handler(request)
           ^^^^^^^^^^^^^^^^^^^^^^
  File "/usr/src/homeassistant/homeassistant/components/http/forwarded.py", line 214, in forwarded_middleware
    return await handler(request)
           ^^^^^^^^^^^^^^^^^^^^^^
  File "/usr/src/homeassistant/homeassistant/components/http/request_context.py", line 26, in request_context_middleware
    return await handler(request)
           ^^^^^^^^^^^^^^^^^^^^^^
  File "/usr/src/homeassistant/homeassistant/components/http/ban.py", line 86, in ban_middleware
    return await handler(request)
           ^^^^^^^^^^^^^^^^^^^^^^
  File "/usr/src/homeassistant/homeassistant/components/http/auth.py", line 242, in auth_middleware
    return await handler(request)
           ^^^^^^^^^^^^^^^^^^^^^^
  File "/usr/src/homeassistant/homeassistant/components/http/headers.py", line 41, in headers_middleware
    response = await handler(request)
               ^^^^^^^^^^^^^^^^^^^^^^
  File "/usr/src/homeassistant/homeassistant/helpers/http.py", line 73, in handle
    result = await handler(request, **request.match_info)
             ^^^^^^^^^^^^^^^^^^^^^^^^^^^^^^^^^^^^^^^^^^^^
  File "/usr/src/homeassistant/homeassistant/components/http/decorators.py", line 83, in with_admin
    return await func(self, request, *args, **kwargs)
           ^^^^^^^^^^^^^^^^^^^^^^^^^^^^^^^^^^^^^^^^^^
  File "/usr/src/homeassistant/homeassistant/components/config/config_entries.py", line 345, in post
    return await super().post(request, flow_id)
           ^^^^^^^^^^^^^^^^^^^^^^^^^^^^^^^^^^^^
  File "/usr/src/homeassistant/homeassistant/components/http/data_validator.py", line 74, in wrapper
    return await method(view, request, data, *args, **kwargs)
           ^^^^^^^^^^^^^^^^^^^^^^^^^^^^^^^^^^^^^^^^^^^^^^^^^^
  File "/usr/src/homeassistant/homeassistant/helpers/data_entry_flow.py", line 121, in post
    result = await self._flow_mgr.async_configure(flow_id, data)
             ^^^^^^^^^^^^^^^^^^^^^^^^^^^^^^^^^^^^^^^^^^^^^^^^^^^
  File "/usr/src/homeassistant/homeassistant/data_entry_flow.py", line 336, in async_configure
    result = await self._async_configure(flow_id, user_input)
             ^^^^^^^^^^^^^^^^^^^^^^^^^^^^^^^^^^^^^^^^^^^^^^^^
  File "/usr/src/homeassistant/homeassistant/data_entry_flow.py", line 383, in _async_configure
    result = await self._async_handle_step(
             ^^^^^^^^^^^^^^^^^^^^^^^^^^^^^^
        flow, cur_step["step_id"], user_input
        ^^^^^^^^^^^^^^^^^^^^^^^^^^^^^^^^^^^^^
    )
    ^
  File "/usr/src/homeassistant/homeassistant/data_entry_flow.py", line 483, in _async_handle_step
    result: _FlowResultT = await getattr(flow, method)(user_input)
                           ^^^^^^^^^^^^^^^^^^^^^^^^^^^^^^^^^^^^^^^
  File "/config/custom_components/ads_custom/config_flow.py", line 704, in async_step_reconfigure_binary_sensor
    await self.hass.config_entries.async_update_subentry(
          ~~~~~~~~~~~~~~~~~~~~~~~~~~~~~~~~~~~~~~~~~~~~~~^
        subentry, data=MappingProxyType(new_data), title=new_title
        ^^^^^^^^^^^^^^^^^^^^^^^^^^^^^^^^^^^^^^^^^^^^^^^^^^^^^^^^^^
    )
    ^
TypeError: ConfigEntries.async_update_subentry() missing 1 required positional argument: 'subentry'
2026-02-09 05:31:17.640 ERROR (MainThread) [custom_components.alert2.util] Exception reported: {'domain': 'alert2', 'name': 'global_exception', 'message': 'An HA task (possibly unrelated to Alert2) died to due to an unhandled exception: &lt;class \'ValueError\'&gt;: Sensor sensor.openwb_vehicle_0_reichweite has device class \'None\', state class \'measurement\' unit \'km\' and suggested precision \'0\' thus indicating it has a numeric value; however, it has the non-numeric value: \'null\' (&lt;class \'str\'&gt;). full context: {\'message\': \'Task exception was never retrieved\', \'exception\': ValueError("Sensor sensor.openwb_vehicle_0_reichweite has device class \'None\', state class \'measurement\' unit \'km\' and suggested precision \'0\' thus indicating it has a numeric value; however, it has the non-numeric value: \'null\' (&lt;class \'str\'&gt;)"), \'future\': &lt;Task finished name=\'EntityPlatform poll sensor.openwb2mqtt\' exception=ValueError("Sensor sensor.openwb_vehicle_0_reichweite has device class \'None\', state class \'measurement\' unit \'km\' and suggested precision \'0\' thus indicating it has a numeric value; however, it has the non-numeric value: \'null\' (&lt;class \'str\'&gt;)")&gt;}'}
NoneType: None
2026-02-09 05:31:17.748 ERROR (MainThread) [homeassistant] Error doing job: Task exception was never retrieved (task: None)
Traceback (most recent call last):
  File "/usr/src/homeassistant/homeassistant/components/sensor/__init__.py", line 684, in state
    numerical_value = int(value)
ValueError: invalid literal for int() with base 10: 'null'

During handling of the above exception, another exception occurred:

Traceback (most recent call last):
  File "/usr/src/homeassistant/homeassistant/components/sensor/__init__.py", line 687, in state
    numerical_value = float(value)
ValueError: could not convert string to float: 'null'

The above exception was the direct cause of the following exception:

Traceback (most recent call last):
  File "/usr/src/homeassistant/homeassistant/helpers/entity_platform.py", line 1141, in _async_update_entity_states
    await asyncio.gather(*tasks)
  File "/usr/src/homeassistant/homeassistant/helpers/entity.py", line 973, in async_update_ha_state
    self._async_write_ha_state()
    ~~~~~~~~~~~~~~~~~~~~~~~~~~^^
  File "/usr/src/homeassistant/homeassistant/helpers/entity.py", line 1163, in _async_write_ha_state
    ) = self.__async_calculate_state()
        ~~~~~~~~~~~~~~~~~~~~~~~~~~~~^^
  File "/usr/src/homeassistant/homeassistant/helpers/entity.py", line 1070, in __async_calculate_state
    state = self._stringify_state(available)
  File "/usr/src/homeassistant/homeassistant/helpers/entity.py", line 1024, in _stringify_state
    if (state := self.state) is None:
                 ^^^^^^^^^^
  File "/usr/src/homeassistant/homeassistant/components/sensor/__init__.py", line 691, in state
    raise ValueError(
    ...<5 lines>...
    ) from err
ValueError: Sensor sensor.openwb_vehicle_0_reichweite has device class 'None', state class 'measurement' unit 'km' and suggested precision '0' thus indicating it has a numeric value; however, it has the non-numeric value: 'null' (<class 'str'>)
2026-02-09 05:31:17.770 WARNING (MainThread) [custom_components.alert2.entities] Activity alert2.alert2_global_exception fired
2026-02-09 05:31:17.771 WARNING (MainThread) [custom_components.alert2.entities] Alert2 alert2_global_exception: An HA task (possibly unrelated to Alert2) died to due to an unhandled exception: &lt;class 'ValueError'&gt;: Sensor sensor.openwb_vehicle_0_reichweite has device class 'None', state class 'measurement' unit 'km' and suggested precision '0' thus indicating it has a numeric value; however, it has the non-numeric value: 'null' (&lt;class 'str'&gt;). full context: {'message': 'Task exception was never retrieved', 'exception': ValueError("Sensor sensor.openwb_vehicle_0_reichweite has device class 'None', state class 'measurement' unit 'km' and suggested precision '0' thus indicating it has a numeric value; however, it has the non-numeric value: 'null' (&lt;class 'str'&gt;)"), 'future': &lt;Task finished name='EntityPlatform poll sensor.openwb2mqtt' exception=ValueError("Sensor sensor.openwb_vehicle_0_reichweite has device class 'None', state class 'measurement' unit 'km' and suggested precision '0' thus indicating it has a numeric value; however, it has the non-numeric value: 'null' (&lt;class 'str'&gt;)")&gt;}
2026-02-09 05:31:17.773 WARNING (MainThread) [custom_components.alert2.entities]   alert2.alert2_global_exception skipping notify disabled: Alert2 alert2_global_exception: An HA task (possibly unrelated to Alert2) died to due to an unhandled exception: &lt;class 'ValueError'&gt;: Sensor sensor.openwb_vehicle_0_reichweite has device class 'None', state class 'measurement' unit 'km' and suggested precision '0' thus indicating it has a numeric value; however, it has the non-numeric value: 'null' (&lt;class 'str'&gt;). full context: {'message': 'Task exception was never retrieved', 'exception': ValueError("Sensor sensor.openwb_vehicle_0_reichweite has device class 'None', state class 'measurement' unit 'km' and suggested precision '0' thus indicating it has a numeric value; however, it has the non-numeric value: 'null' (&lt;class 'str'&gt;)"), 'future': &lt;Task finished name='EntityPlatform poll sensor.openwb2mqtt' exception=ValueError("Sensor sensor.openwb_vehicle_0_reichweite has device class 'None', state class 'measurement' unit 'km' and suggested precision '0' thus indicating it has a numeric value; however, it has the non-numeric value: 'null' (&lt;class 'str'&gt;)")&gt;}
