s6-rc: info: service s6rc-oneshot-runner: starting
s6-rc: info: service s6rc-oneshot-runner successfully started
s6-rc: info: service fix-attrs: starting
s6-rc: info: service fix-attrs successfully started
s6-rc: info: service legacy-cont-init: starting
s6-rc: info: service legacy-cont-init successfully started
s6-rc: info: service legacy-services: starting
services-up: info: copying legacy longrun home-assistant (no readiness notification)
s6-rc: info: service legacy-services successfully started
2026-02-09 06:23:35.901 WARNING (SyncWorker_0) [homeassistant.loader] We found a custom integration dreame_vacuum which has not been tested by Home Assistant. This component might cause stability problems, be sure to disable it if you experience issues with Home Assistant
2026-02-09 06:23:35.906 WARNING (SyncWorker_0) [homeassistant.loader] We found a custom integration ads which has not been tested by Home Assistant. This component might cause stability problems, be sure to disable it if you experience issues with Home Assistant
2026-02-09 06:23:35.906 ERROR (SyncWorker_0) [homeassistant.loader] The custom integration 'ads' does not have a version key in the manifest file and was blocked from loading. See https://developers.home-assistant.io/blog/2021/01/29/custom-integration-changes#versions for more details
2026-02-09 06:23:35.910 WARNING (SyncWorker_0) [homeassistant.loader] We found a custom integration sfml_stats_lite which has not been tested by Home Assistant. This component might cause stability problems, be sure to disable it if you experience issues with Home Assistant
2026-02-09 06:23:35.914 WARNING (SyncWorker_0) [homeassistant.loader] We found a custom integration webuntis which has not been tested by Home Assistant. This component might cause stability problems, be sure to disable it if you experience issues with Home Assistant
2026-02-09 06:23:35.919 WARNING (SyncWorker_0) [homeassistant.loader] We found a custom integration grid_price_monitor which has not been tested by Home Assistant. This component might cause stability problems, be sure to disable it if you experience issues with Home Assistant
2026-02-09 06:23:35.923 WARNING (SyncWorker_0) [homeassistant.loader] We found a custom integration openwb2mqtt which has not been tested by Home Assistant. This component might cause stability problems, be sure to disable it if you experience issues with Home Assistant
2026-02-09 06:23:35.928 WARNING (SyncWorker_0) [homeassistant.loader] We found a custom integration spook which has not been tested by Home Assistant. This component might cause stability problems, be sure to disable it if you experience issues with Home Assistant
2026-02-09 06:23:35.932 WARNING (SyncWorker_0) [homeassistant.loader] We found a custom integration ssh which has not been tested by Home Assistant. This component might cause stability problems, be sure to disable it if you experience issues with Home Assistant
2026-02-09 06:23:35.936 WARNING (SyncWorker_0) [homeassistant.loader] We found a custom integration dreame_mower which has not been tested by Home Assistant. This component might cause stability problems, be sure to disable it if you experience issues with Home Assistant
2026-02-09 06:23:35.941 WARNING (SyncWorker_0) [homeassistant.loader] We found a custom integration energy_meter which has not been tested by Home Assistant. This component might cause stability problems, be sure to disable it if you experience issues with Home Assistant
2026-02-09 06:23:35.945 WARNING (SyncWorker_0) [homeassistant.loader] We found a custom integration ical which has not been tested by Home Assistant. This component might cause stability problems, be sure to disable it if you experience issues with Home Assistant
2026-02-09 06:23:35.950 WARNING (SyncWorker_0) [homeassistant.loader] We found a custom integration kia_uvo which has not been tested by Home Assistant. This component might cause stability problems, be sure to disable it if you experience issues with Home Assistant
2026-02-09 06:23:35.956 WARNING (SyncWorker_0) [homeassistant.loader] We found a custom integration dwd_precipitation_forecast which has not been tested by Home Assistant. This component might cause stability problems, be sure to disable it if you experience issues with Home Assistant
2026-02-09 06:23:35.961 WARNING (SyncWorker_0) [homeassistant.loader] We found a custom integration mobile_alerts which has not been tested by Home Assistant. This component might cause stability problems, be sure to disable it if you experience issues with Home Assistant
2026-02-09 06:23:35.965 WARNING (SyncWorker_0) [homeassistant.loader] We found a custom integration garmin_connect which has not been tested by Home Assistant. This component might cause stability problems, be sure to disable it if you experience issues with Home Assistant
2026-02-09 06:23:35.969 WARNING (SyncWorker_0) [homeassistant.loader] We found a custom integration blitzortung which has not been tested by Home Assistant. This component might cause stability problems, be sure to disable it if you experience issues with Home Assistant
2026-02-09 06:23:35.974 WARNING (SyncWorker_0) [homeassistant.loader] We found a custom integration micro_weather which has not been tested by Home Assistant. This component might cause stability problems, be sure to disable it if you experience issues with Home Assistant
2026-02-09 06:23:35.977 WARNING (SyncWorker_0) [homeassistant.loader] We found a custom integration eventsensor which has not been tested by Home Assistant. This component might cause stability problems, be sure to disable it if you experience issues with Home Assistant
2026-02-09 06:23:35.982 WARNING (SyncWorker_0) [homeassistant.loader] We found a custom integration ml_weather which has not been tested by Home Assistant. This component might cause stability problems, be sure to disable it if you experience issues with Home Assistant
2026-02-09 06:23:35.986 WARNING (SyncWorker_0) [homeassistant.loader] We found a custom integration ha_visualiser which has not been tested by Home Assistant. This component might cause stability problems, be sure to disable it if you experience issues with Home Assistant
2026-02-09 06:23:35.991 WARNING (SyncWorker_0) [homeassistant.loader] We found a custom integration ta_cmi which has not been tested by Home Assistant. This component might cause stability problems, be sure to disable it if you experience issues with Home Assistant
2026-02-09 06:23:35.995 WARNING (SyncWorker_0) [homeassistant.loader] We found a custom integration dahua_vto which has not been tested by Home Assistant. This component might cause stability problems, be sure to disable it if you experience issues with Home Assistant
2026-02-09 06:23:35.999 WARNING (SyncWorker_0) [homeassistant.loader] We found a custom integration scene_presets which has not been tested by Home Assistant. This component might cause stability problems, be sure to disable it if you experience issues with Home Assistant
2026-02-09 06:23:36.003 WARNING (SyncWorker_0) [homeassistant.loader] We found a custom integration material_symbols which has not been tested by Home Assistant. This component might cause stability problems, be sure to disable it if you experience issues with Home Assistant
2026-02-09 06:23:36.007 WARNING (SyncWorker_0) [homeassistant.loader] We found a custom integration scheduler which has not been tested by Home Assistant. This component might cause stability problems, be sure to disable it if you experience issues with Home Assistant
2026-02-09 06:23:36.012 WARNING (SyncWorker_0) [homeassistant.loader] We found a custom integration spook_inverse which has not been tested by Home Assistant. This component might cause stability problems, be sure to disable it if you experience issues with Home Assistant
2026-02-09 06:23:36.016 WARNING (SyncWorker_0) [homeassistant.loader] We found a custom integration esc_easy_sensor_creation which has not been tested by Home Assistant. This component might cause stability problems, be sure to disable it if you experience issues with Home Assistant
2026-02-09 06:23:36.021 WARNING (SyncWorker_0) [homeassistant.loader] We found a custom integration device_tools which has not been tested by Home Assistant. This component might cause stability problems, be sure to disable it if you experience issues with Home Assistant
2026-02-09 06:23:36.025 WARNING (SyncWorker_0) [homeassistant.loader] We found a custom integration hacs which has not been tested by Home Assistant. This component might cause stability problems, be sure to disable it if you experience issues with Home Assistant
2026-02-09 06:23:36.030 WARNING (SyncWorker_0) [homeassistant.loader] We found a custom integration sfml_stats which has not been tested by Home Assistant. This component might cause stability problems, be sure to disable it if you experience issues with Home Assistant
2026-02-09 06:23:36.033 WARNING (SyncWorker_0) [homeassistant.loader] We found a custom integration switch_manager which has not been tested by Home Assistant. This component might cause stability problems, be sure to disable it if you experience issues with Home Assistant
2026-02-09 06:23:36.036 WARNING (SyncWorker_0) [homeassistant.loader] We found a custom integration alarmo which has not been tested by Home Assistant. This component might cause stability problems, be sure to disable it if you experience issues with Home Assistant
2026-02-09 06:23:36.039 WARNING (SyncWorker_0) [homeassistant.loader] We found a custom integration ads_custom which has not been tested by Home Assistant. This component might cause stability problems, be sure to disable it if you experience issues with Home Assistant
2026-02-09 06:23:36.043 WARNING (SyncWorker_0) [homeassistant.loader] We found a custom integration water_monitor which has not been tested by Home Assistant. This component might cause stability problems, be sure to disable it if you experience issues with Home Assistant
2026-02-09 06:23:36.046 WARNING (SyncWorker_0) [homeassistant.loader] We found a custom integration alert2 which has not been tested by Home Assistant. This component might cause stability problems, be sure to disable it if you experience issues with Home Assistant
2026-02-09 06:23:52.493 WARNING (MainThread) [homeassistant.helpers.template] Template variable warning: 'dict object' has no attribute 'cmi' when rendering '{{ value_json.cmi }}'
2026-02-09 06:23:59.841 ERROR (MainThread) [homeassistant.components.websocket_api.commands] Unable to get manifest for integration meross_lan: Integration 'meross_lan' not found.
2026-02-09 06:24:02.193 ERROR (MainThread) [homeassistant.config_entries] Error setting up entry ethereal-reef-322419 for google_assistant
Traceback (most recent call last):
  File "/usr/src/homeassistant/homeassistant/config_entries.py", line 762, in __async_setup_with_context
    result = await component.async_setup_entry(hass, self)
             ^^^^^^^^^^^^^^^^^^^^^^^^^^^^^^^^^^^^^^^^^^^^^
  File "/usr/src/homeassistant/homeassistant/components/google_assistant/__init__.py", line 123, in async_setup_entry
    config: ConfigType = {**hass.data[DOMAIN][DATA_CONFIG]}
                            ~~~~~~~~~^^^^^^^^
KeyError: 'google_assistant'
2026-02-09 06:24:34.747 WARNING (ImportExecutor_0) [py.warnings] /usr/local/lib/python3.13/site-packages/miio/miot_device.py:23: FutureWarning: functools.partial will be a method descriptor in future Python versions; wrap it in enum.member() if you want to preserve the old behavior
  Bool = partial(_str2bool)

2026-02-09T06:24:39+0100 Info: Connected to 192.168.1.55
2026-02-09 06:24:52.665 WARNING (MainThread) [homeassistant.bootstrap] Waiting for integrations to complete setup: {('mqtt', 'e5d1a2c04d708aebc3e0e2802d1e407c'): 382024.904473889, ('shelly', '01JFZCPWMABWJAFPTRH1VVQACW'): 382033.966789535, ('sonos', '5af755fac4614b5bdb9d56b7f0d868c1'): 382038.475075928, ('local_calendar', 'a019d3ea0712c59a4d7a3bc8ff8fd1fb'): 382047.893402399, ('caldav', '01JRHPEGQKH84HNZ7AVPZB6XVZ'): 382048.150421047, ('min_max', '01K88RPNTS1FHQ04RHFMCSGZGY'): 382048.216810153, ('rpi_power', 'd1ce0632e6be05826d45730283147f63'): 382048.275512549, ('hue', '5715e93362407d9f0cb16874eada7789'): 382049.230489611, ('scheduler', '01K26WNB9HD62NC9680MZ5YJHD'): 382049.840967584, ('local_todo', 'ad91f51272a86064e64ae4a7e517a311'): 382050.165562439, ('webuntis', '01KBFCBWQTG0V04MS4P37KDG1N'): 382050.291896671, ('kia_uvo', '01KBA5EKBE7GHHXRQT3989AGE8'): 382051.35108888, ('garmin_connect', '01KENX49EJ9SKWEKCVVT6EW37A'): 382052.287078034, ('dreame_vacuum', '01JZDBFHN2CSE6VGQMX1QCAKFN'): 382056.511241518, ('ecowitt', '01KAN8AXJ0J2ZHV20R19XAVN0T'): 382056.589851296, ('systemmonitor', '691c277d1879de4c5d3b6eb97563763f'): 382056.767516469, ('wiz', '01J2BTVF1NT42A2C3SY3P4C7DP'): 382056.887635107, ('micro_weather', '01KFTZZQQYXG49RY1DRW5QY3HH'): 382056.90238483, ('remote_calendar', '01JRHPDCDPBY729WTVQAF7GYH9'): 382057.131885903, ('utility_meter', '01J99CH676KEWGVACSH5MKWC2X'): 382057.136416141, ('utility_meter', '01J99CHZYKD0DPVKXAVVTM9HVK'): 382057.137057061, ('hacs', '02ec2ddbed5fca769d0e85b75460f608'): 382057.773775362, ('reolink', '01JA0FBG3SHX0ARN7JTCG5FNB6'): 382058.686201499, ('workday', 'e0216eaa8c371d7f4093740a566b343e'): 382059.901496088, ('ads_custom', '01KGWTMBDWCMM0N4QGCACP4NGJ'): 382060.14289052, ('google_generative_ai_conversation', '01K223A1X4106HJF1AK49CQBV4'): 382071.189717261, ('fritz', '01KCB7F3YY8AZ284YTBVD5SSMN'): 382071.343778251, ('shopping_list', 'e39c34bf24ff8ab9f58219c004a3d37d'): 382071.529428429, ('wyoming', '01KCS1TS6NWH10BPRMFFN73W6P'): 382071.723266387, ('wyoming', '01KCS3F9NH62B0RG3NMVQ1J2TZ'): 382071.723869456}
2026-02-09 06:25:19.946 WARNING (MainThread) [homeassistant.helpers.frame] Detected that custom integration 'dreame_vacuum' sets an invalid entity ID: 'button.p50 pro ultra_shortcut_1'. In most cases, entities should not set entity_id, but if they do, it should be a valid entity ID.. This will stop working in Home Assistant 2027.2.0, please create a bug report at https://github.com/Tasshack/dreame-vacuum/issues
2026-02-09 06:25:19.947 WARNING (MainThread) [homeassistant.helpers.frame] Detected that custom integration 'dreame_vacuum' sets an invalid entity ID: 'button.p50 pro ultra_backup_map_1'. In most cases, entities should not set entity_id, but if they do, it should be a valid entity ID.. This will stop working in Home Assistant 2027.2.0, please create a bug report at https://github.com/Tasshack/dreame-vacuum/issues
2026-02-09 06:25:19.948 WARNING (MainThread) [homeassistant.helpers.frame] Detected that custom integration 'dreame_vacuum' sets an invalid entity ID: 'button.p50 pro ultra_backup_map_2'. In most cases, entities should not set entity_id, but if they do, it should be a valid entity ID.. This will stop working in Home Assistant 2027.2.0, please create a bug report at https://github.com/Tasshack/dreame-vacuum/issues
2026-02-09 06:25:19.949 WARNING (MainThread) [homeassistant.helpers.frame] Detected that custom integration 'dreame_vacuum' sets an invalid entity ID: 'button.p50 pro ultra_backup_map_3'. In most cases, entities should not set entity_id, but if they do, it should be a valid entity ID.. This will stop working in Home Assistant 2027.2.0, please create a bug report at https://github.com/Tasshack/dreame-vacuum/issues
2026-02-09 06:25:19.995 WARNING (MainThread) [homeassistant.helpers.frame] Detected that custom integration 'dreame_vacuum' sets an invalid entity ID: 'number.p50 pro ultra_room_1_wetness_level'. In most cases, entities should not set entity_id, but if they do, it should be a valid entity ID.. This will stop working in Home Assistant 2027.2.0, please create a bug report at https://github.com/Tasshack/dreame-vacuum/issues
2026-02-09 06:25:19.997 WARNING (MainThread) [homeassistant.helpers.frame] Detected that custom integration 'dreame_vacuum' sets an invalid entity ID: 'number.p50 pro ultra_room_2_wetness_level'. In most cases, entities should not set entity_id, but if they do, it should be a valid entity ID.. This will stop working in Home Assistant 2027.2.0, please create a bug report at https://github.com/Tasshack/dreame-vacuum/issues
2026-02-09 06:25:19.998 WARNING (MainThread) [homeassistant.helpers.frame] Detected that custom integration 'dreame_vacuum' sets an invalid entity ID: 'number.p50 pro ultra_room_3_wetness_level'. In most cases, entities should not set entity_id, but if they do, it should be a valid entity ID.. This will stop working in Home Assistant 2027.2.0, please create a bug report at https://github.com/Tasshack/dreame-vacuum/issues
2026-02-09 06:25:19.998 WARNING (MainThread) [homeassistant.helpers.frame] Detected that custom integration 'dreame_vacuum' sets an invalid entity ID: 'number.p50 pro ultra_room_4_wetness_level'. In most cases, entities should not set entity_id, but if they do, it should be a valid entity ID.. This will stop working in Home Assistant 2027.2.0, please create a bug report at https://github.com/Tasshack/dreame-vacuum/issues
2026-02-09 06:25:19.999 WARNING (MainThread) [homeassistant.helpers.frame] Detected that custom integration 'dreame_vacuum' sets an invalid entity ID: 'number.p50 pro ultra_room_5_wetness_level'. In most cases, entities should not set entity_id, but if they do, it should be a valid entity ID.. This will stop working in Home Assistant 2027.2.0, please create a bug report at https://github.com/Tasshack/dreame-vacuum/issues
2026-02-09 06:25:20.000 WARNING (MainThread) [homeassistant.helpers.frame] Detected that custom integration 'dreame_vacuum' sets an invalid entity ID: 'number.p50 pro ultra_room_6_wetness_level'. In most cases, entities should not set entity_id, but if they do, it should be a valid entity ID.. This will stop working in Home Assistant 2027.2.0, please create a bug report at https://github.com/Tasshack/dreame-vacuum/issues
2026-02-09 06:25:20.001 WARNING (MainThread) [homeassistant.helpers.frame] Detected that custom integration 'dreame_vacuum' sets an invalid entity ID: 'number.p50 pro ultra_room_7_wetness_level'. In most cases, entities should not set entity_id, but if they do, it should be a valid entity ID.. This will stop working in Home Assistant 2027.2.0, please create a bug report at https://github.com/Tasshack/dreame-vacuum/issues
2026-02-09 06:25:20.004 WARNING (MainThread) [homeassistant.helpers.frame] Detected that custom integration 'dreame_vacuum' sets an invalid entity ID: 'number.p50 pro ultra_room_8_wetness_level'. In most cases, entities should not set entity_id, but if they do, it should be a valid entity ID.. This will stop working in Home Assistant 2027.2.0, please create a bug report at https://github.com/Tasshack/dreame-vacuum/issues
2026-02-09 06:25:20.005 WARNING (MainThread) [homeassistant.helpers.frame] Detected that custom integration 'dreame_vacuum' sets an invalid entity ID: 'number.p50 pro ultra_room_9_wetness_level'. In most cases, entities should not set entity_id, but if they do, it should be a valid entity ID.. This will stop working in Home Assistant 2027.2.0, please create a bug report at https://github.com/Tasshack/dreame-vacuum/issues
2026-02-09 06:25:20.007 WARNING (MainThread) [homeassistant.helpers.frame] Detected that custom integration 'dreame_vacuum' sets an invalid entity ID: 'number.p50 pro ultra_room_10_wetness_level'. In most cases, entities should not set entity_id, but if they do, it should be a valid entity ID.. This will stop working in Home Assistant 2027.2.0, please create a bug report at https://github.com/Tasshack/dreame-vacuum/issues
2026-02-09 06:25:20.008 WARNING (MainThread) [homeassistant.helpers.frame] Detected that custom integration 'dreame_vacuum' sets an invalid entity ID: 'number.p50 pro ultra_room_11_wetness_level'. In most cases, entities should not set entity_id, but if they do, it should be a valid entity ID.. This will stop working in Home Assistant 2027.2.0, please create a bug report at https://github.com/Tasshack/dreame-vacuum/issues
2026-02-09 06:25:20.016 WARNING (MainThread) [homeassistant.helpers.frame] Detected that custom integration 'dreame_vacuum' sets an invalid entity ID: 'number.p50 pro ultra_room_12_wetness_level'. In most cases, entities should not set entity_id, but if they do, it should be a valid entity ID.. This will stop working in Home Assistant 2027.2.0, please create a bug report at https://github.com/Tasshack/dreame-vacuum/issues
2026-02-09 06:25:20.017 WARNING (MainThread) [homeassistant.helpers.frame] Detected that custom integration 'dreame_vacuum' sets an invalid entity ID: 'number.p50 pro ultra_room_13_wetness_level'. In most cases, entities should not set entity_id, but if they do, it should be a valid entity ID.. This will stop working in Home Assistant 2027.2.0, please create a bug report at https://github.com/Tasshack/dreame-vacuum/issues
2026-02-09 06:25:20.018 WARNING (MainThread) [homeassistant.helpers.frame] Detected that custom integration 'dreame_vacuum' sets an invalid entity ID: 'number.p50 pro ultra_room_14_wetness_level'. In most cases, entities should not set entity_id, but if they do, it should be a valid entity ID.. This will stop working in Home Assistant 2027.2.0, please create a bug report at https://github.com/Tasshack/dreame-vacuum/issues
2026-02-09 06:25:20.019 WARNING (MainThread) [homeassistant.helpers.frame] Detected that custom integration 'dreame_vacuum' sets an invalid entity ID: 'number.p50 pro ultra_room_15_wetness_level'. In most cases, entities should not set entity_id, but if they do, it should be a valid entity ID.. This will stop working in Home Assistant 2027.2.0, please create a bug report at https://github.com/Tasshack/dreame-vacuum/issues
2026-02-09 06:25:20.456 WARNING (MainThread) [homeassistant.helpers.frame] Detected that custom integration 'dreame_vacuum' sets an invalid entity ID: 'select.p50 pro ultra_room_1_suction_level'. In most cases, entities should not set entity_id, but if they do, it should be a valid entity ID.. This will stop working in Home Assistant 2027.2.0, please create a bug report at https://github.com/Tasshack/dreame-vacuum/issues
2026-02-09 06:25:20.457 WARNING (MainThread) [homeassistant.helpers.frame] Detected that custom integration 'dreame_vacuum' sets an invalid entity ID: 'select.p50 pro ultra_room_1_mop_pad_humidity'. In most cases, entities should not set entity_id, but if they do, it should be a valid entity ID.. This will stop working in Home Assistant 2027.2.0, please create a bug report at https://github.com/Tasshack/dreame-vacuum/issues
2026-02-09 06:25:20.458 WARNING (MainThread) [homeassistant.helpers.frame] Detected that custom integration 'dreame_vacuum' sets an invalid entity ID: 'select.p50 pro ultra_room_1_cleaning_mode'. In most cases, entities should not set entity_id, but if they do, it should be a valid entity ID.. This will stop working in Home Assistant 2027.2.0, please create a bug report at https://github.com/Tasshack/dreame-vacuum/issues
2026-02-09 06:25:20.458 WARNING (MainThread) [homeassistant.helpers.frame] Detected that custom integration 'dreame_vacuum' sets an invalid entity ID: 'select.p50 pro ultra_room_1_cleaning_times'. In most cases, entities should not set entity_id, but if they do, it should be a valid entity ID.. This will stop working in Home Assistant 2027.2.0, please create a bug report at https://github.com/Tasshack/dreame-vacuum/issues
2026-02-09 06:25:20.459 WARNING (MainThread) [homeassistant.helpers.frame] Detected that custom integration 'dreame_vacuum' sets an invalid entity ID: 'select.p50 pro ultra_room_1_cleaning_route'. In most cases, entities should not set entity_id, but if they do, it should be a valid entity ID.. This will stop working in Home Assistant 2027.2.0, please create a bug report at https://github.com/Tasshack/dreame-vacuum/issues
2026-02-09 06:25:20.459 WARNING (MainThread) [homeassistant.helpers.frame] Detected that custom integration 'dreame_vacuum' sets an invalid entity ID: 'select.p50 pro ultra_room_1_order'. In most cases, entities should not set entity_id, but if they do, it should be a valid entity ID.. This will stop working in Home Assistant 2027.2.0, please create a bug report at https://github.com/Tasshack/dreame-vacuum/issues
2026-02-09 06:25:20.460 WARNING (MainThread) [homeassistant.helpers.frame] Detected that custom integration 'dreame_vacuum' sets an invalid entity ID: 'select.p50 pro ultra_room_1_floor_material'. In most cases, entities should not set entity_id, but if they do, it should be a valid entity ID.. This will stop working in Home Assistant 2027.2.0, please create a bug report at https://github.com/Tasshack/dreame-vacuum/issues
2026-02-09 06:25:20.460 WARNING (MainThread) [homeassistant.helpers.frame] Detected that custom integration 'dreame_vacuum' sets an invalid entity ID: 'select.p50 pro ultra_room_1_floor_material_direction'. In most cases, entities should not set entity_id, but if they do, it should be a valid entity ID.. This will stop working in Home Assistant 2027.2.0, please create a bug report at https://github.com/Tasshack/dreame-vacuum/issues
2026-02-09 06:25:20.461 WARNING (MainThread) [homeassistant.helpers.frame] Detected that custom integration 'dreame_vacuum' sets an invalid entity ID: 'select.p50 pro ultra_room_1_visibility'. In most cases, entities should not set entity_id, but if they do, it should be a valid entity ID.. This will stop working in Home Assistant 2027.2.0, please create a bug report at https://github.com/Tasshack/dreame-vacuum/issues
2026-02-09 06:25:20.461 WARNING (MainThread) [homeassistant.helpers.frame] Detected that custom integration 'dreame_vacuum' sets an invalid entity ID: 'select.p50 pro ultra_room_1_name'. In most cases, entities should not set entity_id, but if they do, it should be a valid entity ID.. This will stop working in Home Assistant 2027.2.0, please create a bug report at https://github.com/Tasshack/dreame-vacuum/issues
2026-02-09 06:25:20.462 WARNING (MainThread) [homeassistant.helpers.frame] Detected that custom integration 'dreame_vacuum' sets an invalid entity ID: 'select.p50 pro ultra_room_2_suction_level'. In most cases, entities should not set entity_id, but if they do, it should be a valid entity ID.. This will stop working in Home Assistant 2027.2.0, please create a bug report at https://github.com/Tasshack/dreame-vacuum/issues
2026-02-09 06:25:20.462 WARNING (MainThread) [homeassistant.helpers.frame] Detected that custom integration 'dreame_vacuum' sets an invalid entity ID: 'select.p50 pro ultra_room_2_mop_pad_humidity'. In most cases, entities should not set entity_id, but if they do, it should be a valid entity ID.. This will stop working in Home Assistant 2027.2.0, please create a bug report at https://github.com/Tasshack/dreame-vacuum/issues
2026-02-09 06:25:20.463 WARNING (MainThread) [homeassistant.helpers.frame] Detected that custom integration 'dreame_vacuum' sets an invalid entity ID: 'select.p50 pro ultra_room_2_cleaning_mode'. In most cases, entities should not set entity_id, but if they do, it should be a valid entity ID.. This will stop working in Home Assistant 2027.2.0, please create a bug report at https://github.com/Tasshack/dreame-vacuum/issues
2026-02-09 06:25:20.473 WARNING (MainThread) [homeassistant.helpers.frame] Detected that custom integration 'dreame_vacuum' sets an invalid entity ID: 'select.p50 pro ultra_room_2_cleaning_times'. In most cases, entities should not set entity_id, but if they do, it should be a valid entity ID.. This will stop working in Home Assistant 2027.2.0, please create a bug report at https://github.com/Tasshack/dreame-vacuum/issues
2026-02-09 06:25:20.474 WARNING (MainThread) [homeassistant.helpers.frame] Detected that custom integration 'dreame_vacuum' sets an invalid entity ID: 'select.p50 pro ultra_room_2_cleaning_route'. In most cases, entities should not set entity_id, but if they do, it should be a valid entity ID.. This will stop working in Home Assistant 2027.2.0, please create a bug report at https://github.com/Tasshack/dreame-vacuum/issues
2026-02-09 06:25:20.474 WARNING (MainThread) [homeassistant.helpers.frame] Detected that custom integration 'dreame_vacuum' sets an invalid entity ID: 'select.p50 pro ultra_room_2_order'. In most cases, entities should not set entity_id, but if they do, it should be a valid entity ID.. This will stop working in Home Assistant 2027.2.0, please create a bug report at https://github.com/Tasshack/dreame-vacuum/issues
2026-02-09 06:25:20.475 WARNING (MainThread) [homeassistant.helpers.frame] Detected that custom integration 'dreame_vacuum' sets an invalid entity ID: 'select.p50 pro ultra_room_2_floor_material'. In most cases, entities should not set entity_id, but if they do, it should be a valid entity ID.. This will stop working in Home Assistant 2027.2.0, please create a bug report at https://github.com/Tasshack/dreame-vacuum/issues
2026-02-09 06:25:20.476 WARNING (MainThread) [homeassistant.helpers.frame] Detected that custom integration 'dreame_vacuum' sets an invalid entity ID: 'select.p50 pro ultra_room_2_floor_material_direction'. In most cases, entities should not set entity_id, but if they do, it should be a valid entity ID.. This will stop working in Home Assistant 2027.2.0, please create a bug report at https://github.com/Tasshack/dreame-vacuum/issues
2026-02-09 06:25:20.476 WARNING (MainThread) [homeassistant.helpers.frame] Detected that custom integration 'dreame_vacuum' sets an invalid entity ID: 'select.p50 pro ultra_room_2_visibility'. In most cases, entities should not set entity_id, but if they do, it should be a valid entity ID.. This will stop working in Home Assistant 2027.2.0, please create a bug report at https://github.com/Tasshack/dreame-vacuum/issues
2026-02-09 06:25:20.477 WARNING (MainThread) [homeassistant.helpers.frame] Detected that custom integration 'dreame_vacuum' sets an invalid entity ID: 'select.p50 pro ultra_room_2_name'. In most cases, entities should not set entity_id, but if they do, it should be a valid entity ID.. This will stop working in Home Assistant 2027.2.0, please create a bug report at https://github.com/Tasshack/dreame-vacuum/issues
2026-02-09 06:25:20.478 WARNING (MainThread) [homeassistant.helpers.frame] Detected that custom integration 'dreame_vacuum' sets an invalid entity ID: 'select.p50 pro ultra_room_3_suction_level'. In most cases, entities should not set entity_id, but if they do, it should be a valid entity ID.. This will stop working in Home Assistant 2027.2.0, please create a bug report at https://github.com/Tasshack/dreame-vacuum/issues
2026-02-09 06:25:20.478 WARNING (MainThread) [homeassistant.helpers.frame] Detected that custom integration 'dreame_vacuum' sets an invalid entity ID: 'select.p50 pro ultra_room_3_mop_pad_humidity'. In most cases, entities should not set entity_id, but if they do, it should be a valid entity ID.. This will stop working in Home Assistant 2027.2.0, please create a bug report at https://github.com/Tasshack/dreame-vacuum/issues
2026-02-09 06:25:20.479 WARNING (MainThread) [homeassistant.helpers.frame] Detected that custom integration 'dreame_vacuum' sets an invalid entity ID: 'select.p50 pro ultra_room_3_cleaning_mode'. In most cases, entities should not set entity_id, but if they do, it should be a valid entity ID.. This will stop working in Home Assistant 2027.2.0, please create a bug report at https://github.com/Tasshack/dreame-vacuum/issues
2026-02-09 06:25:20.479 WARNING (MainThread) [homeassistant.helpers.frame] Detected that custom integration 'dreame_vacuum' sets an invalid entity ID: 'select.p50 pro ultra_room_3_cleaning_times'. In most cases, entities should not set entity_id, but if they do, it should be a valid entity ID.. This will stop working in Home Assistant 2027.2.0, please create a bug report at https://github.com/Tasshack/dreame-vacuum/issues
2026-02-09 06:25:20.480 WARNING (MainThread) [homeassistant.helpers.frame] Detected that custom integration 'dreame_vacuum' sets an invalid entity ID: 'select.p50 pro ultra_room_3_cleaning_route'. In most cases, entities should not set entity_id, but if they do, it should be a valid entity ID.. This will stop working in Home Assistant 2027.2.0, please create a bug report at https://github.com/Tasshack/dreame-vacuum/issues
2026-02-09 06:25:20.514 WARNING (MainThread) [homeassistant.helpers.frame] Detected that custom integration 'dreame_vacuum' sets an invalid entity ID: 'select.p50 pro ultra_room_3_order'. In most cases, entities should not set entity_id, but if they do, it should be a valid entity ID.. This will stop working in Home Assistant 2027.2.0, please create a bug report at https://github.com/Tasshack/dreame-vacuum/issues
2026-02-09 06:25:20.514 WARNING (MainThread) [homeassistant.helpers.frame] Detected that custom integration 'dreame_vacuum' sets an invalid entity ID: 'select.p50 pro ultra_room_3_floor_material'. In most cases, entities should not set entity_id, but if they do, it should be a valid entity ID.. This will stop working in Home Assistant 2027.2.0, please create a bug report at https://github.com/Tasshack/dreame-vacuum/issues
2026-02-09 06:25:20.515 WARNING (MainThread) [homeassistant.helpers.frame] Detected that custom integration 'dreame_vacuum' sets an invalid entity ID: 'select.p50 pro ultra_room_3_floor_material_direction'. In most cases, entities should not set entity_id, but if they do, it should be a valid entity ID.. This will stop working in Home Assistant 2027.2.0, please create a bug report at https://github.com/Tasshack/dreame-vacuum/issues
2026-02-09 06:25:20.516 WARNING (MainThread) [homeassistant.helpers.frame] Detected that custom integration 'dreame_vacuum' sets an invalid entity ID: 'select.p50 pro ultra_room_3_visibility'. In most cases, entities should not set entity_id, but if they do, it should be a valid entity ID.. This will stop working in Home Assistant 2027.2.0, please create a bug report at https://github.com/Tasshack/dreame-vacuum/issues
2026-02-09 06:25:20.516 WARNING (MainThread) [homeassistant.helpers.frame] Detected that custom integration 'dreame_vacuum' sets an invalid entity ID: 'select.p50 pro ultra_room_3_name'. In most cases, entities should not set entity_id, but if they do, it should be a valid entity ID.. This will stop working in Home Assistant 2027.2.0, please create a bug report at https://github.com/Tasshack/dreame-vacuum/issues
2026-02-09 06:25:20.517 WARNING (MainThread) [homeassistant.helpers.frame] Detected that custom integration 'dreame_vacuum' sets an invalid entity ID: 'select.p50 pro ultra_room_4_suction_level'. In most cases, entities should not set entity_id, but if they do, it should be a valid entity ID.. This will stop working in Home Assistant 2027.2.0, please create a bug report at https://github.com/Tasshack/dreame-vacuum/issues
2026-02-09 06:25:20.517 WARNING (MainThread) [homeassistant.helpers.frame] Detected that custom integration 'dreame_vacuum' sets an invalid entity ID: 'select.p50 pro ultra_room_4_mop_pad_humidity'. In most cases, entities should not set entity_id, but if they do, it should be a valid entity ID.. This will stop working in Home Assistant 2027.2.0, please create a bug report at https://github.com/Tasshack/dreame-vacuum/issues
2026-02-09 06:25:20.518 WARNING (MainThread) [homeassistant.helpers.frame] Detected that custom integration 'dreame_vacuum' sets an invalid entity ID: 'select.p50 pro ultra_room_4_cleaning_mode'. In most cases, entities should not set entity_id, but if they do, it should be a valid entity ID.. This will stop working in Home Assistant 2027.2.0, please create a bug report at https://github.com/Tasshack/dreame-vacuum/issues
2026-02-09 06:25:20.526 WARNING (MainThread) [homeassistant.helpers.frame] Detected that custom integration 'dreame_vacuum' sets an invalid entity ID: 'select.p50 pro ultra_room_4_cleaning_times'. In most cases, entities should not set entity_id, but if they do, it should be a valid entity ID.. This will stop working in Home Assistant 2027.2.0, please create a bug report at https://github.com/Tasshack/dreame-vacuum/issues
2026-02-09 06:25:20.527 WARNING (MainThread) [homeassistant.helpers.frame] Detected that custom integration 'dreame_vacuum' sets an invalid entity ID: 'select.p50 pro ultra_room_4_cleaning_route'. In most cases, entities should not set entity_id, but if they do, it should be a valid entity ID.. This will stop working in Home Assistant 2027.2.0, please create a bug report at https://github.com/Tasshack/dreame-vacuum/issues
2026-02-09 06:25:20.528 WARNING (MainThread) [homeassistant.helpers.frame] Detected that custom integration 'dreame_vacuum' sets an invalid entity ID: 'select.p50 pro ultra_room_4_order'. In most cases, entities should not set entity_id, but if they do, it should be a valid entity ID.. This will stop working in Home Assistant 2027.2.0, please create a bug report at https://github.com/Tasshack/dreame-vacuum/issues
2026-02-09 06:25:20.528 WARNING (MainThread) [homeassistant.helpers.frame] Detected that custom integration 'dreame_vacuum' sets an invalid entity ID: 'select.p50 pro ultra_room_4_floor_material'. In most cases, entities should not set entity_id, but if they do, it should be a valid entity ID.. This will stop working in Home Assistant 2027.2.0, please create a bug report at https://github.com/Tasshack/dreame-vacuum/issues
2026-02-09 06:25:20.529 WARNING (MainThread) [homeassistant.helpers.frame] Detected that custom integration 'dreame_vacuum' sets an invalid entity ID: 'select.p50 pro ultra_room_4_floor_material_direction'. In most cases, entities should not set entity_id, but if they do, it should be a valid entity ID.. This will stop working in Home Assistant 2027.2.0, please create a bug report at https://github.com/Tasshack/dreame-vacuum/issues
2026-02-09 06:25:20.530 WARNING (MainThread) [homeassistant.helpers.frame] Detected that custom integration 'dreame_vacuum' sets an invalid entity ID: 'select.p50 pro ultra_room_4_visibility'. In most cases, entities should not set entity_id, but if they do, it should be a valid entity ID.. This will stop working in Home Assistant 2027.2.0, please create a bug report at https://github.com/Tasshack/dreame-vacuum/issues
2026-02-09 06:25:20.530 WARNING (MainThread) [homeassistant.helpers.frame] Detected that custom integration 'dreame_vacuum' sets an invalid entity ID: 'select.p50 pro ultra_room_4_name'. In most cases, entities should not set entity_id, but if they do, it should be a valid entity ID.. This will stop working in Home Assistant 2027.2.0, please create a bug report at https://github.com/Tasshack/dreame-vacuum/issues
2026-02-09 06:25:20.539 WARNING (MainThread) [homeassistant.helpers.frame] Detected that custom integration 'dreame_vacuum' sets an invalid entity ID: 'select.p50 pro ultra_room_5_suction_level'. In most cases, entities should not set entity_id, but if they do, it should be a valid entity ID.. This will stop working in Home Assistant 2027.2.0, please create a bug report at https://github.com/Tasshack/dreame-vacuum/issues
2026-02-09 06:25:20.540 WARNING (MainThread) [homeassistant.helpers.frame] Detected that custom integration 'dreame_vacuum' sets an invalid entity ID: 'select.p50 pro ultra_room_5_mop_pad_humidity'. In most cases, entities should not set entity_id, but if they do, it should be a valid entity ID.. This will stop working in Home Assistant 2027.2.0, please create a bug report at https://github.com/Tasshack/dreame-vacuum/issues
2026-02-09 06:25:20.540 WARNING (MainThread) [homeassistant.helpers.frame] Detected that custom integration 'dreame_vacuum' sets an invalid entity ID: 'select.p50 pro ultra_room_5_cleaning_mode'. In most cases, entities should not set entity_id, but if they do, it should be a valid entity ID.. This will stop working in Home Assistant 2027.2.0, please create a bug report at https://github.com/Tasshack/dreame-vacuum/issues
2026-02-09 06:25:20.541 WARNING (MainThread) [homeassistant.helpers.frame] Detected that custom integration 'dreame_vacuum' sets an invalid entity ID: 'select.p50 pro ultra_room_5_cleaning_times'. In most cases, entities should not set entity_id, but if they do, it should be a valid entity ID.. This will stop working in Home Assistant 2027.2.0, please create a bug report at https://github.com/Tasshack/dreame-vacuum/issues
2026-02-09 06:25:20.541 WARNING (MainThread) [homeassistant.helpers.frame] Detected that custom integration 'dreame_vacuum' sets an invalid entity ID: 'select.p50 pro ultra_room_5_cleaning_route'. In most cases, entities should not set entity_id, but if they do, it should be a valid entity ID.. This will stop working in Home Assistant 2027.2.0, please create a bug report at https://github.com/Tasshack/dreame-vacuum/issues
2026-02-09 06:25:20.542 WARNING (MainThread) [homeassistant.helpers.frame] Detected that custom integration 'dreame_vacuum' sets an invalid entity ID: 'select.p50 pro ultra_room_5_order'. In most cases, entities should not set entity_id, but if they do, it should be a valid entity ID.. This will stop working in Home Assistant 2027.2.0, please create a bug report at https://github.com/Tasshack/dreame-vacuum/issues
2026-02-09 06:25:20.543 WARNING (MainThread) [homeassistant.helpers.frame] Detected that custom integration 'dreame_vacuum' sets an invalid entity ID: 'select.p50 pro ultra_room_5_floor_material'. In most cases, entities should not set entity_id, but if they do, it should be a valid entity ID.. This will stop working in Home Assistant 2027.2.0, please create a bug report at https://github.com/Tasshack/dreame-vacuum/issues
2026-02-09 06:25:20.543 WARNING (MainThread) [homeassistant.helpers.frame] Detected that custom integration 'dreame_vacuum' sets an invalid entity ID: 'select.p50 pro ultra_room_5_floor_material_direction'. In most cases, entities should not set entity_id, but if they do, it should be a valid entity ID.. This will stop working in Home Assistant 2027.2.0, please create a bug report at https://github.com/Tasshack/dreame-vacuum/issues
2026-02-09 06:25:20.544 WARNING (MainThread) [homeassistant.helpers.frame] Detected that custom integration 'dreame_vacuum' sets an invalid entity ID: 'select.p50 pro ultra_room_5_visibility'. In most cases, entities should not set entity_id, but if they do, it should be a valid entity ID.. This will stop working in Home Assistant 2027.2.0, please create a bug report at https://github.com/Tasshack/dreame-vacuum/issues
2026-02-09 06:25:20.548 WARNING (MainThread) [homeassistant.helpers.frame] Detected that custom integration 'dreame_vacuum' sets an invalid entity ID: 'select.p50 pro ultra_room_5_name'. In most cases, entities should not set entity_id, but if they do, it should be a valid entity ID.. This will stop working in Home Assistant 2027.2.0, please create a bug report at https://github.com/Tasshack/dreame-vacuum/issues
2026-02-09 06:25:20.549 WARNING (MainThread) [homeassistant.helpers.frame] Detected that custom integration 'dreame_vacuum' sets an invalid entity ID: 'select.p50 pro ultra_room_6_suction_level'. In most cases, entities should not set entity_id, but if they do, it should be a valid entity ID.. This will stop working in Home Assistant 2027.2.0, please create a bug report at https://github.com/Tasshack/dreame-vacuum/issues
2026-02-09 06:25:20.549 WARNING (MainThread) [homeassistant.helpers.frame] Detected that custom integration 'dreame_vacuum' sets an invalid entity ID: 'select.p50 pro ultra_room_6_mop_pad_humidity'. In most cases, entities should not set entity_id, but if they do, it should be a valid entity ID.. This will stop working in Home Assistant 2027.2.0, please create a bug report at https://github.com/Tasshack/dreame-vacuum/issues
2026-02-09 06:25:20.550 WARNING (MainThread) [homeassistant.helpers.frame] Detected that custom integration 'dreame_vacuum' sets an invalid entity ID: 'select.p50 pro ultra_room_6_cleaning_mode'. In most cases, entities should not set entity_id, but if they do, it should be a valid entity ID.. This will stop working in Home Assistant 2027.2.0, please create a bug report at https://github.com/Tasshack/dreame-vacuum/issues
2026-02-09 06:25:20.550 WARNING (MainThread) [homeassistant.helpers.frame] Detected that custom integration 'dreame_vacuum' sets an invalid entity ID: 'select.p50 pro ultra_room_6_cleaning_times'. In most cases, entities should not set entity_id, but if they do, it should be a valid entity ID.. This will stop working in Home Assistant 2027.2.0, please create a bug report at https://github.com/Tasshack/dreame-vacuum/issues
2026-02-09 06:25:20.551 WARNING (MainThread) [homeassistant.helpers.frame] Detected that custom integration 'dreame_vacuum' sets an invalid entity ID: 'select.p50 pro ultra_room_6_cleaning_route'. In most cases, entities should not set entity_id, but if they do, it should be a valid entity ID.. This will stop working in Home Assistant 2027.2.0, please create a bug report at https://github.com/Tasshack/dreame-vacuum/issues
2026-02-09 06:25:20.551 WARNING (MainThread) [homeassistant.helpers.frame] Detected that custom integration 'dreame_vacuum' sets an invalid entity ID: 'select.p50 pro ultra_room_6_order'. In most cases, entities should not set entity_id, but if they do, it should be a valid entity ID.. This will stop working in Home Assistant 2027.2.0, please create a bug report at https://github.com/Tasshack/dreame-vacuum/issues
2026-02-09 06:25:20.552 WARNING (MainThread) [homeassistant.helpers.frame] Detected that custom integration 'dreame_vacuum' sets an invalid entity ID: 'select.p50 pro ultra_room_6_floor_material'. In most cases, entities should not set entity_id, but if they do, it should be a valid entity ID.. This will stop working in Home Assistant 2027.2.0, please create a bug report at https://github.com/Tasshack/dreame-vacuum/issues
2026-02-09 06:25:20.554 WARNING (MainThread) [homeassistant.helpers.frame] Detected that custom integration 'dreame_vacuum' sets an invalid entity ID: 'select.p50 pro ultra_room_6_floor_material_direction'. In most cases, entities should not set entity_id, but if they do, it should be a valid entity ID.. This will stop working in Home Assistant 2027.2.0, please create a bug report at https://github.com/Tasshack/dreame-vacuum/issues
2026-02-09 06:25:20.555 WARNING (MainThread) [homeassistant.helpers.frame] Detected that custom integration 'dreame_vacuum' sets an invalid entity ID: 'select.p50 pro ultra_room_6_visibility'. In most cases, entities should not set entity_id, but if they do, it should be a valid entity ID.. This will stop working in Home Assistant 2027.2.0, please create a bug report at https://github.com/Tasshack/dreame-vacuum/issues
2026-02-09 06:25:20.555 WARNING (MainThread) [homeassistant.helpers.frame] Detected that custom integration 'dreame_vacuum' sets an invalid entity ID: 'select.p50 pro ultra_room_6_name'. In most cases, entities should not set entity_id, but if they do, it should be a valid entity ID.. This will stop working in Home Assistant 2027.2.0, please create a bug report at https://github.com/Tasshack/dreame-vacuum/issues
2026-02-09 06:25:20.556 WARNING (MainThread) [homeassistant.helpers.frame] Detected that custom integration 'dreame_vacuum' sets an invalid entity ID: 'select.p50 pro ultra_room_7_suction_level'. In most cases, entities should not set entity_id, but if they do, it should be a valid entity ID.. This will stop working in Home Assistant 2027.2.0, please create a bug report at https://github.com/Tasshack/dreame-vacuum/issues
2026-02-09 06:25:20.557 WARNING (MainThread) [homeassistant.helpers.frame] Detected that custom integration 'dreame_vacuum' sets an invalid entity ID: 'select.p50 pro ultra_room_7_mop_pad_humidity'. In most cases, entities should not set entity_id, but if they do, it should be a valid entity ID.. This will stop working in Home Assistant 2027.2.0, please create a bug report at https://github.com/Tasshack/dreame-vacuum/issues
2026-02-09 06:25:20.557 WARNING (MainThread) [homeassistant.helpers.frame] Detected that custom integration 'dreame_vacuum' sets an invalid entity ID: 'select.p50 pro ultra_room_7_cleaning_mode'. In most cases, entities should not set entity_id, but if they do, it should be a valid entity ID.. This will stop working in Home Assistant 2027.2.0, please create a bug report at https://github.com/Tasshack/dreame-vacuum/issues
2026-02-09 06:25:20.558 WARNING (MainThread) [homeassistant.helpers.frame] Detected that custom integration 'dreame_vacuum' sets an invalid entity ID: 'select.p50 pro ultra_room_7_cleaning_times'. In most cases, entities should not set entity_id, but if they do, it should be a valid entity ID.. This will stop working in Home Assistant 2027.2.0, please create a bug report at https://github.com/Tasshack/dreame-vacuum/issues
2026-02-09 06:25:20.559 WARNING (MainThread) [homeassistant.helpers.frame] Detected that custom integration 'dreame_vacuum' sets an invalid entity ID: 'select.p50 pro ultra_room_7_cleaning_route'. In most cases, entities should not set entity_id, but if they do, it should be a valid entity ID.. This will stop working in Home Assistant 2027.2.0, please create a bug report at https://github.com/Tasshack/dreame-vacuum/issues
2026-02-09 06:25:20.559 WARNING (MainThread) [homeassistant.helpers.frame] Detected that custom integration 'dreame_vacuum' sets an invalid entity ID: 'select.p50 pro ultra_room_7_order'. In most cases, entities should not set entity_id, but if they do, it should be a valid entity ID.. This will stop working in Home Assistant 2027.2.0, please create a bug report at https://github.com/Tasshack/dreame-vacuum/issues
2026-02-09 06:25:20.560 WARNING (MainThread) [homeassistant.helpers.frame] Detected that custom integration 'dreame_vacuum' sets an invalid entity ID: 'select.p50 pro ultra_room_7_floor_material'. In most cases, entities should not set entity_id, but if they do, it should be a valid entity ID.. This will stop working in Home Assistant 2027.2.0, please create a bug report at https://github.com/Tasshack/dreame-vacuum/issues
2026-02-09 06:25:20.560 WARNING (MainThread) [homeassistant.helpers.frame] Detected that custom integration 'dreame_vacuum' sets an invalid entity ID: 'select.p50 pro ultra_room_7_floor_material_direction'. In most cases, entities should not set entity_id, but if they do, it should be a valid entity ID.. This will stop working in Home Assistant 2027.2.0, please create a bug report at https://github.com/Tasshack/dreame-vacuum/issues
2026-02-09 06:25:20.561 WARNING (MainThread) [homeassistant.helpers.frame] Detected that custom integration 'dreame_vacuum' sets an invalid entity ID: 'select.p50 pro ultra_room_7_visibility'. In most cases, entities should not set entity_id, but if they do, it should be a valid entity ID.. This will stop working in Home Assistant 2027.2.0, please create a bug report at https://github.com/Tasshack/dreame-vacuum/issues
2026-02-09 06:25:20.561 WARNING (MainThread) [homeassistant.helpers.frame] Detected that custom integration 'dreame_vacuum' sets an invalid entity ID: 'select.p50 pro ultra_room_7_name'. In most cases, entities should not set entity_id, but if they do, it should be a valid entity ID.. This will stop working in Home Assistant 2027.2.0, please create a bug report at https://github.com/Tasshack/dreame-vacuum/issues
2026-02-09 06:25:20.562 WARNING (MainThread) [homeassistant.helpers.frame] Detected that custom integration 'dreame_vacuum' sets an invalid entity ID: 'select.p50 pro ultra_room_8_suction_level'. In most cases, entities should not set entity_id, but if they do, it should be a valid entity ID.. This will stop working in Home Assistant 2027.2.0, please create a bug report at https://github.com/Tasshack/dreame-vacuum/issues
2026-02-09 06:25:20.562 WARNING (MainThread) [homeassistant.helpers.frame] Detected that custom integration 'dreame_vacuum' sets an invalid entity ID: 'select.p50 pro ultra_room_8_mop_pad_humidity'. In most cases, entities should not set entity_id, but if they do, it should be a valid entity ID.. This will stop working in Home Assistant 2027.2.0, please create a bug report at https://github.com/Tasshack/dreame-vacuum/issues
2026-02-09 06:25:20.563 WARNING (MainThread) [homeassistant.helpers.frame] Detected that custom integration 'dreame_vacuum' sets an invalid entity ID: 'select.p50 pro ultra_room_8_cleaning_mode'. In most cases, entities should not set entity_id, but if they do, it should be a valid entity ID.. This will stop working in Home Assistant 2027.2.0, please create a bug report at https://github.com/Tasshack/dreame-vacuum/issues
2026-02-09 06:25:20.574 WARNING (MainThread) [homeassistant.helpers.frame] Detected that custom integration 'dreame_vacuum' sets an invalid entity ID: 'select.p50 pro ultra_room_8_cleaning_times'. In most cases, entities should not set entity_id, but if they do, it should be a valid entity ID.. This will stop working in Home Assistant 2027.2.0, please create a bug report at https://github.com/Tasshack/dreame-vacuum/issues
2026-02-09 06:25:20.575 WARNING (MainThread) [homeassistant.helpers.frame] Detected that custom integration 'dreame_vacuum' sets an invalid entity ID: 'select.p50 pro ultra_room_8_cleaning_route'. In most cases, entities should not set entity_id, but if they do, it should be a valid entity ID.. This will stop working in Home Assistant 2027.2.0, please create a bug report at https://github.com/Tasshack/dreame-vacuum/issues
2026-02-09 06:25:20.575 WARNING (MainThread) [homeassistant.helpers.frame] Detected that custom integration 'dreame_vacuum' sets an invalid entity ID: 'select.p50 pro ultra_room_8_order'. In most cases, entities should not set entity_id, but if they do, it should be a valid entity ID.. This will stop working in Home Assistant 2027.2.0, please create a bug report at https://github.com/Tasshack/dreame-vacuum/issues
2026-02-09 06:25:20.576 WARNING (MainThread) [homeassistant.helpers.frame] Detected that custom integration 'dreame_vacuum' sets an invalid entity ID: 'select.p50 pro ultra_room_8_floor_material'. In most cases, entities should not set entity_id, but if they do, it should be a valid entity ID.. This will stop working in Home Assistant 2027.2.0, please create a bug report at https://github.com/Tasshack/dreame-vacuum/issues
2026-02-09 06:25:20.576 WARNING (MainThread) [homeassistant.helpers.frame] Detected that custom integration 'dreame_vacuum' sets an invalid entity ID: 'select.p50 pro ultra_room_8_floor_material_direction'. In most cases, entities should not set entity_id, but if they do, it should be a valid entity ID.. This will stop working in Home Assistant 2027.2.0, please create a bug report at https://github.com/Tasshack/dreame-vacuum/issues
2026-02-09 06:25:20.577 WARNING (MainThread) [homeassistant.helpers.frame] Detected that custom integration 'dreame_vacuum' sets an invalid entity ID: 'select.p50 pro ultra_room_8_visibility'. In most cases, entities should not set entity_id, but if they do, it should be a valid entity ID.. This will stop working in Home Assistant 2027.2.0, please create a bug report at https://github.com/Tasshack/dreame-vacuum/issues
2026-02-09 06:25:20.578 WARNING (MainThread) [homeassistant.helpers.frame] Detected that custom integration 'dreame_vacuum' sets an invalid entity ID: 'select.p50 pro ultra_room_8_name'. In most cases, entities should not set entity_id, but if they do, it should be a valid entity ID.. This will stop working in Home Assistant 2027.2.0, please create a bug report at https://github.com/Tasshack/dreame-vacuum/issues
2026-02-09 06:25:20.580 WARNING (MainThread) [homeassistant.helpers.frame] Detected that custom integration 'dreame_vacuum' sets an invalid entity ID: 'select.p50 pro ultra_room_9_suction_level'. In most cases, entities should not set entity_id, but if they do, it should be a valid entity ID.. This will stop working in Home Assistant 2027.2.0, please create a bug report at https://github.com/Tasshack/dreame-vacuum/issues
2026-02-09 06:25:20.581 WARNING (MainThread) [homeassistant.helpers.frame] Detected that custom integration 'dreame_vacuum' sets an invalid entity ID: 'select.p50 pro ultra_room_9_mop_pad_humidity'. In most cases, entities should not set entity_id, but if they do, it should be a valid entity ID.. This will stop working in Home Assistant 2027.2.0, please create a bug report at https://github.com/Tasshack/dreame-vacuum/issues
2026-02-09 06:25:20.582 WARNING (MainThread) [homeassistant.helpers.frame] Detected that custom integration 'dreame_vacuum' sets an invalid entity ID: 'select.p50 pro ultra_room_9_cleaning_mode'. In most cases, entities should not set entity_id, but if they do, it should be a valid entity ID.. This will stop working in Home Assistant 2027.2.0, please create a bug report at https://github.com/Tasshack/dreame-vacuum/issues
2026-02-09 06:25:20.583 WARNING (MainThread) [homeassistant.helpers.frame] Detected that custom integration 'dreame_vacuum' sets an invalid entity ID: 'select.p50 pro ultra_room_9_cleaning_times'. In most cases, entities should not set entity_id, but if they do, it should be a valid entity ID.. This will stop working in Home Assistant 2027.2.0, please create a bug report at https://github.com/Tasshack/dreame-vacuum/issues
2026-02-09 06:25:20.584 WARNING (MainThread) [homeassistant.helpers.frame] Detected that custom integration 'dreame_vacuum' sets an invalid entity ID: 'select.p50 pro ultra_room_9_cleaning_route'. In most cases, entities should not set entity_id, but if they do, it should be a valid entity ID.. This will stop working in Home Assistant 2027.2.0, please create a bug report at https://github.com/Tasshack/dreame-vacuum/issues
2026-02-09 06:25:20.584 WARNING (MainThread) [homeassistant.helpers.frame] Detected that custom integration 'dreame_vacuum' sets an invalid entity ID: 'select.p50 pro ultra_room_9_order'. In most cases, entities should not set entity_id, but if they do, it should be a valid entity ID.. This will stop working in Home Assistant 2027.2.0, please create a bug report at https://github.com/Tasshack/dreame-vacuum/issues
2026-02-09 06:25:20.585 WARNING (MainThread) [homeassistant.helpers.frame] Detected that custom integration 'dreame_vacuum' sets an invalid entity ID: 'select.p50 pro ultra_room_9_floor_material'. In most cases, entities should not set entity_id, but if they do, it should be a valid entity ID.. This will stop working in Home Assistant 2027.2.0, please create a bug report at https://github.com/Tasshack/dreame-vacuum/issues
2026-02-09 06:25:20.585 WARNING (MainThread) [homeassistant.helpers.frame] Detected that custom integration 'dreame_vacuum' sets an invalid entity ID: 'select.p50 pro ultra_room_9_floor_material_direction'. In most cases, entities should not set entity_id, but if they do, it should be a valid entity ID.. This will stop working in Home Assistant 2027.2.0, please create a bug report at https://github.com/Tasshack/dreame-vacuum/issues
2026-02-09 06:25:20.590 WARNING (MainThread) [homeassistant.helpers.frame] Detected that custom integration 'dreame_vacuum' sets an invalid entity ID: 'select.p50 pro ultra_room_9_visibility'. In most cases, entities should not set entity_id, but if they do, it should be a valid entity ID.. This will stop working in Home Assistant 2027.2.0, please create a bug report at https://github.com/Tasshack/dreame-vacuum/issues
2026-02-09 06:25:20.590 WARNING (MainThread) [homeassistant.helpers.frame] Detected that custom integration 'dreame_vacuum' sets an invalid entity ID: 'select.p50 pro ultra_room_9_name'. In most cases, entities should not set entity_id, but if they do, it should be a valid entity ID.. This will stop working in Home Assistant 2027.2.0, please create a bug report at https://github.com/Tasshack/dreame-vacuum/issues
2026-02-09 06:25:20.591 WARNING (MainThread) [homeassistant.helpers.frame] Detected that custom integration 'dreame_vacuum' sets an invalid entity ID: 'select.p50 pro ultra_room_10_suction_level'. In most cases, entities should not set entity_id, but if they do, it should be a valid entity ID.. This will stop working in Home Assistant 2027.2.0, please create a bug report at https://github.com/Tasshack/dreame-vacuum/issues
2026-02-09 06:25:20.591 WARNING (MainThread) [homeassistant.helpers.frame] Detected that custom integration 'dreame_vacuum' sets an invalid entity ID: 'select.p50 pro ultra_room_10_mop_pad_humidity'. In most cases, entities should not set entity_id, but if they do, it should be a valid entity ID.. This will stop working in Home Assistant 2027.2.0, please create a bug report at https://github.com/Tasshack/dreame-vacuum/issues
2026-02-09 06:25:20.592 WARNING (MainThread) [homeassistant.helpers.frame] Detected that custom integration 'dreame_vacuum' sets an invalid entity ID: 'select.p50 pro ultra_room_10_cleaning_mode'. In most cases, entities should not set entity_id, but if they do, it should be a valid entity ID.. This will stop working in Home Assistant 2027.2.0, please create a bug report at https://github.com/Tasshack/dreame-vacuum/issues
2026-02-09 06:25:20.593 WARNING (MainThread) [homeassistant.helpers.frame] Detected that custom integration 'dreame_vacuum' sets an invalid entity ID: 'select.p50 pro ultra_room_10_cleaning_times'. In most cases, entities should not set entity_id, but if they do, it should be a valid entity ID.. This will stop working in Home Assistant 2027.2.0, please create a bug report at https://github.com/Tasshack/dreame-vacuum/issues
2026-02-09 06:25:20.595 WARNING (MainThread) [homeassistant.helpers.frame] Detected that custom integration 'dreame_vacuum' sets an invalid entity ID: 'select.p50 pro ultra_room_10_cleaning_route'. In most cases, entities should not set entity_id, but if they do, it should be a valid entity ID.. This will stop working in Home Assistant 2027.2.0, please create a bug report at https://github.com/Tasshack/dreame-vacuum/issues
2026-02-09 06:25:20.596 WARNING (MainThread) [homeassistant.helpers.frame] Detected that custom integration 'dreame_vacuum' sets an invalid entity ID: 'select.p50 pro ultra_room_10_order'. In most cases, entities should not set entity_id, but if they do, it should be a valid entity ID.. This will stop working in Home Assistant 2027.2.0, please create a bug report at https://github.com/Tasshack/dreame-vacuum/issues
2026-02-09 06:25:20.596 WARNING (MainThread) [homeassistant.helpers.frame] Detected that custom integration 'dreame_vacuum' sets an invalid entity ID: 'select.p50 pro ultra_room_10_floor_material'. In most cases, entities should not set entity_id, but if they do, it should be a valid entity ID.. This will stop working in Home Assistant 2027.2.0, please create a bug report at https://github.com/Tasshack/dreame-vacuum/issues
2026-02-09 06:25:20.597 WARNING (MainThread) [homeassistant.helpers.frame] Detected that custom integration 'dreame_vacuum' sets an invalid entity ID: 'select.p50 pro ultra_room_10_floor_material_direction'. In most cases, entities should not set entity_id, but if they do, it should be a valid entity ID.. This will stop working in Home Assistant 2027.2.0, please create a bug report at https://github.com/Tasshack/dreame-vacuum/issues
2026-02-09 06:25:20.598 WARNING (MainThread) [homeassistant.helpers.frame] Detected that custom integration 'dreame_vacuum' sets an invalid entity ID: 'select.p50 pro ultra_room_10_visibility'. In most cases, entities should not set entity_id, but if they do, it should be a valid entity ID.. This will stop working in Home Assistant 2027.2.0, please create a bug report at https://github.com/Tasshack/dreame-vacuum/issues
2026-02-09 06:25:20.599 WARNING (MainThread) [homeassistant.helpers.frame] Detected that custom integration 'dreame_vacuum' sets an invalid entity ID: 'select.p50 pro ultra_room_10_name'. In most cases, entities should not set entity_id, but if they do, it should be a valid entity ID.. This will stop working in Home Assistant 2027.2.0, please create a bug report at https://github.com/Tasshack/dreame-vacuum/issues
2026-02-09 06:25:20.615 WARNING (MainThread) [homeassistant.helpers.frame] Detected that custom integration 'dreame_vacuum' sets an invalid entity ID: 'select.p50 pro ultra_room_11_suction_level'. In most cases, entities should not set entity_id, but if they do, it should be a valid entity ID.. This will stop working in Home Assistant 2027.2.0, please create a bug report at https://github.com/Tasshack/dreame-vacuum/issues
2026-02-09 06:25:20.616 WARNING (MainThread) [homeassistant.helpers.frame] Detected that custom integration 'dreame_vacuum' sets an invalid entity ID: 'select.p50 pro ultra_room_11_mop_pad_humidity'. In most cases, entities should not set entity_id, but if they do, it should be a valid entity ID.. This will stop working in Home Assistant 2027.2.0, please create a bug report at https://github.com/Tasshack/dreame-vacuum/issues
2026-02-09 06:25:20.616 WARNING (MainThread) [homeassistant.helpers.frame] Detected that custom integration 'dreame_vacuum' sets an invalid entity ID: 'select.p50 pro ultra_room_11_cleaning_mode'. In most cases, entities should not set entity_id, but if they do, it should be a valid entity ID.. This will stop working in Home Assistant 2027.2.0, please create a bug report at https://github.com/Tasshack/dreame-vacuum/issues
2026-02-09 06:25:20.617 WARNING (MainThread) [homeassistant.helpers.frame] Detected that custom integration 'dreame_vacuum' sets an invalid entity ID: 'select.p50 pro ultra_room_11_cleaning_times'. In most cases, entities should not set entity_id, but if they do, it should be a valid entity ID.. This will stop working in Home Assistant 2027.2.0, please create a bug report at https://github.com/Tasshack/dreame-vacuum/issues
2026-02-09 06:25:20.618 WARNING (MainThread) [homeassistant.helpers.frame] Detected that custom integration 'dreame_vacuum' sets an invalid entity ID: 'select.p50 pro ultra_room_11_cleaning_route'. In most cases, entities should not set entity_id, but if they do, it should be a valid entity ID.. This will stop working in Home Assistant 2027.2.0, please create a bug report at https://github.com/Tasshack/dreame-vacuum/issues
2026-02-09 06:25:20.619 WARNING (MainThread) [homeassistant.helpers.frame] Detected that custom integration 'dreame_vacuum' sets an invalid entity ID: 'select.p50 pro ultra_room_11_order'. In most cases, entities should not set entity_id, but if they do, it should be a valid entity ID.. This will stop working in Home Assistant 2027.2.0, please create a bug report at https://github.com/Tasshack/dreame-vacuum/issues
2026-02-09 06:25:20.628 WARNING (MainThread) [homeassistant.helpers.frame] Detected that custom integration 'dreame_vacuum' sets an invalid entity ID: 'select.p50 pro ultra_room_11_floor_material'. In most cases, entities should not set entity_id, but if they do, it should be a valid entity ID.. This will stop working in Home Assistant 2027.2.0, please create a bug report at https://github.com/Tasshack/dreame-vacuum/issues
2026-02-09 06:25:20.629 WARNING (MainThread) [homeassistant.helpers.frame] Detected that custom integration 'dreame_vacuum' sets an invalid entity ID: 'select.p50 pro ultra_room_11_floor_material_direction'. In most cases, entities should not set entity_id, but if they do, it should be a valid entity ID.. This will stop working in Home Assistant 2027.2.0, please create a bug report at https://github.com/Tasshack/dreame-vacuum/issues
2026-02-09 06:25:20.629 WARNING (MainThread) [homeassistant.helpers.frame] Detected that custom integration 'dreame_vacuum' sets an invalid entity ID: 'select.p50 pro ultra_room_11_visibility'. In most cases, entities should not set entity_id, but if they do, it should be a valid entity ID.. This will stop working in Home Assistant 2027.2.0, please create a bug report at https://github.com/Tasshack/dreame-vacuum/issues
2026-02-09 06:25:20.630 WARNING (MainThread) [homeassistant.helpers.frame] Detected that custom integration 'dreame_vacuum' sets an invalid entity ID: 'select.p50 pro ultra_room_11_name'. In most cases, entities should not set entity_id, but if they do, it should be a valid entity ID.. This will stop working in Home Assistant 2027.2.0, please create a bug report at https://github.com/Tasshack/dreame-vacuum/issues
2026-02-09 06:25:20.630 WARNING (MainThread) [homeassistant.helpers.frame] Detected that custom integration 'dreame_vacuum' sets an invalid entity ID: 'select.p50 pro ultra_room_12_suction_level'. In most cases, entities should not set entity_id, but if they do, it should be a valid entity ID.. This will stop working in Home Assistant 2027.2.0, please create a bug report at https://github.com/Tasshack/dreame-vacuum/issues
2026-02-09 06:25:20.631 WARNING (MainThread) [homeassistant.helpers.frame] Detected that custom integration 'dreame_vacuum' sets an invalid entity ID: 'select.p50 pro ultra_room_12_mop_pad_humidity'. In most cases, entities should not set entity_id, but if they do, it should be a valid entity ID.. This will stop working in Home Assistant 2027.2.0, please create a bug report at https://github.com/Tasshack/dreame-vacuum/issues
2026-02-09 06:25:20.632 WARNING (MainThread) [homeassistant.helpers.frame] Detected that custom integration 'dreame_vacuum' sets an invalid entity ID: 'select.p50 pro ultra_room_12_cleaning_mode'. In most cases, entities should not set entity_id, but if they do, it should be a valid entity ID.. This will stop working in Home Assistant 2027.2.0, please create a bug report at https://github.com/Tasshack/dreame-vacuum/issues
2026-02-09 06:25:20.668 WARNING (MainThread) [homeassistant.helpers.frame] Detected that custom integration 'dreame_vacuum' sets an invalid entity ID: 'select.p50 pro ultra_room_12_cleaning_times'. In most cases, entities should not set entity_id, but if they do, it should be a valid entity ID.. This will stop working in Home Assistant 2027.2.0, please create a bug report at https://github.com/Tasshack/dreame-vacuum/issues
2026-02-09 06:25:20.669 WARNING (MainThread) [homeassistant.helpers.frame] Detected that custom integration 'dreame_vacuum' sets an invalid entity ID: 'select.p50 pro ultra_room_12_cleaning_route'. In most cases, entities should not set entity_id, but if they do, it should be a valid entity ID.. This will stop working in Home Assistant 2027.2.0, please create a bug report at https://github.com/Tasshack/dreame-vacuum/issues
2026-02-09 06:25:20.670 WARNING (MainThread) [homeassistant.helpers.frame] Detected that custom integration 'dreame_vacuum' sets an invalid entity ID: 'select.p50 pro ultra_room_12_order'. In most cases, entities should not set entity_id, but if they do, it should be a valid entity ID.. This will stop working in Home Assistant 2027.2.0, please create a bug report at https://github.com/Tasshack/dreame-vacuum/issues
2026-02-09 06:25:20.671 WARNING (MainThread) [homeassistant.helpers.frame] Detected that custom integration 'dreame_vacuum' sets an invalid entity ID: 'select.p50 pro ultra_room_12_floor_material'. In most cases, entities should not set entity_id, but if they do, it should be a valid entity ID.. This will stop working in Home Assistant 2027.2.0, please create a bug report at https://github.com/Tasshack/dreame-vacuum/issues
2026-02-09 06:25:20.671 WARNING (MainThread) [homeassistant.helpers.frame] Detected that custom integration 'dreame_vacuum' sets an invalid entity ID: 'select.p50 pro ultra_room_12_floor_material_direction'. In most cases, entities should not set entity_id, but if they do, it should be a valid entity ID.. This will stop working in Home Assistant 2027.2.0, please create a bug report at https://github.com/Tasshack/dreame-vacuum/issues
2026-02-09 06:25:20.672 WARNING (MainThread) [homeassistant.helpers.frame] Detected that custom integration 'dreame_vacuum' sets an invalid entity ID: 'select.p50 pro ultra_room_12_visibility'. In most cases, entities should not set entity_id, but if they do, it should be a valid entity ID.. This will stop working in Home Assistant 2027.2.0, please create a bug report at https://github.com/Tasshack/dreame-vacuum/issues
2026-02-09 06:25:20.673 WARNING (MainThread) [homeassistant.helpers.frame] Detected that custom integration 'dreame_vacuum' sets an invalid entity ID: 'select.p50 pro ultra_room_12_name'. In most cases, entities should not set entity_id, but if they do, it should be a valid entity ID.. This will stop working in Home Assistant 2027.2.0, please create a bug report at https://github.com/Tasshack/dreame-vacuum/issues
2026-02-09 06:25:20.675 WARNING (MainThread) [homeassistant.helpers.frame] Detected that custom integration 'dreame_vacuum' sets an invalid entity ID: 'select.p50 pro ultra_room_13_suction_level'. In most cases, entities should not set entity_id, but if they do, it should be a valid entity ID.. This will stop working in Home Assistant 2027.2.0, please create a bug report at https://github.com/Tasshack/dreame-vacuum/issues
2026-02-09 06:25:20.676 WARNING (MainThread) [homeassistant.helpers.frame] Detected that custom integration 'dreame_vacuum' sets an invalid entity ID: 'select.p50 pro ultra_room_13_mop_pad_humidity'. In most cases, entities should not set entity_id, but if they do, it should be a valid entity ID.. This will stop working in Home Assistant 2027.2.0, please create a bug report at https://github.com/Tasshack/dreame-vacuum/issues
2026-02-09 06:25:20.676 WARNING (MainThread) [homeassistant.helpers.frame] Detected that custom integration 'dreame_vacuum' sets an invalid entity ID: 'select.p50 pro ultra_room_13_cleaning_mode'. In most cases, entities should not set entity_id, but if they do, it should be a valid entity ID.. This will stop working in Home Assistant 2027.2.0, please create a bug report at https://github.com/Tasshack/dreame-vacuum/issues
2026-02-09 06:25:20.677 WARNING (MainThread) [homeassistant.helpers.frame] Detected that custom integration 'dreame_vacuum' sets an invalid entity ID: 'select.p50 pro ultra_room_13_cleaning_times'. In most cases, entities should not set entity_id, but if they do, it should be a valid entity ID.. This will stop working in Home Assistant 2027.2.0, please create a bug report at https://github.com/Tasshack/dreame-vacuum/issues
2026-02-09 06:25:20.678 WARNING (MainThread) [homeassistant.helpers.frame] Detected that custom integration 'dreame_vacuum' sets an invalid entity ID: 'select.p50 pro ultra_room_13_cleaning_route'. In most cases, entities should not set entity_id, but if they do, it should be a valid entity ID.. This will stop working in Home Assistant 2027.2.0, please create a bug report at https://github.com/Tasshack/dreame-vacuum/issues
2026-02-09 06:25:20.678 WARNING (MainThread) [homeassistant.helpers.frame] Detected that custom integration 'dreame_vacuum' sets an invalid entity ID: 'select.p50 pro ultra_room_13_order'. In most cases, entities should not set entity_id, but if they do, it should be a valid entity ID.. This will stop working in Home Assistant 2027.2.0, please create a bug report at https://github.com/Tasshack/dreame-vacuum/issues
2026-02-09 06:25:20.679 WARNING (MainThread) [homeassistant.helpers.frame] Detected that custom integration 'dreame_vacuum' sets an invalid entity ID: 'select.p50 pro ultra_room_13_floor_material'. In most cases, entities should not set entity_id, but if they do, it should be a valid entity ID.. This will stop working in Home Assistant 2027.2.0, please create a bug report at https://github.com/Tasshack/dreame-vacuum/issues
2026-02-09 06:25:20.681 WARNING (MainThread) [homeassistant.helpers.frame] Detected that custom integration 'dreame_vacuum' sets an invalid entity ID: 'select.p50 pro ultra_room_13_floor_material_direction'. In most cases, entities should not set entity_id, but if they do, it should be a valid entity ID.. This will stop working in Home Assistant 2027.2.0, please create a bug report at https://github.com/Tasshack/dreame-vacuum/issues
2026-02-09 06:25:20.682 WARNING (MainThread) [homeassistant.helpers.frame] Detected that custom integration 'dreame_vacuum' sets an invalid entity ID: 'select.p50 pro ultra_room_13_visibility'. In most cases, entities should not set entity_id, but if they do, it should be a valid entity ID.. This will stop working in Home Assistant 2027.2.0, please create a bug report at https://github.com/Tasshack/dreame-vacuum/issues
2026-02-09 06:25:20.682 WARNING (MainThread) [homeassistant.helpers.frame] Detected that custom integration 'dreame_vacuum' sets an invalid entity ID: 'select.p50 pro ultra_room_13_name'. In most cases, entities should not set entity_id, but if they do, it should be a valid entity ID.. This will stop working in Home Assistant 2027.2.0, please create a bug report at https://github.com/Tasshack/dreame-vacuum/issues
2026-02-09 06:25:20.683 WARNING (MainThread) [homeassistant.helpers.frame] Detected that custom integration 'dreame_vacuum' sets an invalid entity ID: 'select.p50 pro ultra_room_14_suction_level'. In most cases, entities should not set entity_id, but if they do, it should be a valid entity ID.. This will stop working in Home Assistant 2027.2.0, please create a bug report at https://github.com/Tasshack/dreame-vacuum/issues
2026-02-09 06:25:20.684 WARNING (MainThread) [homeassistant.helpers.frame] Detected that custom integration 'dreame_vacuum' sets an invalid entity ID: 'select.p50 pro ultra_room_14_mop_pad_humidity'. In most cases, entities should not set entity_id, but if they do, it should be a valid entity ID.. This will stop working in Home Assistant 2027.2.0, please create a bug report at https://github.com/Tasshack/dreame-vacuum/issues
2026-02-09 06:25:20.685 WARNING (MainThread) [homeassistant.helpers.frame] Detected that custom integration 'dreame_vacuum' sets an invalid entity ID: 'select.p50 pro ultra_room_14_cleaning_mode'. In most cases, entities should not set entity_id, but if they do, it should be a valid entity ID.. This will stop working in Home Assistant 2027.2.0, please create a bug report at https://github.com/Tasshack/dreame-vacuum/issues
2026-02-09 06:25:20.685 WARNING (MainThread) [homeassistant.helpers.frame] Detected that custom integration 'dreame_vacuum' sets an invalid entity ID: 'select.p50 pro ultra_room_14_cleaning_times'. In most cases, entities should not set entity_id, but if they do, it should be a valid entity ID.. This will stop working in Home Assistant 2027.2.0, please create a bug report at https://github.com/Tasshack/dreame-vacuum/issues
2026-02-09 06:25:20.686 WARNING (MainThread) [homeassistant.helpers.frame] Detected that custom integration 'dreame_vacuum' sets an invalid entity ID: 'select.p50 pro ultra_room_14_cleaning_route'. In most cases, entities should not set entity_id, but if they do, it should be a valid entity ID.. This will stop working in Home Assistant 2027.2.0, please create a bug report at https://github.com/Tasshack/dreame-vacuum/issues
2026-02-09 06:25:20.687 WARNING (MainThread) [homeassistant.helpers.frame] Detected that custom integration 'dreame_vacuum' sets an invalid entity ID: 'select.p50 pro ultra_room_14_order'. In most cases, entities should not set entity_id, but if they do, it should be a valid entity ID.. This will stop working in Home Assistant 2027.2.0, please create a bug report at https://github.com/Tasshack/dreame-vacuum/issues
2026-02-09 06:25:20.688 WARNING (MainThread) [homeassistant.helpers.frame] Detected that custom integration 'dreame_vacuum' sets an invalid entity ID: 'select.p50 pro ultra_room_14_floor_material'. In most cases, entities should not set entity_id, but if they do, it should be a valid entity ID.. This will stop working in Home Assistant 2027.2.0, please create a bug report at https://github.com/Tasshack/dreame-vacuum/issues
2026-02-09 06:25:20.688 WARNING (MainThread) [homeassistant.helpers.frame] Detected that custom integration 'dreame_vacuum' sets an invalid entity ID: 'select.p50 pro ultra_room_14_floor_material_direction'. In most cases, entities should not set entity_id, but if they do, it should be a valid entity ID.. This will stop working in Home Assistant 2027.2.0, please create a bug report at https://github.com/Tasshack/dreame-vacuum/issues
2026-02-09 06:25:20.691 WARNING (MainThread) [homeassistant.helpers.frame] Detected that custom integration 'dreame_vacuum' sets an invalid entity ID: 'select.p50 pro ultra_room_14_visibility'. In most cases, entities should not set entity_id, but if they do, it should be a valid entity ID.. This will stop working in Home Assistant 2027.2.0, please create a bug report at https://github.com/Tasshack/dreame-vacuum/issues
2026-02-09 06:25:20.692 WARNING (MainThread) [homeassistant.helpers.frame] Detected that custom integration 'dreame_vacuum' sets an invalid entity ID: 'select.p50 pro ultra_room_14_name'. In most cases, entities should not set entity_id, but if they do, it should be a valid entity ID.. This will stop working in Home Assistant 2027.2.0, please create a bug report at https://github.com/Tasshack/dreame-vacuum/issues
2026-02-09 06:25:20.693 WARNING (MainThread) [homeassistant.helpers.frame] Detected that custom integration 'dreame_vacuum' sets an invalid entity ID: 'select.p50 pro ultra_room_15_suction_level'. In most cases, entities should not set entity_id, but if they do, it should be a valid entity ID.. This will stop working in Home Assistant 2027.2.0, please create a bug report at https://github.com/Tasshack/dreame-vacuum/issues
2026-02-09 06:25:20.694 WARNING (MainThread) [homeassistant.helpers.frame] Detected that custom integration 'dreame_vacuum' sets an invalid entity ID: 'select.p50 pro ultra_room_15_mop_pad_humidity'. In most cases, entities should not set entity_id, but if they do, it should be a valid entity ID.. This will stop working in Home Assistant 2027.2.0, please create a bug report at https://github.com/Tasshack/dreame-vacuum/issues
2026-02-09 06:25:20.694 WARNING (MainThread) [homeassistant.helpers.frame] Detected that custom integration 'dreame_vacuum' sets an invalid entity ID: 'select.p50 pro ultra_room_15_cleaning_mode'. In most cases, entities should not set entity_id, but if they do, it should be a valid entity ID.. This will stop working in Home Assistant 2027.2.0, please create a bug report at https://github.com/Tasshack/dreame-vacuum/issues
2026-02-09 06:25:20.695 WARNING (MainThread) [homeassistant.helpers.frame] Detected that custom integration 'dreame_vacuum' sets an invalid entity ID: 'select.p50 pro ultra_room_15_cleaning_times'. In most cases, entities should not set entity_id, but if they do, it should be a valid entity ID.. This will stop working in Home Assistant 2027.2.0, please create a bug report at https://github.com/Tasshack/dreame-vacuum/issues
2026-02-09 06:25:20.696 WARNING (MainThread) [homeassistant.helpers.frame] Detected that custom integration 'dreame_vacuum' sets an invalid entity ID: 'select.p50 pro ultra_room_15_cleaning_route'. In most cases, entities should not set entity_id, but if they do, it should be a valid entity ID.. This will stop working in Home Assistant 2027.2.0, please create a bug report at https://github.com/Tasshack/dreame-vacuum/issues
2026-02-09 06:25:20.698 WARNING (MainThread) [homeassistant.helpers.frame] Detected that custom integration 'dreame_vacuum' sets an invalid entity ID: 'select.p50 pro ultra_room_15_order'. In most cases, entities should not set entity_id, but if they do, it should be a valid entity ID.. This will stop working in Home Assistant 2027.2.0, please create a bug report at https://github.com/Tasshack/dreame-vacuum/issues
2026-02-09 06:25:20.698 WARNING (MainThread) [homeassistant.helpers.frame] Detected that custom integration 'dreame_vacuum' sets an invalid entity ID: 'select.p50 pro ultra_room_15_floor_material'. In most cases, entities should not set entity_id, but if they do, it should be a valid entity ID.. This will stop working in Home Assistant 2027.2.0, please create a bug report at https://github.com/Tasshack/dreame-vacuum/issues
2026-02-09 06:25:20.699 WARNING (MainThread) [homeassistant.helpers.frame] Detected that custom integration 'dreame_vacuum' sets an invalid entity ID: 'select.p50 pro ultra_room_15_floor_material_direction'. In most cases, entities should not set entity_id, but if they do, it should be a valid entity ID.. This will stop working in Home Assistant 2027.2.0, please create a bug report at https://github.com/Tasshack/dreame-vacuum/issues
2026-02-09 06:25:20.700 WARNING (MainThread) [homeassistant.helpers.frame] Detected that custom integration 'dreame_vacuum' sets an invalid entity ID: 'select.p50 pro ultra_room_15_visibility'. In most cases, entities should not set entity_id, but if they do, it should be a valid entity ID.. This will stop working in Home Assistant 2027.2.0, please create a bug report at https://github.com/Tasshack/dreame-vacuum/issues
2026-02-09 06:25:20.700 WARNING (MainThread) [homeassistant.helpers.frame] Detected that custom integration 'dreame_vacuum' sets an invalid entity ID: 'select.p50 pro ultra_room_15_name'. In most cases, entities should not set entity_id, but if they do, it should be a valid entity ID.. This will stop working in Home Assistant 2027.2.0, please create a bug report at https://github.com/Tasshack/dreame-vacuum/issues
2026-02-09 06:25:23.883 WARNING (MainThread) [homeassistant.helpers.frame] Detected that custom integration 'openwb2mqtt' sets an invalid entity ID: 'binary_sensor.openWB-counter-0-Fehler'. In most cases, entities should not set entity_id, but if they do, it should be a valid entity ID.. This will stop working in Home Assistant 2027.2.0, please create a bug report at https://github.com/a529987659852/openwb2mqtt/issues
2026-02-09 06:25:23.939 WARNING (MainThread) [homeassistant.helpers.frame] Detected that custom integration 'openwb2mqtt' sets an invalid entity ID: 'binary_sensor.openWB-pv-1-Fehler'. In most cases, entities should not set entity_id, but if they do, it should be a valid entity ID.. This will stop working in Home Assistant 2027.2.0, please create a bug report at https://github.com/a529987659852/openwb2mqtt/issues
2026-02-09 06:25:23.982 WARNING (MainThread) [homeassistant.helpers.frame] Detected that custom integration 'openwb2mqtt' sets an invalid entity ID: 'binary_sensor.openWB-pv-10-Fehler'. In most cases, entities should not set entity_id, but if they do, it should be a valid entity ID.. This will stop working in Home Assistant 2027.2.0, please create a bug report at https://github.com/a529987659852/openwb2mqtt/issues
2026-02-09 06:25:24.005 WARNING (MainThread) [homeassistant.helpers.frame] Detected that custom integration 'openwb2mqtt' sets an invalid entity ID: 'binary_sensor.openWB-bat-3-Fehler'. In most cases, entities should not set entity_id, but if they do, it should be a valid entity ID.. This will stop working in Home Assistant 2027.2.0, please create a bug report at https://github.com/a529987659852/openwb2mqtt/issues
2026-02-09 06:25:24.029 WARNING (MainThread) [homeassistant.helpers.frame] Detected that custom integration 'openwb2mqtt' sets an invalid entity ID: 'binary_sensor.openWB-vehicle-0-Fehler'. In most cases, entities should not set entity_id, but if they do, it should be a valid entity ID.. This will stop working in Home Assistant 2027.2.0, please create a bug report at https://github.com/a529987659852/openwb2mqtt/issues
2026-02-09 06:25:24.047 WARNING (MainThread) [homeassistant.helpers.frame] Detected that custom integration 'openwb2mqtt' sets an invalid entity ID: 'binary_sensor.openWB-chargepoint-4-Ladekabel'. In most cases, entities should not set entity_id, but if they do, it should be a valid entity ID.. This will stop working in Home Assistant 2027.2.0, please create a bug report at https://github.com/a529987659852/openwb2mqtt/issues
2026-02-09 06:25:24.049 WARNING (MainThread) [homeassistant.helpers.frame] Detected that custom integration 'openwb2mqtt' sets an invalid entity ID: 'binary_sensor.openWB-chargepoint-4-Autoladestatus'. In most cases, entities should not set entity_id, but if they do, it should be a valid entity ID.. This will stop working in Home Assistant 2027.2.0, please create a bug report at https://github.com/a529987659852/openwb2mqtt/issues
2026-02-09 06:25:24.051 WARNING (MainThread) [homeassistant.helpers.frame] Detected that custom integration 'openwb2mqtt' sets an invalid entity ID: 'binary_sensor.openWB-chargepoint-4-Fehler'. In most cases, entities should not set entity_id, but if they do, it should be a valid entity ID.. This will stop working in Home Assistant 2027.2.0, please create a bug report at https://github.com/a529987659852/openwb2mqtt/issues
2026-02-09 06:25:24.054 WARNING (MainThread) [homeassistant.helpers.frame] Detected that custom integration 'openwb2mqtt' sets an invalid entity ID: 'lock.openWB-chargepoint-4-Manuelle Sperre'. In most cases, entities should not set entity_id, but if they do, it should be a valid entity ID.. This will stop working in Home Assistant 2027.2.0, please create a bug report at https://github.com/a529987659852/openwb2mqtt/issues
2026-02-09 06:25:24.058 WARNING (MainThread) [homeassistant.helpers.frame] Detected that custom integration 'openwb2mqtt' sets an invalid entity ID: 'number.openWB-chargepoint-4-Aktueller SoC (Manuelles SoC Modul)'. In most cases, entities should not set entity_id, but if they do, it should be a valid entity ID.. This will stop working in Home Assistant 2027.2.0, please create a bug report at https://github.com/a529987659852/openwb2mqtt/issues
2026-02-09 06:25:24.060 WARNING (MainThread) [homeassistant.helpers.frame] Detected that custom integration 'openwb2mqtt' sets an invalid entity ID: 'number.openWB-chargepoint-4-Soll-Ladestrom (Sofortladen)'. In most cases, entities should not set entity_id, but if they do, it should be a valid entity ID.. This will stop working in Home Assistant 2027.2.0, please create a bug report at https://github.com/a529987659852/openwb2mqtt/issues
2026-02-09 06:25:24.062 WARNING (MainThread) [homeassistant.helpers.frame] Detected that custom integration 'openwb2mqtt' sets an invalid entity ID: 'number.openWB-chargepoint-4-Min. Dauerstrom (PV-Laden)'. In most cases, entities should not set entity_id, but if they do, it should be a valid entity ID.. This will stop working in Home Assistant 2027.2.0, please create a bug report at https://github.com/a529987659852/openwb2mqtt/issues
2026-02-09 06:25:24.063 WARNING (MainThread) [homeassistant.helpers.frame] Detected that custom integration 'openwb2mqtt' sets an invalid entity ID: 'number.openWB-chargepoint-4-Energie-Limit (Sofortladen)'. In most cases, entities should not set entity_id, but if they do, it should be a valid entity ID.. This will stop working in Home Assistant 2027.2.0, please create a bug report at https://github.com/a529987659852/openwb2mqtt/issues
2026-02-09 06:25:24.071 WARNING (MainThread) [homeassistant.helpers.frame] Detected that custom integration 'openwb2mqtt' sets an invalid entity ID: 'number.openWB-chargepoint-4-SoC-Limit (Sofortladen)'. In most cases, entities should not set entity_id, but if they do, it should be a valid entity ID.. This will stop working in Home Assistant 2027.2.0, please create a bug report at https://github.com/a529987659852/openwb2mqtt/issues
2026-02-09 06:25:24.073 WARNING (MainThread) [homeassistant.helpers.frame] Detected that custom integration 'openwb2mqtt' sets an invalid entity ID: 'number.openWB-chargepoint-4-Max. Preis (Strompreisbasiertes Laden)'. In most cases, entities should not set entity_id, but if they do, it should be a valid entity ID.. This will stop working in Home Assistant 2027.2.0, please create a bug report at https://github.com/a529987659852/openwb2mqtt/issues
2026-02-09 06:25:24.079 WARNING (MainThread) [homeassistant.helpers.frame] Detected that custom integration 'openwb2mqtt' sets an invalid entity ID: 'select.openWB-chargepoint-4-Lademodus'. In most cases, entities should not set entity_id, but if they do, it should be a valid entity ID.. This will stop working in Home Assistant 2027.2.0, please create a bug report at https://github.com/a529987659852/openwb2mqtt/issues
2026-02-09 06:25:24.086 WARNING (MainThread) [homeassistant.helpers.frame] Detected that custom integration 'openwb2mqtt' sets an invalid entity ID: 'select.openWB-chargepoint-4-Angeschlossenes Fahrzeug'. In most cases, entities should not set entity_id, but if they do, it should be a valid entity ID.. This will stop working in Home Assistant 2027.2.0, please create a bug report at https://github.com/a529987659852/openwb2mqtt/issues
2026-02-09 06:25:24.088 WARNING (MainThread) [homeassistant.helpers.frame] Detected that custom integration 'openwb2mqtt' sets an invalid entity ID: 'select.openWB-chargepoint-4-Begrenzung (Sofortladen)'. In most cases, entities should not set entity_id, but if they do, it should be a valid entity ID.. This will stop working in Home Assistant 2027.2.0, please create a bug report at https://github.com/a529987659852/openwb2mqtt/issues
2026-02-09 06:25:27.032 ERROR (MainThread) [homeassistant.components.mqtt.client] Exception in message_received when handling msg on 'openWB/vehicle/0/get/range': 'null'
Traceback (most recent call last):
  File "/usr/src/homeassistant/homeassistant/components/sensor/__init__.py", line 684, in state
    numerical_value = int(value)
ValueError: invalid literal for int() with base 10: 'null'

During handling of the above exception, another exception occurred:

Traceback (most recent call last):
  File "/usr/src/homeassistant/homeassistant/components/sensor/__init__.py", line 687, in state
    numerical_value = float(value)
ValueError: could not convert string to float: 'null'

The above exception was the direct cause of the following exception:

Traceback (most recent call last):
  File "/config/custom_components/openwb2mqtt/sensor.py", line 339, in message_received
    self.async_write_ha_state()
    ~~~~~~~~~~~~~~~~~~~~~~~~~^^
  File "/usr/src/homeassistant/homeassistant/helpers/entity.py", line 1018, in async_write_ha_state
    self._async_write_ha_state()
    ~~~~~~~~~~~~~~~~~~~~~~~~~~^^
  File "/usr/src/homeassistant/homeassistant/helpers/entity.py", line 1163, in _async_write_ha_state
    ) = self.__async_calculate_state()
        ~~~~~~~~~~~~~~~~~~~~~~~~~~~~^^
  File "/usr/src/homeassistant/homeassistant/helpers/entity.py", line 1070, in __async_calculate_state
    state = self._stringify_state(available)
  File "/usr/src/homeassistant/homeassistant/helpers/entity.py", line 1024, in _stringify_state
    if (state := self.state) is None:
                 ^^^^^^^^^^
  File "/usr/src/homeassistant/homeassistant/components/sensor/__init__.py", line 691, in state
    raise ValueError(
    ...<5 lines>...
    ) from err
ValueError: Sensor sensor.openwb_vehicle_0_reichweite has device class 'None', state class 'measurement' unit 'km' and suggested precision '0' thus indicating it has a numeric value; however, it has the non-numeric value: 'null' (<class 'str'>)

2026-02-09 06:25:33.089 ERROR (MainThread) [homeassistant.components.websocket_api.commands] Unable to get manifest for integration meross_lan: Integration 'meross_lan' not found.
2026-02-09 06:25:34.480 ERROR (MainThread) [homeassistant.components.websocket_api.commands] Unable to get manifest for integration meross_lan: Integration 'meross_lan' not found.
2026-02-09 06:25:34.958 ERROR (MainThread) [homeassistant.components.websocket_api.commands] Unable to get manifest for integration meross_lan: Integration 'meross_lan' not found.
2026-02-09 06:25:43.029 ERROR (MainThread) [aiohttp.server] Error handling request from 192.168.1.123
Traceback (most recent call last):
  File "/usr/local/lib/python3.13/site-packages/aiohttp/web_protocol.py", line 510, in _handle_request
    resp = await request_handler(request)
           ^^^^^^^^^^^^^^^^^^^^^^^^^^^^^^
  File "/usr/local/lib/python3.13/site-packages/aiohttp/web_app.py", line 569, in _handle
    return await handler(request)
           ^^^^^^^^^^^^^^^^^^^^^^
  File "/usr/local/lib/python3.13/site-packages/aiohttp/web_middlewares.py", line 117, in impl
    return await handler(request)
           ^^^^^^^^^^^^^^^^^^^^^^
  File "/usr/src/homeassistant/homeassistant/components/http/security_filter.py", line 92, in security_filter_middleware
    return await handler(request)
           ^^^^^^^^^^^^^^^^^^^^^^
  File "/usr/src/homeassistant/homeassistant/components/http/forwarded.py", line 87, in forwarded_middleware
    return await handler(request)
           ^^^^^^^^^^^^^^^^^^^^^^
  File "/usr/src/homeassistant/homeassistant/components/http/request_context.py", line 26, in request_context_middleware
    return await handler(request)
           ^^^^^^^^^^^^^^^^^^^^^^
  File "/usr/src/homeassistant/homeassistant/components/http/ban.py", line 86, in ban_middleware
    return await handler(request)
           ^^^^^^^^^^^^^^^^^^^^^^
  File "/usr/src/homeassistant/homeassistant/components/http/auth.py", line 242, in auth_middleware
    return await handler(request)
           ^^^^^^^^^^^^^^^^^^^^^^
  File "/usr/src/homeassistant/homeassistant/components/http/headers.py", line 41, in headers_middleware
    response = await handler(request)
               ^^^^^^^^^^^^^^^^^^^^^^
  File "/usr/src/homeassistant/homeassistant/helpers/http.py", line 73, in handle
    result = await handler(request, **request.match_info)
             ^^^^^^^^^^^^^^^^^^^^^^^^^^^^^^^^^^^^^^^^^^^^
  File "/usr/src/homeassistant/homeassistant/components/http/decorators.py", line 83, in with_admin
    return await func(self, request, *args, **kwargs)
           ^^^^^^^^^^^^^^^^^^^^^^^^^^^^^^^^^^^^^^^^^^
  File "/usr/src/homeassistant/homeassistant/components/config/config_entries.py", line 345, in post
    return await super().post(request, flow_id)
           ^^^^^^^^^^^^^^^^^^^^^^^^^^^^^^^^^^^^
  File "/usr/src/homeassistant/homeassistant/components/http/data_validator.py", line 74, in wrapper
    return await method(view, request, data, *args, **kwargs)
           ^^^^^^^^^^^^^^^^^^^^^^^^^^^^^^^^^^^^^^^^^^^^^^^^^^
  File "/usr/src/homeassistant/homeassistant/helpers/data_entry_flow.py", line 121, in post
    result = await self._flow_mgr.async_configure(flow_id, data)
             ^^^^^^^^^^^^^^^^^^^^^^^^^^^^^^^^^^^^^^^^^^^^^^^^^^^
  File "/usr/src/homeassistant/homeassistant/data_entry_flow.py", line 336, in async_configure
    result = await self._async_configure(flow_id, user_input)
             ^^^^^^^^^^^^^^^^^^^^^^^^^^^^^^^^^^^^^^^^^^^^^^^^
  File "/usr/src/homeassistant/homeassistant/data_entry_flow.py", line 383, in _async_configure
    result = await self._async_handle_step(
             ^^^^^^^^^^^^^^^^^^^^^^^^^^^^^^
        flow, cur_step["step_id"], user_input
        ^^^^^^^^^^^^^^^^^^^^^^^^^^^^^^^^^^^^^
    )
    ^
  File "/usr/src/homeassistant/homeassistant/data_entry_flow.py", line 483, in _async_handle_step
    result: _FlowResultT = await getattr(flow, method)(user_input)
                           ^^^^^^^^^^^^^^^^^^^^^^^^^^^^^^^^^^^^^^^
  File "/config/custom_components/ads_custom/config_flow.py", line 718, in async_step_reconfigure_binary_sensor
    await self.hass.config_entries.async_update_subentry(
        self.entry, subentry, data=MappingProxyType(new_data), title=new_title
    )
TypeError: object bool can't be used in 'await' expression
2026-02-09 06:25:46.489 DEBUG (Dummy-27) [custom_components.ads_custom.hub] Received notification 3909
2026-02-09 06:25:46.493 DEBUG (Dummy-27) [custom_components.ads_custom.entity] Variable .ParameterWetterstation.LuftTemperatur changed its value to 3
2026-02-09 06:25:49.149 ERROR (MainThread) [aiohttp.server] Error handling request from 192.168.1.123
Traceback (most recent call last):
  File "/usr/local/lib/python3.13/site-packages/aiohttp/web_protocol.py", line 510, in _handle_request
    resp = await request_handler(request)
           ^^^^^^^^^^^^^^^^^^^^^^^^^^^^^^
  File "/usr/local/lib/python3.13/site-packages/aiohttp/web_app.py", line 569, in _handle
    return await handler(request)
           ^^^^^^^^^^^^^^^^^^^^^^
  File "/usr/local/lib/python3.13/site-packages/aiohttp/web_middlewares.py", line 117, in impl
    return await handler(request)
           ^^^^^^^^^^^^^^^^^^^^^^
  File "/usr/src/homeassistant/homeassistant/components/http/security_filter.py", line 92, in security_filter_middleware
    return await handler(request)
           ^^^^^^^^^^^^^^^^^^^^^^
  File "/usr/src/homeassistant/homeassistant/components/http/forwarded.py", line 87, in forwarded_middleware
    return await handler(request)
           ^^^^^^^^^^^^^^^^^^^^^^
  File "/usr/src/homeassistant/homeassistant/components/http/request_context.py", line 26, in request_context_middleware
    return await handler(request)
           ^^^^^^^^^^^^^^^^^^^^^^
  File "/usr/src/homeassistant/homeassistant/components/http/ban.py", line 86, in ban_middleware
    return await handler(request)
           ^^^^^^^^^^^^^^^^^^^^^^
  File "/usr/src/homeassistant/homeassistant/components/http/auth.py", line 242, in auth_middleware
    return await handler(request)
           ^^^^^^^^^^^^^^^^^^^^^^
  File "/usr/src/homeassistant/homeassistant/components/http/headers.py", line 41, in headers_middleware
    response = await handler(request)
               ^^^^^^^^^^^^^^^^^^^^^^
  File "/usr/src/homeassistant/homeassistant/helpers/http.py", line 73, in handle
    result = await handler(request, **request.match_info)
             ^^^^^^^^^^^^^^^^^^^^^^^^^^^^^^^^^^^^^^^^^^^^
  File "/usr/src/homeassistant/homeassistant/components/http/decorators.py", line 83, in with_admin
    return await func(self, request, *args, **kwargs)
           ^^^^^^^^^^^^^^^^^^^^^^^^^^^^^^^^^^^^^^^^^^
  File "/usr/src/homeassistant/homeassistant/components/config/config_entries.py", line 345, in post
    return await super().post(request, flow_id)
           ^^^^^^^^^^^^^^^^^^^^^^^^^^^^^^^^^^^^
  File "/usr/src/homeassistant/homeassistant/components/http/data_validator.py", line 74, in wrapper
    return await method(view, request, data, *args, **kwargs)
           ^^^^^^^^^^^^^^^^^^^^^^^^^^^^^^^^^^^^^^^^^^^^^^^^^^
  File "/usr/src/homeassistant/homeassistant/helpers/data_entry_flow.py", line 121, in post
    result = await self._flow_mgr.async_configure(flow_id, data)
             ^^^^^^^^^^^^^^^^^^^^^^^^^^^^^^^^^^^^^^^^^^^^^^^^^^^
  File "/usr/src/homeassistant/homeassistant/data_entry_flow.py", line 336, in async_configure
    result = await self._async_configure(flow_id, user_input)
             ^^^^^^^^^^^^^^^^^^^^^^^^^^^^^^^^^^^^^^^^^^^^^^^^
  File "/usr/src/homeassistant/homeassistant/data_entry_flow.py", line 383, in _async_configure
    result = await self._async_handle_step(
             ^^^^^^^^^^^^^^^^^^^^^^^^^^^^^^
        flow, cur_step["step_id"], user_input
        ^^^^^^^^^^^^^^^^^^^^^^^^^^^^^^^^^^^^^
    )
    ^
  File "/usr/src/homeassistant/homeassistant/data_entry_flow.py", line 483, in _async_handle_step
    result: _FlowResultT = await getattr(flow, method)(user_input)
                           ^^^^^^^^^^^^^^^^^^^^^^^^^^^^^^^^^^^^^^^
  File "/config/custom_components/ads_custom/config_flow.py", line 718, in async_step_reconfigure_binary_sensor
    await self.hass.config_entries.async_update_subentry(
        self.entry, subentry, data=MappingProxyType(new_data), title=new_title
    )
TypeError: object bool can't be used in 'await' expression
2026-02-09 06:25:53.328 WARNING (MainThread) [homeassistant.helpers.template] Template variable warning: 'dict object' has no attribute 'cmi' when rendering '{{ value_json.cmi }}'
2026-02-09 06:25:54.586 ERROR (SyncWorker_5) [custom_components.alert2.util] Exception reported: {'domain': 'alert2', 'name': 'global_exception', 'message': 'An HA task (possibly unrelated to Alert2) died to due to an unhandled exception: &lt;class \'ValueError\'&gt;: Sensor sensor.openwb_vehicle_0_reichweite has device class \'None\', state class \'measurement\' unit \'km\' and suggested precision \'0\' thus indicating it has a numeric value; however, it has the non-numeric value: \'null\' (&lt;class \'str\'&gt;). full context: {\'message\': \'Task exception was never retrieved\', \'exception\': ValueError("Sensor sensor.openwb_vehicle_0_reichweite has device class \'None\', state class \'measurement\' unit \'km\' and suggested precision \'0\' thus indicating it has a numeric value; however, it has the non-numeric value: \'null\' (&lt;class \'str\'&gt;)"), \'future\': &lt;Task finished name=\'EntityPlatform poll sensor.openwb2mqtt\' exception=ValueError("Sensor sensor.openwb_vehicle_0_reichweite has device class \'None\', state class \'measurement\' unit \'km\' and suggested precision \'0\' thus indicating it has a numeric value; however, it has the non-numeric value: \'null\' (&lt;class \'str\'&gt;)")&gt;}'}
NoneType: None
2026-02-09 06:25:54.594 WARNING (MainThread) [custom_components.alert2.entities] Activity alert2.alert2_global_exception fired
2026-02-09 06:25:54.595 WARNING (MainThread) [custom_components.alert2.entities] Alert2 alert2_global_exception: An HA task (possibly unrelated to Alert2) died to due to an unhandled exception: &lt;class 'ValueError'&gt;: Sensor sensor.openwb_vehicle_0_reichweite has device class 'None', state class 'measurement' unit 'km' and suggested precision '0' thus indicating it has a numeric value; however, it has the non-numeric value: 'null' (&lt;class 'str'&gt;). full context: {'message': 'Task exception was never retrieved', 'exception': ValueError("Sensor sensor.openwb_vehicle_0_reichweite has device class 'None', state class 'measurement' unit 'km' and suggested precision '0' thus indicating it has a numeric value; however, it has the non-numeric value: 'null' (&lt;class 'str'&gt;)"), 'future': &lt;Task finished name='EntityPlatform poll sensor.openwb2mqtt' exception=ValueError("Sensor sensor.openwb_vehicle_0_reichweite has device class 'None', state class 'measurement' unit 'km' and suggested precision '0' thus indicating it has a numeric value; however, it has the non-numeric value: 'null' (&lt;class 'str'&gt;)")&gt;}
2026-02-09 06:25:54.596 WARNING (MainThread) [custom_components.alert2.entities]   alert2.alert2_global_exception skipping notify disabled: Alert2 alert2_global_exception: An HA task (possibly unrelated to Alert2) died to due to an unhandled exception: &lt;class 'ValueError'&gt;: Sensor sensor.openwb_vehicle_0_reichweite has device class 'None', state class 'measurement' unit 'km' and suggested precision '0' thus indicating it has a numeric value; however, it has the non-numeric value: 'null' (&lt;class 'str'&gt;). full context: {'message': 'Task exception was never retrieved', 'exception': ValueError("Sensor sensor.openwb_vehicle_0_reichweite has device class 'None', state class 'measurement' unit 'km' and suggested precision '0' thus indicating it has a numeric value; however, it has the non-numeric value: 'null' (&lt;class 'str'&gt;)"), 'future': &lt;Task finished name='EntityPlatform poll sensor.openwb2mqtt' exception=ValueError("Sensor sensor.openwb_vehicle_0_reichweite has device class 'None', state class 'measurement' unit 'km' and suggested precision '0' thus indicating it has a numeric value; however, it has the non-numeric value: 'null' (&lt;class 'str'&gt;)")&gt;}
2026-02-09 06:25:54.589 ERROR (SyncWorker_5) [homeassistant] Error doing job: Task exception was never retrieved (task: None)
Traceback (most recent call last):
  File "/usr/src/homeassistant/homeassistant/components/sensor/__init__.py", line 684, in state
    numerical_value = int(value)
ValueError: invalid literal for int() with base 10: 'null'

During handling of the above exception, another exception occurred:

Traceback (most recent call last):
  File "/usr/src/homeassistant/homeassistant/components/sensor/__init__.py", line 687, in state
    numerical_value = float(value)
ValueError: could not convert string to float: 'null'

The above exception was the direct cause of the following exception:

Traceback (most recent call last):
  File "/usr/src/homeassistant/homeassistant/helpers/entity_platform.py", line 1141, in _async_update_entity_states
    await asyncio.gather(*tasks)
  File "/usr/src/homeassistant/homeassistant/helpers/entity.py", line 973, in async_update_ha_state
    self._async_write_ha_state()
    ~~~~~~~~~~~~~~~~~~~~~~~~~~^^
  File "/usr/src/homeassistant/homeassistant/helpers/entity.py", line 1163, in _async_write_ha_state
    ) = self.__async_calculate_state()
        ~~~~~~~~~~~~~~~~~~~~~~~~~~~~^^
  File "/usr/src/homeassistant/homeassistant/helpers/entity.py", line 1070, in __async_calculate_state
    state = self._stringify_state(available)
  File "/usr/src/homeassistant/homeassistant/helpers/entity.py", line 1024, in _stringify_state
    if (state := self.state) is None:
                 ^^^^^^^^^^
  File "/usr/src/homeassistant/homeassistant/components/sensor/__init__.py", line 691, in state
    raise ValueError(
    ...<5 lines>...
    ) from err
ValueError: Sensor sensor.openwb_vehicle_0_reichweite has device class 'None', state class 'measurement' unit 'km' and suggested precision '0' thus indicating it has a numeric value; however, it has the non-numeric value: 'null' (<class 'str'>)
2026-02-09 06:25:58.288 ERROR (MainThread) [homeassistant.core] Error running job: <Job onetime listen homeassistant_start <function _async_at_core_state.<locals>._matched_event at 0x7f52a2e2a0> HassJobType.Callback <_OneTimeListener homeassistant.helpers.start:<function _async_at_core_state.<locals>._matched_event at 0x7f52a2e2a0>>>
Traceback (most recent call last):
  File "/usr/src/homeassistant/homeassistant/components/sensor/__init__.py", line 684, in state
    numerical_value = int(value)
ValueError: invalid literal for int() with base 10: 'unknown'

During handling of the above exception, another exception occurred:

Traceback (most recent call last):
  File "/usr/src/homeassistant/homeassistant/components/sensor/__init__.py", line 687, in state
    numerical_value = float(value)
ValueError: could not convert string to float: 'unknown'

The above exception was the direct cause of the following exception:

Traceback (most recent call last):
  File "/usr/src/homeassistant/homeassistant/core.py", line 1540, in async_fire_internal
    self._hass.async_run_hass_job(job, event)
    ~~~~~~~~~~~~~~~~~~~~~~~~~~~~~^^^^^^^^^^^^
  File "/usr/src/homeassistant/homeassistant/core.py", line 902, in async_run_hass_job
    hassjob.target(*args)
    ~~~~~~~~~~~~~~^^^^^^^
  File "/usr/src/homeassistant/homeassistant/core.py", line 1401, in __call__
    self.hass.async_run_hass_job(self.listener_job, event)
    ~~~~~~~~~~~~~~~~~~~~~~~~~~~~^^^^^^^^^^^^^^^^^^^^^^^^^^
  File "/usr/src/homeassistant/homeassistant/core.py", line 902, in async_run_hass_job
    hassjob.target(*args)
    ~~~~~~~~~~~~~~^^^^^^^
  File "/usr/src/homeassistant/homeassistant/helpers/start.py", line 44, in _matched_event
    hass.async_run_hass_job(at_start_job, hass)
    ~~~~~~~~~~~~~~~~~~~~~~~^^^^^^^^^^^^^^^^^^^^
  File "/usr/src/homeassistant/homeassistant/core.py", line 902, in async_run_hass_job
    hassjob.target(*args)
    ~~~~~~~~~~~~~~^^^^^^^
  File "/usr/src/homeassistant/homeassistant/components/template/template_entity.py", line 464, in _async_template_startup
    result_info.async_refresh()
    ~~~~~~~~~~~~~~~~~~~~~~~~~^^
  File "/usr/src/homeassistant/homeassistant/helpers/event.py", line 1133, in async_refresh
    self._refresh(None)
    ~~~~~~~~~~~~~^^^^^^
  File "/usr/src/homeassistant/homeassistant/helpers/event.py", line 1319, in _refresh
    self.hass.async_run_hass_job(self._job, event, updates)
    ~~~~~~~~~~~~~~~~~~~~~~~~~~~~^^^^^^^^^^^^^^^^^^^^^^^^^^^
  File "/usr/src/homeassistant/homeassistant/core.py", line 902, in async_run_hass_job
    hassjob.target(*args)
    ~~~~~~~~~~~~~~^^^^^^^
  File "/usr/src/homeassistant/homeassistant/components/template/template_entity.py", line 406, in _handle_results
    self.async_write_ha_state()
    ~~~~~~~~~~~~~~~~~~~~~~~~~^^
  File "/usr/src/homeassistant/homeassistant/helpers/entity.py", line 1018, in async_write_ha_state
    self._async_write_ha_state()
    ~~~~~~~~~~~~~~~~~~~~~~~~~~^^
  File "/usr/src/homeassistant/homeassistant/helpers/entity.py", line 1163, in _async_write_ha_state
    ) = self.__async_calculate_state()
        ~~~~~~~~~~~~~~~~~~~~~~~~~~~~^^
  File "/usr/src/homeassistant/homeassistant/helpers/entity.py", line 1070, in __async_calculate_state
    state = self._stringify_state(available)
  File "/usr/src/homeassistant/homeassistant/helpers/entity.py", line 1024, in _stringify_state
    if (state := self.state) is None:
                 ^^^^^^^^^^
  File "/usr/src/homeassistant/homeassistant/components/sensor/__init__.py", line 691, in state
    raise ValueError(
    ...<5 lines>...
    ) from err
ValueError: Sensor sensor.technische_ausgabetemperatur_warmwasser has device class 'temperature', state class 'measurement' unit 'C' and suggested precision 'None' thus indicating it has a numeric value; however, it has the non-numeric value: 'unknown' (<class 'str'>)